
     Program DOS v.7.2 starts on 10Jul2025 at 14:14:21 

     This program is part of the open-source Quantum ESPRESSO suite
     for quantum simulation of materials; please cite
         "P. Giannozzi et al., J. Phys.:Condens. Matter 21 395502 (2009);
         "P. Giannozzi et al., J. Phys.:Condens. Matter 29 465901 (2017);
         "P. Giannozzi et al., J. Chem. Phys. 152 154105 (2020);
          URL http://www.quantum-espresso.org", 
     in publications or presentations arising from this work. More details at
     http://www.quantum-espresso.org/quote

     Parallel version (MPI), running on    16 processors

     MPI processes distributed on     1 nodes
     R & G space division:  proc/nbgrp/npool/nimage =      16
     22343 MiB available memory on the printing compute node when the environment starts
 

     Reading xml data from directory:

     ./tmp/pwscf.save/
     file Co.rel-pbe-n-kjpaw_psl.1.0.0.UPF: wavefunction(s)  4S 3D 3D renormalized

     IMPORTANT: XC functional enforced from input :
     Exchange-correlation= PBE
                           (   1   4   3   4   0   0   0)
     Any further DFT definition will be discarded
     Please, verify this is what you really want

 
     Parallelization info
     --------------------
     sticks:   dense  smooth     PW     G-vecs:    dense   smooth      PW
     Min          21      21      6                 2055     2055     368
     Max          23      23      7                 2067     2067     391
     Sum         349     349    109                32989    32989    6083
 
     Using Slab Decomposition
 

     Check: negative core charge=   -0.000002

     negative rho (up, down):  1.615E-04 4.238E-02

     Tetrahedra used

 
     DOS          :   1m 6.51s CPU   1m 6.71s WALL

 
   This run was terminated on:  14:15:28  10Jul2025            

=------------------------------------------------------------------------------=
   JOB DONE.
=------------------------------------------------------------------------------=
