
     Program DOS v.7.2 starts on 24Jul2025 at 13:45:23 

     This program is part of the open-source Quantum ESPRESSO suite
     for quantum simulation of materials; please cite
         "P. Giannozzi et al., J. Phys.:Condens. Matter 21 395502 (2009);
         "P. Giannozzi et al., J. Phys.:Condens. Matter 29 465901 (2017);
         "P. Giannozzi et al., J. Chem. Phys. 152 154105 (2020);
          URL http://www.quantum-espresso.org", 
     in publications or presentations arising from this work. More details at
     http://www.quantum-espresso.org/quote

     Parallel version (MPI), running on    16 processors

     MPI processes distributed on     1 nodes
     R & G space division:  proc/nbgrp/npool/nimage =      16
     20830 MiB available memory on the printing compute node when the environment starts
 

     Reading xml data from directory:

     ./tmp/scf.save/
     file Mo.rel-pbe-spn-kjpaw_psl.1.0.0.UPF: wavefunction(s)  4S 4P 4D renormalized
     file S.rel-pbe-n-kjpaw_psl.1.0.0.UPF: wavefunction(s)  3S 3P 3P renormalized

     IMPORTANT: XC functional enforced from input :
     Exchange-correlation= PBE
                           (   1   4   3   4   0   0   0)
     Any further DFT definition will be discarded
     Please, verify this is what you really want

 
     Parallelization info
     --------------------
     sticks:   dense  smooth     PW     G-vecs:    dense   smooth      PW
     Min         108      42     12                21751     5486     866
     Max         110      43     13                21762     5513     891
     Sum        1735     685    199               348105    87947   14017
 
     Using Slab Decomposition
 

     negative rho (up, down):  9.154E-05 0.000E+00

     Tetrahedra used

 
     DOS          :     28.17s CPU     28.48s WALL

 
   This run was terminated on:  13:45:51  24Jul2025            

=------------------------------------------------------------------------------=
   JOB DONE.
=------------------------------------------------------------------------------=
