
     Program DOS v.7.2 starts on 25Jul2025 at  4:32:52 

     This program is part of the open-source Quantum ESPRESSO suite
     for quantum simulation of materials; please cite
         "P. Giannozzi et al., J. Phys.:Condens. Matter 21 395502 (2009);
         "P. Giannozzi et al., J. Phys.:Condens. Matter 29 465901 (2017);
         "P. Giannozzi et al., J. Chem. Phys. 152 154105 (2020);
          URL http://www.quantum-espresso.org", 
     in publications or presentations arising from this work. More details at
     http://www.quantum-espresso.org/quote

     Parallel version (MPI), running on    32 processors

     MPI processes distributed on     1 nodes
     R & G space division:  proc/nbgrp/npool/nimage =      32
     50609 MiB available memory on the printing compute node when the environment starts
 

     Reading xml data from directory:

     ./tmp/pwscf.save/
     file Mo.rel-pbe-spn-rrkjus_psl.1.0.0.UPF: wavefunction(s)  4S renormalized
     file Co.rel-pbe-n-rrkjus_psl.1.0.0.UPF: wavefunction(s)  3D renormalized

     IMPORTANT: XC functional enforced from input :
     Exchange-correlation= PBE
                           (   1   4   3   4   0   0   0)
     Any further DFT definition will be discarded
     Please, verify this is what you really want

 
     Parallelization info
     --------------------
     sticks:   dense  smooth     PW     G-vecs:    dense   smooth      PW
     Min          54      21      6                14295     3605     620
     Max          56      22      7                14310     3648     667
     Sum        1735     685    211               457675   115763   20511
 
     Using Slab Decomposition
 

     negative rho (up, down):  1.157E-04 0.000E+00

     Tetrahedra used

 
     DOS          :     49.14s CPU     50.74s WALL

 
   This run was terminated on:   4:33:42  25Jul2025            

=------------------------------------------------------------------------------=
   JOB DONE.
=------------------------------------------------------------------------------=
