
     Program BANDS v.7.2 starts on 24Jul2025 at 15:55: 4 

     This program is part of the open-source Quantum ESPRESSO suite
     for quantum simulation of materials; please cite
         "P. Giannozzi et al., J. Phys.:Condens. Matter 21 395502 (2009);
         "P. Giannozzi et al., J. Phys.:Condens. Matter 29 465901 (2017);
         "P. Giannozzi et al., J. Chem. Phys. 152 154105 (2020);
          URL http://www.quantum-espresso.org", 
     in publications or presentations arising from this work. More details at
     http://www.quantum-espresso.org/quote

     Parallel version (MPI), running on    16 processors

     MPI processes distributed on     1 nodes
     R & G space division:  proc/nbgrp/npool/nimage =      16
     13505 MiB available memory on the printing compute node when the environment starts
 

     Reading xml data from directory:

     ./tmp/scf.save/
     Message from routine  set_nelup_neldw :
     BEWARE: non-integer number of up and down electrons!
     file Co.pbe-n-kjpaw_psl.1.0.0.UPF: wavefunction(s)  4S 3D renormalized

     IMPORTANT: XC functional enforced from input :
     Exchange-correlation= PBE
                           (   1   4   3   4   0   0   0)
     Any further DFT definition will be discarded
     Please, verify this is what you really want

 
     Parallelization info
     --------------------
     sticks:   dense  smooth     PW     G-vecs:    dense   smooth      PW
     Min         108      42     12                28601     7220    1136
     Max         110      43     13                28616     7259    1171
     Sum        1735     685    199               457675   115763   18407
 
     Using Slab Decomposition
 

     negative rho (up, down):  8.007E-06 6.265E-06
     Reading collected, re-writing distributed wavefunctions
     high-symmetry point:  0.0000 0.0000 0.0000   x coordinate   0.0000
     high-symmetry point:  0.5000 0.2887 0.0000   x coordinate   0.5774
     high-symmetry point:  0.3333 0.5774 0.0000   x coordinate   0.9107
     high-symmetry point:  0.0000 0.0000 0.0000   x coordinate   1.5774

     Plottable bands (eV) written to file bands.dat.gnu
     Bands written to file bands.dat

 **************************************************************************

                    xk=(   0.00000,   0.00000,   0.00000  )

     point group C_1 (1)    
     there are  1 classes
     the character table:

       E    
A      1.00

     the symmetry operations in each class and the name of the first element:

     E        1
                                                                 

     Band symmetry, C_1 (1)     point group:

     e(  1 -  1) =     -7.24870  eV     1   --> A              
     e(  2 -  2) =     -5.88002  eV     1   --> A              
     e(  3 -  3) =     -5.50759  eV     1   --> A              
     e(  4 -  4) =     -5.47430  eV     1   --> A              
     e(  5 -  5) =     -4.68145  eV     1   --> A              
     e(  6 -  6) =     -4.68009  eV     1   --> A              
     e(  7 -  7) =     -2.14522  eV     1   --> A              
     e(  8 -  8) =      0.61067  eV     1   --> A              
     e(  9 -  9) =      1.00959  eV     1   --> A              

 **************************************************************************

 **************************************************************************

                    xk=(   0.01351,   0.00780,   0.00000  )

     Band symmetry, C_1 (1)     point group:

     e(  1 -  1) =     -7.24498  eV     1   --> A              
     e(  2 -  2) =     -5.87942  eV     1   --> A              
     e(  3 -  3) =     -5.50753  eV     1   --> A              
     e(  4 -  4) =     -5.47399  eV     1   --> A              
     e(  5 -  5) =     -4.68300  eV     1   --> A              
     e(  6 -  6) =     -4.68037  eV     1   --> A              
     e(  7 -  7) =     -2.14031  eV     1   --> A              
     e(  8 -  8) =      0.61425  eV     1   --> A              
     e(  9 -  9) =      1.01366  eV     1   --> A              

 **************************************************************************

 **************************************************************************

                    xk=(   0.02703,   0.01560,   0.00000  )

     Band symmetry, C_1 (1)     point group:

     e(  1 -  1) =     -7.23383  eV     1   --> A              
     e(  2 -  2) =     -5.87763  eV     1   --> A              
     e(  3 -  3) =     -5.50755  eV     1   --> A              
     e(  4 -  4) =     -5.47284  eV     1   --> A              
     e(  5 -  5) =     -4.68790  eV     1   --> A              
     e(  6 -  6) =     -4.68097  eV     1   --> A              
     e(  7 -  7) =     -2.12560  eV     1   --> A              
     e(  8 -  8) =      0.62502  eV     1   --> A              
     e(  9 -  9) =      1.02464  eV     1   --> A              

 **************************************************************************

 **************************************************************************

                    xk=(   0.04054,   0.02341,   0.00000  )

     Band symmetry, C_1 (1)     point group:

     e(  1 -  1) =     -7.21528  eV     1   --> A              
     e(  2 -  2) =     -5.87463  eV     1   --> A              
     e(  3 -  3) =     -5.50812  eV     1   --> A              
     e(  4 -  4) =     -5.47035  eV     1   --> A              
     e(  5 -  5) =     -4.69600  eV     1   --> A              
     e(  6 -  6) =     -4.68188  eV     1   --> A              
     e(  7 -  7) =     -2.10121  eV     1   --> A              
     e(  8 -  8) =      0.64295  eV     1   --> A              
     e(  9 -  9) =      1.04283  eV     1   --> A              

 **************************************************************************

 **************************************************************************

                    xk=(   0.05405,   0.03121,   0.00000  )

     Band symmetry, C_1 (1)     point group:

     e(  1 -  1) =     -7.18943  eV     1   --> A              
     e(  2 -  2) =     -5.87042  eV     1   --> A              
     e(  3 -  3) =     -5.50976  eV     1   --> A              
     e(  4 -  4) =     -5.46597  eV     1   --> A              
     e(  5 -  5) =     -4.70709  eV     1   --> A              
     e(  6 -  6) =     -4.68312  eV     1   --> A              
     e(  7 -  7) =     -2.06732  eV     1   --> A              
     e(  8 -  8) =      0.66806  eV     1   --> A              
     e(  9 -  9) =      1.06861  eV     1   --> A              

 **************************************************************************

 **************************************************************************

                    xk=(   0.06757,   0.03901,   0.00000  )

     Band symmetry, C_1 (1)     point group:

     e(  1 -  1) =     -7.15637  eV     1   --> A              
     e(  2 -  2) =     -5.86496  eV     1   --> A              
     e(  3 -  3) =     -5.51273  eV     1   --> A              
     e(  4 -  4) =     -5.45937  eV     1   --> A              
     e(  5 -  5) =     -4.72093  eV     1   --> A              
     e(  6 -  6) =     -4.68471  eV     1   --> A              
     e(  7 -  7) =     -2.02415  eV     1   --> A              
     e(  8 -  8) =      0.70035  eV     1   --> A              
     e(  9 -  9) =      1.10169  eV     1   --> A              

 **************************************************************************

 **************************************************************************

                    xk=(   0.08108,   0.04681,   0.00000  )

     Band symmetry, C_1 (1)     point group:

     e(  1 -  1) =     -7.11627  eV     1   --> A              
     e(  2 -  2) =     -5.85822  eV     1   --> A              
     e(  3 -  3) =     -5.51692  eV     1   --> A              
     e(  4 -  4) =     -5.45055  eV     1   --> A              
     e(  5 -  5) =     -4.73723  eV     1   --> A              
     e(  6 -  6) =     -4.68661  eV     1   --> A              
     e(  7 -  7) =     -1.97198  eV     1   --> A              
     e(  8 -  8) =      0.73982  eV     1   --> A              
     e(  9 -  9) =      1.14173  eV     1   --> A              

 **************************************************************************

 **************************************************************************

                    xk=(   0.09459,   0.05461,   0.00000  )

     Band symmetry, C_1 (1)     point group:

     e(  1 -  1) =     -7.06934  eV     1   --> A              
     e(  2 -  2) =     -5.85017  eV     1   --> A              
     e(  3 -  3) =     -5.52207  eV     1   --> A              
     e(  4 -  4) =     -5.43965  eV     1   --> A              
     e(  5 -  5) =     -4.75567  eV     1   --> A              
     e(  6 -  6) =     -4.68883  eV     1   --> A              
     e(  7 -  7) =     -1.91109  eV     1   --> A              
     e(  8 -  8) =      0.78648  eV     1   --> A              
     e(  9 -  9) =      1.18948  eV     1   --> A              

 **************************************************************************

 **************************************************************************

                    xk=(   0.10811,   0.06242,   0.00000  )

     Band symmetry, C_1 (1)     point group:

     e(  1 -  1) =     -7.01586  eV     1   --> A              
     e(  2 -  2) =     -5.84077  eV     1   --> A              
     e(  3 -  3) =     -5.52781  eV     1   --> A              
     e(  4 -  4) =     -5.42684  eV     1   --> A              
     e(  5 -  5) =     -4.77593  eV     1   --> A              
     e(  6 -  6) =     -4.69135  eV     1   --> A              
     e(  7 -  7) =     -1.84179  eV     1   --> A              
     e(  8 -  8) =      0.84032  eV     1   --> A              
     e(  9 -  9) =      1.24328  eV     1   --> A              

 **************************************************************************

 **************************************************************************

                    xk=(   0.12162,   0.07022,   0.00000  )

     Band symmetry, C_1 (1)     point group:

     e(  1 -  1) =     -6.95621  eV     1   --> A              
     e(  2 -  2) =     -5.82996  eV     1   --> A              
     e(  3 -  3) =     -5.53370  eV     1   --> A              
     e(  4 -  4) =     -5.41229  eV     1   --> A              
     e(  5 -  5) =     -4.79768  eV     1   --> A              
     e(  6 -  6) =     -4.69413  eV     1   --> A              
     e(  7 -  7) =     -1.76437  eV     1   --> A              
     e(  8 -  8) =      0.90136  eV     1   --> A              
     e(  9 -  9) =      1.30496  eV     1   --> A              

 **************************************************************************

 **************************************************************************

                    xk=(   0.13514,   0.07802,   0.00000  )

     Band symmetry, C_1 (1)     point group:

     e(  1 -  1) =     -6.89088  eV     1   --> A              
     e(  2 -  2) =     -5.81773  eV     1   --> A              
     e(  3 -  3) =     -5.53916  eV     1   --> A              
     e(  4 -  4) =     -5.39615  eV     1   --> A              
     e(  5 -  5) =     -4.82061  eV     1   --> A              
     e(  6 -  6) =     -4.69717  eV     1   --> A              
     e(  7 -  7) =     -1.67912  eV     1   --> A              
     e(  8 -  8) =      0.96958  eV     1   --> A              
     e(  9 -  9) =      1.37352  eV     1   --> A              

 **************************************************************************

 **************************************************************************

                    xk=(   0.14865,   0.08582,   0.00000  )

     Band symmetry, C_1 (1)     point group:

     e(  1 -  1) =     -6.82056  eV     1   --> A              
     e(  2 -  2) =     -5.80411  eV     1   --> A              
     e(  3 -  3) =     -5.54342  eV     1   --> A              
     e(  4 -  4) =     -5.37854  eV     1   --> A              
     e(  5 -  5) =     -4.84442  eV     1   --> A              
     e(  6 -  6) =     -4.70043  eV     1   --> A              
     e(  7 -  7) =     -1.58632  eV     1   --> A              
     e(  8 -  8) =      1.04501  eV     1   --> A              
     e(  9 -  9) =      1.44977  eV     1   --> A              

 **************************************************************************

 **************************************************************************

                    xk=(   0.16216,   0.09362,   0.00000  )

     Band symmetry, C_1 (1)     point group:

     e(  1 -  1) =     -6.74613  eV     1   --> A              
     e(  2 -  2) =     -5.78932  eV     1   --> A              
     e(  3 -  3) =     -5.54533  eV     1   --> A              
     e(  4 -  4) =     -5.35961  eV     1   --> A              
     e(  5 -  5) =     -4.86884  eV     1   --> A              
     e(  6 -  6) =     -4.70391  eV     1   --> A              
     e(  7 -  7) =     -1.48622  eV     1   --> A              
     e(  8 -  8) =      1.12764  eV     1   --> A              
     e(  9 -  9) =      1.53309  eV     1   --> A              

 **************************************************************************

 **************************************************************************

                    xk=(   0.17568,   0.10143,   0.00000  )

     Band symmetry, C_1 (1)     point group:

     e(  1 -  1) =     -6.66878  eV     1   --> A              
     e(  2 -  2) =     -5.77386  eV     1   --> A              
     e(  3 -  3) =     -5.54314  eV     1   --> A              
     e(  4 -  4) =     -5.33949  eV     1   --> A              
     e(  5 -  5) =     -4.89359  eV     1   --> A              
     e(  6 -  6) =     -4.70756  eV     1   --> A              
     e(  7 -  7) =     -1.37904  eV     1   --> A              
     e(  8 -  8) =      1.21747  eV     1   --> A              
     e(  9 -  9) =      1.62377  eV     1   --> A              

 **************************************************************************

 **************************************************************************

                    xk=(   0.18919,   0.10923,   0.00000  )

     Band symmetry, C_1 (1)     point group:

     e(  1 -  1) =     -6.59006  eV     1   --> A              
     e(  2 -  2) =     -5.75876  eV     1   --> A              
     e(  3 -  3) =     -5.53425  eV     1   --> A              
     e(  4 -  4) =     -5.31831  eV     1   --> A              
     e(  5 -  5) =     -4.91846  eV     1   --> A              
     e(  6 -  6) =     -4.71135  eV     1   --> A              
     e(  7 -  7) =     -1.26501  eV     1   --> A              
     e(  8 -  8) =      1.31450  eV     1   --> A              
     e(  9 -  9) =      1.72176  eV     1   --> A              

 **************************************************************************

 **************************************************************************

                    xk=(   0.20270,   0.11703,   0.00000  )

     Band symmetry, C_1 (1)     point group:

     e(  1 -  1) =     -6.51189  eV     1   --> A              
     e(  2 -  2) =     -5.74558  eV     1   --> A              
     e(  3 -  3) =     -5.51515  eV     1   --> A              
     e(  4 -  4) =     -5.29622  eV     1   --> A              
     e(  5 -  5) =     -4.94321  eV     1   --> A              
     e(  6 -  6) =     -4.71527  eV     1   --> A              
     e(  7 -  7) =     -1.14430  eV     1   --> A              
     e(  8 -  8) =      1.41873  eV     1   --> A              
     e(  9 -  9) =      1.82695  eV     1   --> A              

 **************************************************************************

 **************************************************************************

                    xk=(   0.21622,   0.12483,   0.00000  )

     Band symmetry, C_1 (1)     point group:

     e(  1 -  1) =     -6.43657  eV     1   --> A              
     e(  2 -  2) =     -5.73582  eV     1   --> A              
     e(  3 -  3) =     -5.48202  eV     1   --> A              
     e(  4 -  4) =     -5.27337  eV     1   --> A              
     e(  5 -  5) =     -4.96765  eV     1   --> A              
     e(  6 -  6) =     -4.71927  eV     1   --> A              
     e(  7 -  7) =     -1.01710  eV     1   --> A              
     e(  8 -  8) =      1.53014  eV     1   --> A              
     e(  9 -  9) =      1.93941  eV     1   --> A              

 **************************************************************************

 **************************************************************************

                    xk=(   0.22973,   0.13263,   0.00000  )

     Band symmetry, C_1 (1)     point group:

     e(  1 -  1) =     -6.36654  eV     1   --> A              
     e(  2 -  2) =     -5.73009  eV     1   --> A              
     e(  3 -  3) =     -5.43185  eV     1   --> A              
     e(  4 -  4) =     -5.24990  eV     1   --> A              
     e(  5 -  5) =     -4.99158  eV     1   --> A              
     e(  6 -  6) =     -4.72332  eV     1   --> A              
     e(  7 -  7) =     -0.88356  eV     1   --> A              
     e(  8 -  8) =      1.64873  eV     1   --> A              
     e(  9 -  9) =      2.05913  eV     1   --> A              

 **************************************************************************

 **************************************************************************

                    xk=(   0.24324,   0.14044,   0.00000  )

     Band symmetry, C_1 (1)     point group:

     e(  1 -  1) =     -6.30398  eV     1   --> A              
     e(  2 -  2) =     -5.72784  eV     1   --> A              
     e(  3 -  3) =     -5.36312  eV     1   --> A              
     e(  4 -  4) =     -5.22593  eV     1   --> A              
     e(  5 -  5) =     -5.01474  eV     1   --> A              
     e(  6 -  6) =     -4.72739  eV     1   --> A              
     e(  7 -  7) =     -0.74382  eV     1   --> A              
     e(  8 -  8) =      1.77446  eV     1   --> A              
     e(  9 -  9) =      2.18608  eV     1   --> A              

 **************************************************************************

 **************************************************************************

                    xk=(   0.25676,   0.14824,   0.00000  )

     Band symmetry, C_1 (1)     point group:

     e(  1 -  1) =     -6.25039  eV     1   --> A              
     e(  2 -  2) =     -5.72793  eV     1   --> A              
     e(  3 -  3) =     -5.27601  eV     1   --> A              
     e(  4 -  4) =     -5.20137  eV     1   --> A              
     e(  5 -  5) =     -5.03672  eV     1   --> A              
     e(  6 -  6) =     -4.73145  eV     1   --> A              
     e(  7 -  7) =     -0.59805  eV     1   --> A              
     e(  8 -  8) =      1.90726  eV     1   --> A              
     e(  9 -  9) =      2.32025  eV     1   --> A              

 **************************************************************************

 **************************************************************************

                    xk=(   0.27027,   0.15604,   0.00000  )

     Band symmetry, C_1 (1)     point group:

     e(  1 -  1) =     -6.20632  eV     1   --> A              
     e(  2 -  2) =     -5.72923  eV     1   --> A              
     e(  3 -  3) =     -5.18400  eV     1   --> A              
     e(  4 -  4) =     -5.16539  eV     1   --> A              
     e(  5 -  5) =     -5.05550  eV     1   --> A              
     e(  6 -  6) =     -4.73546  eV     1   --> A              
     e(  7 -  7) =     -0.44638  eV     1   --> A              
     e(  8 -  8) =      2.04700  eV     1   --> A              
     e(  9 -  9) =      2.46143  eV     1   --> A              

 **************************************************************************

 **************************************************************************

                    xk=(   0.28378,   0.16384,   0.00000  )

     Band symmetry, C_1 (1)     point group:

     e(  1 -  1) =     -6.17141  eV     1   --> A              
     e(  2 -  2) =     -5.73088  eV     1   --> A              
     e(  3 -  3) =     -5.15496  eV     1   --> A              
     e(  4 -  4) =     -5.09486  eV     1   --> A              
     e(  5 -  5) =     -5.02762  eV     1   --> A              
     e(  6 -  6) =     -4.73938  eV     1   --> A              
     e(  7 -  7) =     -0.28898  eV     1   --> A              
     e(  8 -  8) =      2.19336  eV     1   --> A              
     e(  9 -  9) =      2.60950  eV     1   --> A              

 **************************************************************************

 **************************************************************************

                    xk=(   0.29730,   0.17164,   0.00000  )

     Band symmetry, C_1 (1)     point group:

     e(  1 -  1) =     -6.14471  eV     1   --> A              
     e(  2 -  2) =     -5.73229  eV     1   --> A              
     e(  3 -  3) =     -5.13091  eV     1   --> A              
     e(  4 -  4) =     -5.10619  eV     1   --> A              
     e(  5 -  5) =     -4.89631  eV     1   --> A              
     e(  6 -  6) =     -4.74318  eV     1   --> A              
     e(  7 -  7) =     -0.12601  eV     1   --> A              
     e(  8 -  8) =      2.34554  eV     1   --> A              
     e(  9 -  9) =      2.76361  eV     1   --> A              

 **************************************************************************

 **************************************************************************

                    xk=(   0.31081,   0.17945,   0.00000  )

     Band symmetry, C_1 (1)     point group:

     e(  1 -  1) =     -6.12500  eV     1   --> A              
     e(  2 -  2) =     -5.73312  eV     1   --> A              
     e(  3 -  3) =     -5.12419  eV     1   --> A              
     e(  4 -  4) =     -5.10722  eV     1   --> A              
     e(  5 -  5) =     -4.74768  eV     1   --> A              
     e(  6 -  6) =     -4.74222  eV     1   --> A              
     e(  7 -  7) =      0.04233  eV     1   --> A              
     e(  8 -  8) =      2.50036  eV     1   --> A              
     e(  9 -  9) =      2.91837  eV     1   --> A              

 **************************************************************************

 **************************************************************************

                    xk=(   0.32432,   0.18725,   0.00000  )

     Band symmetry, C_1 (1)     point group:

     e(  1 -  1) =     -6.11104  eV     1   --> A              
     e(  2 -  2) =     -5.73321  eV     1   --> A              
     e(  3 -  3) =     -5.14154  eV     1   --> A              
     e(  4 -  4) =     -5.08468  eV     1   --> A              
     e(  5 -  5) =     -4.75035  eV     1   --> A              
     e(  6 -  6) =     -4.57592  eV     1   --> A              
     e(  7 -  7) =      0.21580  eV     1   --> A              
     e(  8 -  8) =      2.63057  eV     1   --> A              
     e(  9 -  9) =      2.91509  eV     1   --> A              

 **************************************************************************

 **************************************************************************

                    xk=(   0.33784,   0.19505,   0.00000  )

     Band symmetry, C_1 (1)     point group:

     e(  1 -  1) =     -6.10169  eV     1   --> A              
     e(  2 -  2) =     -5.73254  eV     1   --> A              
     e(  3 -  3) =     -5.15809  eV     1   --> A              
     e(  4 -  4) =     -5.06293  eV     1   --> A              
     e(  5 -  5) =     -4.75359  eV     1   --> A              
     e(  6 -  6) =     -4.39680  eV     1   --> A              
     e(  7 -  7) =      0.39409  eV     1   --> A              
     e(  8 -  8) =      2.46993  eV     1   --> A              
     e(  9 -  9) =      2.90179  eV     1   --> A              

 **************************************************************************

 **************************************************************************

                    xk=(   0.35135,   0.20285,   0.00000  )

     Band symmetry, C_1 (1)     point group:

     e(  1 -  1) =     -6.09594  eV     1   --> A              
     e(  2 -  2) =     -5.73119  eV     1   --> A              
     e(  3 -  3) =     -5.17356  eV     1   --> A              
     e(  4 -  4) =     -5.04221  eV     1   --> A              
     e(  5 -  5) =     -4.75657  eV     1   --> A              
     e(  6 -  6) =     -4.20679  eV     1   --> A              
     e(  7 -  7) =      0.57682  eV     1   --> A              
     e(  8 -  8) =      2.12779  eV     1   --> A              
     e(  9 -  9) =      3.06667  eV     1   --> A              

 **************************************************************************

 **************************************************************************

                    xk=(   0.36486,   0.21065,   0.00000  )

     Band symmetry, C_1 (1)     point group:

     e(  1 -  1) =     -6.09292  eV     1   --> A              
     e(  2 -  2) =     -5.72929  eV     1   --> A              
     e(  3 -  3) =     -5.18785  eV     1   --> A              
     e(  4 -  4) =     -5.02273  eV     1   --> A              
     e(  5 -  5) =     -4.75929  eV     1   --> A              
     e(  6 -  6) =     -4.00678  eV     1   --> A              
     e(  7 -  7) =      0.76348  eV     1   --> A              
     e(  8 -  8) =      1.77539  eV     1   --> A              
     e(  9 -  9) =      3.25312  eV     1   --> A              

 **************************************************************************

 **************************************************************************

                    xk=(   0.37838,   0.21846,   0.00000  )

     Band symmetry, C_1 (1)     point group:

     e(  1 -  1) =     -6.09192  eV     1   --> A              
     e(  2 -  2) =     -5.72700  eV     1   --> A              
     e(  3 -  3) =     -5.20087  eV     1   --> A              
     e(  4 -  4) =     -5.00464  eV     1   --> A              
     e(  5 -  5) =     -4.76170  eV     1   --> A              
     e(  6 -  6) =     -3.79746  eV     1   --> A              
     e(  7 -  7) =      0.95333  eV     1   --> A              
     e(  8 -  8) =      1.42586  eV     1   --> A              
     e(  9 -  9) =      3.44990  eV     1   --> A              

 **************************************************************************

 **************************************************************************

                    xk=(   0.39189,   0.22626,   0.00000  )

     Band symmetry, C_1 (1)     point group:

     e(  1 -  1) =     -6.09233  eV     1   --> A              
     e(  2 -  2) =     -5.72449  eV     1   --> A              
     e(  3 -  3) =     -5.21262  eV     1   --> A              
     e(  4 -  4) =     -4.98811  eV     1   --> A              
     e(  5 -  5) =     -4.76380  eV     1   --> A              
     e(  6 -  6) =     -3.57946  eV     1   --> A              
     e(  7 -  7) =      1.08114  eV     1   --> A              
     e(  8 -  8) =      1.14613  eV     1   --> A              
     e(  9 -  9) =      3.65512  eV     1   --> A              

 **************************************************************************

 **************************************************************************

                    xk=(   0.40541,   0.23406,   0.00000  )

     Band symmetry, C_1 (1)     point group:

     e(  1 -  1) =     -6.09366  eV     1   --> A              
     e(  2 -  2) =     -5.72193  eV     1   --> A              
     e(  3 -  3) =     -5.22303  eV     1   --> A              
     e(  4 -  4) =     -4.97326  eV     1   --> A              
     e(  5 -  5) =     -4.76556  eV     1   --> A              
     e(  6 -  6) =     -3.35339  eV     1   --> A              
     e(  7 -  7) =      0.74424  eV     1   --> A              
     e(  8 -  8) =      1.33859  eV     1   --> A              
     e(  9 -  9) =      3.86819  eV     1   --> A              

 **************************************************************************

 **************************************************************************

                    xk=(   0.41892,   0.24186,   0.00000  )

     Band symmetry, C_1 (1)     point group:

     e(  1 -  1) =     -6.09550  eV     1   --> A              
     e(  2 -  2) =     -5.71944  eV     1   --> A              
     e(  3 -  3) =     -5.23210  eV     1   --> A              
     e(  4 -  4) =     -4.96023  eV     1   --> A              
     e(  5 -  5) =     -4.76700  eV     1   --> A              
     e(  6 -  6) =     -3.11993  eV     1   --> A              
     e(  7 -  7) =      0.41433  eV     1   --> A              
     e(  8 -  8) =      1.53028  eV     1   --> A              
     e(  9 -  9) =      4.08887  eV     1   --> A              

 **************************************************************************

 **************************************************************************

                    xk=(   0.43243,   0.24967,   0.00000  )

     Band symmetry, C_1 (1)     point group:

     e(  1 -  1) =     -6.09754  eV     1   --> A              
     e(  2 -  2) =     -5.71714  eV     1   --> A              
     e(  3 -  3) =     -5.23980  eV     1   --> A              
     e(  4 -  4) =     -4.94910  eV     1   --> A              
     e(  5 -  5) =     -4.76812  eV     1   --> A              
     e(  6 -  6) =     -2.88002  eV     1   --> A              
     e(  7 -  7) =      0.09285  eV     1   --> A              
     e(  8 -  8) =      1.71759  eV     1   --> A              
     e(  9 -  9) =      4.31704  eV     1   --> A              

 **************************************************************************

 **************************************************************************

                    xk=(   0.44595,   0.25747,   0.00000  )

     Band symmetry, C_1 (1)     point group:

     e(  1 -  1) =     -6.09953  eV     1   --> A              
     e(  2 -  2) =     -5.71514  eV     1   --> A              
     e(  3 -  3) =     -5.24612  eV     1   --> A              
     e(  4 -  4) =     -4.93994  eV     1   --> A              
     e(  5 -  5) =     -4.76895  eV     1   --> A              
     e(  6 -  6) =     -2.63519  eV     1   --> A              
     e(  7 -  7) =     -0.21868  eV     1   --> A              
     e(  8 -  8) =      1.89563  eV     1   --> A              
     e(  9 -  9) =      4.55260  eV     1   --> A              

 **************************************************************************

 **************************************************************************

                    xk=(   0.45946,   0.26527,   0.00000  )

     Band symmetry, C_1 (1)     point group:

     e(  1 -  1) =     -6.10126  eV     1   --> A              
     e(  2 -  2) =     -5.71351  eV     1   --> A              
     e(  3 -  3) =     -5.25104  eV     1   --> A              
     e(  4 -  4) =     -4.93279  eV     1   --> A              
     e(  5 -  5) =     -4.76953  eV     1   --> A              
     e(  6 -  6) =     -2.38851  eV     1   --> A              
     e(  7 -  7) =     -0.51721  eV     1   --> A              
     e(  8 -  8) =      2.05689  eV     1   --> A              
     e(  9 -  9) =      4.51238  eV     1   --> A              

 **************************************************************************

 **************************************************************************

                    xk=(   0.47297,   0.27307,   0.00000  )

     Band symmetry, C_1 (1)     point group:

     e(  1 -  1) =     -6.10259  eV     1   --> A              
     e(  2 -  2) =     -5.71231  eV     1   --> A              
     e(  3 -  3) =     -5.25456  eV     1   --> A              
     e(  4 -  4) =     -4.92769  eV     1   --> A              
     e(  5 -  5) =     -4.76991  eV     1   --> A              
     e(  6 -  6) =     -2.14758  eV     1   --> A              
     e(  7 -  7) =     -0.79517  eV     1   --> A              
     e(  8 -  8) =      2.19010  eV     1   --> A              
     e(  9 -  9) =      4.37863  eV     1   --> A              

 **************************************************************************

 **************************************************************************

                    xk=(   0.48649,   0.28087,   0.00000  )

     Band symmetry, C_1 (1)     point group:

     e(  1 -  1) =     -6.10343  eV     1   --> A              
     e(  2 -  2) =     -5.71157  eV     1   --> A              
     e(  3 -  3) =     -5.25668  eV     1   --> A              
     e(  4 -  4) =     -4.92463  eV     1   --> A              
     e(  5 -  5) =     -4.77011  eV     1   --> A              
     e(  6 -  6) =     -1.93641  eV     1   --> A              
     e(  7 -  7) =     -1.02854  eV     1   --> A              
     e(  8 -  8) =      2.28030  eV     1   --> A              
     e(  9 -  9) =      4.28289  eV     1   --> A              

 **************************************************************************

 **************************************************************************

                    xk=(   0.50000,   0.28868,   0.00000  )

     Band symmetry, C_1 (1)     point group:

     e(  1 -  1) =     -6.10372  eV     1   --> A              
     e(  2 -  2) =     -5.71132  eV     1   --> A              
     e(  3 -  3) =     -5.25738  eV     1   --> A              
     e(  4 -  4) =     -4.92361  eV     1   --> A              
     e(  5 -  5) =     -4.77018  eV     1   --> A              
     e(  6 -  6) =     -1.83585  eV     1   --> A              
     e(  7 -  7) =     -1.13650  eV     1   --> A              
     e(  8 -  8) =      2.31258  eV     1   --> A              
     e(  9 -  9) =      4.24816  eV     1   --> A              

 **************************************************************************

 **************************************************************************

                    xk=(   0.49383,   0.29937,   0.00000  )

     Band symmetry, C_1 (1)     point group:

     e(  1 -  1) =     -6.10264  eV     1   --> A              
     e(  2 -  2) =     -5.71126  eV     1   --> A              
     e(  3 -  3) =     -5.25705  eV     1   --> A              
     e(  4 -  4) =     -4.92516  eV     1   --> A              
     e(  5 -  5) =     -4.77086  eV     1   --> A              
     e(  6 -  6) =     -1.83182  eV     1   --> A              
     e(  7 -  7) =     -1.13511  eV     1   --> A              
     e(  8 -  8) =      2.31506  eV     1   --> A              
     e(  9 -  9) =      4.25019  eV     1   --> A              

 **************************************************************************

 **************************************************************************

                    xk=(   0.48765,   0.31006,   0.00000  )

     Band symmetry, C_1 (1)     point group:

     e(  1 -  1) =     -6.09940  eV     1   --> A              
     e(  2 -  2) =     -5.71107  eV     1   --> A              
     e(  3 -  3) =     -5.25606  eV     1   --> A              
     e(  4 -  4) =     -4.92980  eV     1   --> A              
     e(  5 -  5) =     -4.77291  eV     1   --> A              
     e(  6 -  6) =     -1.81974  eV     1   --> A              
     e(  7 -  7) =     -1.13093  eV     1   --> A              
     e(  8 -  8) =      2.32250  eV     1   --> A              
     e(  9 -  9) =      4.25628  eV     1   --> A              

 **************************************************************************

 **************************************************************************

                    xk=(   0.48148,   0.32075,   0.00000  )

     Band symmetry, C_1 (1)     point group:

     e(  1 -  1) =     -6.09403  eV     1   --> A              
     e(  2 -  2) =     -5.71075  eV     1   --> A              
     e(  3 -  3) =     -5.25442  eV     1   --> A              
     e(  4 -  4) =     -4.93748  eV     1   --> A              
     e(  5 -  5) =     -4.77627  eV     1   --> A              
     e(  6 -  6) =     -1.79970  eV     1   --> A              
     e(  7 -  7) =     -1.12396  eV     1   --> A              
     e(  8 -  8) =      2.33486  eV     1   --> A              
     e(  9 -  9) =      4.26644  eV     1   --> A              

 **************************************************************************

 **************************************************************************

                    xk=(   0.47531,   0.33144,   0.00000  )

     Band symmetry, C_1 (1)     point group:

     e(  1 -  1) =     -6.08657  eV     1   --> A              
     e(  2 -  2) =     -5.71030  eV     1   --> A              
     e(  3 -  3) =     -5.25213  eV     1   --> A              
     e(  4 -  4) =     -4.94808  eV     1   --> A              
     e(  5 -  5) =     -4.78089  eV     1   --> A              
     e(  6 -  6) =     -1.77184  eV     1   --> A              
     e(  7 -  7) =     -1.11417  eV     1   --> A              
     e(  8 -  8) =      2.35212  eV     1   --> A              
     e(  9 -  9) =      4.28067  eV     1   --> A              

 **************************************************************************

 **************************************************************************

                    xk=(   0.46914,   0.34213,   0.00000  )

     Band symmetry, C_1 (1)     point group:

     e(  1 -  1) =     -6.07709  eV     1   --> A              
     e(  2 -  2) =     -5.70972  eV     1   --> A              
     e(  3 -  3) =     -5.24919  eV     1   --> A              
     e(  4 -  4) =     -4.96147  eV     1   --> A              
     e(  5 -  5) =     -4.78669  eV     1   --> A              
     e(  6 -  6) =     -1.73635  eV     1   --> A              
     e(  7 -  7) =     -1.10151  eV     1   --> A              
     e(  8 -  8) =      2.37424  eV     1   --> A              
     e(  9 -  9) =      4.29897  eV     1   --> A              

 **************************************************************************

 **************************************************************************

                    xk=(   0.46296,   0.35283,   0.00000  )

     Band symmetry, C_1 (1)     point group:

     e(  1 -  1) =     -6.06564  eV     1   --> A              
     e(  2 -  2) =     -5.70899  eV     1   --> A              
     e(  3 -  3) =     -5.24561  eV     1   --> A              
     e(  4 -  4) =     -4.97747  eV     1   --> A              
     e(  5 -  5) =     -4.79360  eV     1   --> A              
     e(  6 -  6) =     -1.69345  eV     1   --> A              
     e(  7 -  7) =     -1.08593  eV     1   --> A              
     e(  8 -  8) =      2.40114  eV     1   --> A              
     e(  9 -  9) =      4.32134  eV     1   --> A              

 **************************************************************************

 **************************************************************************

                    xk=(   0.45679,   0.36352,   0.00000  )

     Band symmetry, C_1 (1)     point group:

     e(  1 -  1) =     -6.05232  eV     1   --> A              
     e(  2 -  2) =     -5.70812  eV     1   --> A              
     e(  3 -  3) =     -5.24142  eV     1   --> A              
     e(  4 -  4) =     -4.99584  eV     1   --> A              
     e(  5 -  5) =     -4.80153  eV     1   --> A              
     e(  6 -  6) =     -1.64339  eV     1   --> A              
     e(  7 -  7) =     -1.06739  eV     1   --> A              
     e(  8 -  8) =      2.43275  eV     1   --> A              
     e(  9 -  9) =      4.34778  eV     1   --> A              

 **************************************************************************

 **************************************************************************

                    xk=(   0.45062,   0.37421,   0.00000  )

     Band symmetry, C_1 (1)     point group:

     e(  1 -  1) =     -6.03724  eV     1   --> A              
     e(  2 -  2) =     -5.70707  eV     1   --> A              
     e(  3 -  3) =     -5.23660  eV     1   --> A              
     e(  4 -  4) =     -5.01636  eV     1   --> A              
     e(  5 -  5) =     -4.81040  eV     1   --> A              
     e(  6 -  6) =     -1.58643  eV     1   --> A              
     e(  7 -  7) =     -1.04581  eV     1   --> A              
     e(  8 -  8) =      2.46897  eV     1   --> A              
     e(  9 -  9) =      4.37832  eV     1   --> A              

 **************************************************************************

 **************************************************************************

                    xk=(   0.44444,   0.38490,   0.00000  )

     Band symmetry, C_1 (1)     point group:

     e(  1 -  1) =     -6.02053  eV     1   --> A              
     e(  2 -  2) =     -5.70585  eV     1   --> A              
     e(  3 -  3) =     -5.23120  eV     1   --> A              
     e(  4 -  4) =     -5.03876  eV     1   --> A              
     e(  5 -  5) =     -4.82014  eV     1   --> A              
     e(  6 -  6) =     -1.52286  eV     1   --> A              
     e(  7 -  7) =     -1.02111  eV     1   --> A              
     e(  8 -  8) =      2.50970  eV     1   --> A              
     e(  9 -  9) =      4.41294  eV     1   --> A              

 **************************************************************************

 **************************************************************************

                    xk=(   0.43827,   0.39559,   0.00000  )

     Band symmetry, C_1 (1)     point group:

     e(  1 -  1) =     -6.00235  eV     1   --> A              
     e(  2 -  2) =     -5.70440  eV     1   --> A              
     e(  3 -  3) =     -5.22521  eV     1   --> A              
     e(  4 -  4) =     -5.06278  eV     1   --> A              
     e(  5 -  5) =     -4.83068  eV     1   --> A              
     e(  6 -  6) =     -1.45294  eV     1   --> A              
     e(  7 -  7) =     -0.99321  eV     1   --> A              
     e(  8 -  8) =      2.55479  eV     1   --> A              
     e(  9 -  9) =      4.45165  eV     1   --> A              

 **************************************************************************

 **************************************************************************

                    xk=(   0.43210,   0.40628,   0.00000  )

     Band symmetry, C_1 (1)     point group:

     e(  1 -  1) =     -5.98287  eV     1   --> A              
     e(  2 -  2) =     -5.70270  eV     1   --> A              
     e(  3 -  3) =     -5.21867  eV     1   --> A              
     e(  4 -  4) =     -5.08813  eV     1   --> A              
     e(  5 -  5) =     -4.84194  eV     1   --> A              
     e(  6 -  6) =     -1.37695  eV     1   --> A              
     e(  7 -  7) =     -0.96202  eV     1   --> A              
     e(  8 -  8) =      2.60410  eV     1   --> A              
     e(  9 -  9) =      4.49445  eV     1   --> A              

 **************************************************************************

 **************************************************************************

                    xk=(   0.42593,   0.41698,   0.00000  )

     Band symmetry, C_1 (1)     point group:

     e(  1 -  1) =     -5.96230  eV     1   --> A              
     e(  2 -  2) =     -5.70069  eV     1   --> A              
     e(  3 -  3) =     -5.21159  eV     1   --> A              
     e(  4 -  4) =     -5.11455  eV     1   --> A              
     e(  5 -  5) =     -4.85385  eV     1   --> A              
     e(  6 -  6) =     -1.29515  eV     1   --> A              
     e(  7 -  7) =     -0.92743  eV     1   --> A              
     e(  8 -  8) =      2.65744  eV     1   --> A              
     e(  9 -  9) =      4.54103  eV     1   --> A              

 **************************************************************************

 **************************************************************************

                    xk=(   0.41975,   0.42767,   0.00000  )

     Band symmetry, C_1 (1)     point group:

     e(  1 -  1) =     -5.94090  eV     1   --> A              
     e(  2 -  2) =     -5.69826  eV     1   --> A              
     e(  3 -  3) =     -5.20400  eV     1   --> A              
     e(  4 -  4) =     -5.14177  eV     1   --> A              
     e(  5 -  5) =     -4.86633  eV     1   --> A              
     e(  6 -  6) =     -1.20779  eV     1   --> A              
     e(  7 -  7) =     -0.88933  eV     1   --> A              
     e(  8 -  8) =      2.71459  eV     1   --> A              
     e(  9 -  9) =      4.29902  eV     1   --> A              

 **************************************************************************

 **************************************************************************

                    xk=(   0.41358,   0.43836,   0.00000  )

     Band symmetry, C_1 (1)     point group:

     e(  1 -  1) =     -5.91894  eV     1   --> A              
     e(  2 -  2) =     -5.69529  eV     1   --> A              
     e(  3 -  3) =     -5.19602  eV     1   --> A              
     e(  4 -  4) =     -5.16946  eV     1   --> A              
     e(  5 -  5) =     -4.87931  eV     1   --> A              
     e(  6 -  6) =     -1.11509  eV     1   --> A              
     e(  7 -  7) =     -0.84762  eV     1   --> A              
     e(  8 -  8) =      2.77531  eV     1   --> A              
     e(  9 -  9) =      3.99994  eV     1   --> A              

 **************************************************************************

 **************************************************************************

                    xk=(   0.40741,   0.44905,   0.00000  )

     Band symmetry, C_1 (1)     point group:

     e(  1 -  1) =     -5.89682  eV     1   --> A              
     e(  2 -  2) =     -5.69161  eV     1   --> A              
     e(  3 -  3) =     -5.19853  eV     1   --> A              
     e(  4 -  4) =     -5.18656  eV     1   --> A              
     e(  5 -  5) =     -4.89271  eV     1   --> A              
     e(  6 -  6) =     -1.01728  eV     1   --> A              
     e(  7 -  7) =     -0.80219  eV     1   --> A              
     e(  8 -  8) =      2.83928  eV     1   --> A              
     e(  9 -  9) =      3.70264  eV     1   --> A              

 **************************************************************************

 **************************************************************************

                    xk=(   0.40123,   0.45974,   0.00000  )

     Band symmetry, C_1 (1)     point group:

     e(  1 -  1) =     -5.87495  eV     1   --> A              
     e(  2 -  2) =     -5.68696  eV     1   --> A              
     e(  3 -  3) =     -5.22643  eV     1   --> A              
     e(  4 -  4) =     -5.17796  eV     1   --> A              
     e(  5 -  5) =     -4.90646  eV     1   --> A              
     e(  6 -  6) =     -0.91454  eV     1   --> A              
     e(  7 -  7) =     -0.75292  eV     1   --> A              
     e(  8 -  8) =      2.90614  eV     1   --> A              
     e(  9 -  9) =      3.40761  eV     1   --> A              

 **************************************************************************

 **************************************************************************

                    xk=(   0.39506,   0.47043,   0.00000  )

     Band symmetry, C_1 (1)     point group:

     e(  1 -  1) =     -5.85387  eV     1   --> A              
     e(  2 -  2) =     -5.68100  eV     1   --> A              
     e(  3 -  3) =     -5.25471  eV     1   --> A              
     e(  4 -  4) =     -5.16854  eV     1   --> A              
     e(  5 -  5) =     -4.92046  eV     1   --> A              
     e(  6 -  6) =     -0.80706  eV     1   --> A              
     e(  7 -  7) =     -0.69971  eV     1   --> A              
     e(  8 -  8) =      2.97542  eV     1   --> A              
     e(  9 -  9) =      3.11527  eV     1   --> A              

 **************************************************************************

 **************************************************************************

                    xk=(   0.38889,   0.48113,   0.00000  )

     Band symmetry, C_1 (1)     point group:

     e(  1 -  1) =     -5.83420  eV     1   --> A              
     e(  2 -  2) =     -5.67332  eV     1   --> A              
     e(  3 -  3) =     -5.28281  eV     1   --> A              
     e(  4 -  4) =     -5.15868  eV     1   --> A              
     e(  5 -  5) =     -4.93466  eV     1   --> A              
     e(  6 -  6) =     -0.69501  eV     1   --> A              
     e(  7 -  7) =     -0.64248  eV     1   --> A              
     e(  8 -  8) =      2.82594  eV     1   --> A              
     e(  9 -  9) =      3.04657  eV     1   --> A              

 **************************************************************************

 **************************************************************************

                    xk=(   0.38272,   0.49182,   0.00000  )

     Band symmetry, C_1 (1)     point group:

     e(  1 -  1) =     -5.81660  eV     1   --> A              
     e(  2 -  2) =     -5.66346  eV     1   --> A              
     e(  3 -  3) =     -5.31057  eV     1   --> A              
     e(  4 -  4) =     -5.14844  eV     1   --> A              
     e(  5 -  5) =     -4.94895  eV     1   --> A              
     e(  6 -  6) =     -0.58155  eV     1   --> A              
     e(  7 -  7) =     -0.57814  eV     1   --> A              
     e(  8 -  8) =      2.53995  eV     1   --> A              
     e(  9 -  9) =      3.11887  eV     1   --> A              

 **************************************************************************

 **************************************************************************

                    xk=(   0.37654,   0.50251,   0.00000  )

     Band symmetry, C_1 (1)     point group:

     e(  1 -  1) =     -5.80162  eV     1   --> A              
     e(  2 -  2) =     -5.65108  eV     1   --> A              
     e(  3 -  3) =     -5.33783  eV     1   --> A              
     e(  4 -  4) =     -5.13785  eV     1   --> A              
     e(  5 -  5) =     -4.96328  eV     1   --> A              
     e(  6 -  6) =     -0.51583  eV     1   --> A              
     e(  7 -  7) =     -0.45766  eV     1   --> A              
     e(  8 -  8) =      2.25764  eV     1   --> A              
     e(  9 -  9) =      3.19141  eV     1   --> A              

 **************************************************************************

 **************************************************************************

                    xk=(   0.37037,   0.51320,   0.00000  )

     Band symmetry, C_1 (1)     point group:

     e(  1 -  1) =     -5.78953  eV     1   --> A              
     e(  2 -  2) =     -5.63611  eV     1   --> A              
     e(  3 -  3) =     -5.36446  eV     1   --> A              
     e(  4 -  4) =     -5.12695  eV     1   --> A              
     e(  5 -  5) =     -4.97755  eV     1   --> A              
     e(  6 -  6) =     -0.44640  eV     1   --> A              
     e(  7 -  7) =     -0.33266  eV     1   --> A              
     e(  8 -  8) =      1.97938  eV     1   --> A              
     e(  9 -  9) =      3.26298  eV     1   --> A              

 **************************************************************************

 **************************************************************************

                    xk=(   0.36420,   0.52389,   0.00000  )

     Band symmetry, C_1 (1)     point group:

     e(  1 -  1) =     -5.78029  eV     1   --> A              
     e(  2 -  2) =     -5.61881  eV     1   --> A              
     e(  3 -  3) =     -5.39035  eV     1   --> A              
     e(  4 -  4) =     -5.11577  eV     1   --> A              
     e(  5 -  5) =     -4.99169  eV     1   --> A              
     e(  6 -  6) =     -0.37318  eV     1   --> A              
     e(  7 -  7) =     -0.20357  eV     1   --> A              
     e(  8 -  8) =      1.70569  eV     1   --> A              
     e(  9 -  9) =      3.33203  eV     1   --> A              

 **************************************************************************

 **************************************************************************

                    xk=(   0.35802,   0.53458,   0.00000  )

     Band symmetry, C_1 (1)     point group:

     e(  1 -  1) =     -5.77357  eV     1   --> A              
     e(  2 -  2) =     -5.59975  eV     1   --> A              
     e(  3 -  3) =     -5.41535  eV     1   --> A              
     e(  4 -  4) =     -5.10434  eV     1   --> A              
     e(  5 -  5) =     -5.00563  eV     1   --> A              
     e(  6 -  6) =     -0.29669  eV     1   --> A              
     e(  7 -  7) =     -0.07049  eV     1   --> A              
     e(  8 -  8) =      1.43736  eV     1   --> A              
     e(  9 -  9) =      3.39651  eV     1   --> A              

 **************************************************************************

 **************************************************************************

                    xk=(   0.35185,   0.54528,   0.00000  )

     Band symmetry, C_1 (1)     point group:

     e(  1 -  1) =     -5.76894  eV     1   --> A              
     e(  2 -  2) =     -5.57962  eV     1   --> A              
     e(  3 -  3) =     -5.43931  eV     1   --> A              
     e(  4 -  4) =     -5.09269  eV     1   --> A              
     e(  5 -  5) =     -5.01930  eV     1   --> A              
     e(  6 -  6) =     -0.21810  eV     1   --> A              
     e(  7 -  7) =      0.06652  eV     1   --> A              
     e(  8 -  8) =      1.17581  eV     1   --> A              
     e(  9 -  9) =      3.45370  eV     1   --> A              

 **************************************************************************

 **************************************************************************

                    xk=(   0.34568,   0.55597,   0.00000  )

     Band symmetry, C_1 (1)     point group:

     e(  1 -  1) =     -5.76600  eV     1   --> A              
     e(  2 -  2) =     -5.55921  eV     1   --> A              
     e(  3 -  3) =     -5.46195  eV     1   --> A              
     e(  4 -  4) =     -5.08086  eV     1   --> A              
     e(  5 -  5) =     -5.03261  eV     1   --> A              
     e(  6 -  6) =     -0.14030  eV     1   --> A              
     e(  7 -  7) =      0.20738  eV     1   --> A              
     e(  8 -  8) =      0.92414  eV     1   --> A              
     e(  9 -  9) =      3.50014  eV     1   --> A              

 **************************************************************************

 **************************************************************************

                    xk=(   0.33951,   0.56666,   0.00000  )

     Band symmetry, C_1 (1)     point group:

     e(  1 -  1) =     -5.76440  eV     1   --> A              
     e(  2 -  2) =     -5.53982  eV     1   --> A              
     e(  3 -  3) =     -5.48243  eV     1   --> A              
     e(  4 -  4) =     -5.06888  eV     1   --> A              
     e(  5 -  5) =     -5.04551  eV     1   --> A              
     e(  6 -  6) =     -0.07121  eV     1   --> A              
     e(  7 -  7) =      0.35201  eV     1   --> A              
     e(  8 -  8) =      0.69052  eV     1   --> A              
     e(  9 -  9) =      3.53153  eV     1   --> A              

 **************************************************************************

 **************************************************************************

                    xk=(   0.33333,   0.57735,   0.00000  )

     Band symmetry, C_1 (1)     point group:

     e(  1 -  1) =     -5.76389  eV     1   --> A              
     e(  2 -  2) =     -5.52680  eV     1   --> A              
     e(  3 -  3) =     -5.49576  eV     1   --> A              
     e(  4 -  4) =     -5.05799  eV     1   --> A              
     e(  5 -  5) =     -5.05673  eV     1   --> A              
     e(  6 -  6) =     -0.03612  eV     1   --> A              
     e(  7 -  7) =      0.49812  eV     1   --> A              
     e(  8 -  8) =      0.50266  eV     1   --> A              
     e(  9 -  9) =      3.54306  eV     1   --> A              

 **************************************************************************

 **************************************************************************

                    xk=(   0.32381,   0.56085,   0.00000  )

     Band symmetry, C_1 (1)     point group:

     e(  1 -  1) =     -5.76497  eV     1   --> A              
     e(  2 -  2) =     -5.53296  eV     1   --> A              
     e(  3 -  3) =     -5.48912  eV     1   --> A              
     e(  4 -  4) =     -5.07545  eV     1   --> A              
     e(  5 -  5) =     -5.03851  eV     1   --> A              
     e(  6 -  6) =     -0.17603  eV     1   --> A              
     e(  7 -  7) =      0.41818  eV     1   --> A              
     e(  8 -  8) =      0.73850  eV     1   --> A              
     e(  9 -  9) =      3.51156  eV     1   --> A              

 **************************************************************************

 **************************************************************************

                    xk=(   0.31429,   0.54436,   0.00000  )

     Band symmetry, C_1 (1)     point group:

     e(  1 -  1) =     -5.76785  eV     1   --> A              
     e(  2 -  2) =     -5.55935  eV     1   --> A              
     e(  3 -  3) =     -5.46183  eV     1   --> A              
     e(  4 -  4) =     -5.09207  eV     1   --> A              
     e(  5 -  5) =     -5.01951  eV     1   --> A              
     e(  6 -  6) =     -0.49230  eV     1   --> A              
     e(  7 -  7) =      0.53790  eV     1   --> A              
     e(  8 -  8) =      0.98327  eV     1   --> A              
     e(  9 -  9) =      3.41278  eV     1   --> A              

 **************************************************************************

 **************************************************************************

                    xk=(   0.30476,   0.52786,   0.00000  )

     Band symmetry, C_1 (1)     point group:

     e(  1 -  1) =     -5.77230  eV     1   --> A              
     e(  2 -  2) =     -5.58402  eV     1   --> A              
     e(  3 -  3) =     -5.43643  eV     1   --> A              
     e(  4 -  4) =     -5.10697  eV     1   --> A              
     e(  5 -  5) =     -5.00050  eV     1   --> A              
     e(  6 -  6) =     -0.84173  eV     1   --> A              
     e(  7 -  7) =      0.71483  eV     1   --> A              
     e(  8 -  8) =      1.23655  eV     1   --> A              
     e(  9 -  9) =      3.25191  eV     1   --> A              

 **************************************************************************

 **************************************************************************

                    xk=(   0.29524,   0.51137,   0.00000  )

     Band symmetry, C_1 (1)     point group:

     e(  1 -  1) =     -5.77819  eV     1   --> A              
     e(  2 -  2) =     -5.60601  eV     1   --> A              
     e(  3 -  3) =     -5.41431  eV     1   --> A              
     e(  4 -  4) =     -5.12000  eV     1   --> A              
     e(  5 -  5) =     -4.98161  eV     1   --> A              
     e(  6 -  6) =     -1.19219  eV     1   --> A              
     e(  7 -  7) =      0.91724  eV     1   --> A              
     e(  8 -  8) =      1.49826  eV     1   --> A              
     e(  9 -  9) =      3.04462  eV     1   --> A              

 **************************************************************************

 **************************************************************************

                    xk=(   0.28571,   0.49487,   0.00000  )

     Band symmetry, C_1 (1)     point group:

     e(  1 -  1) =     -5.78547  eV     1   --> A              
     e(  2 -  2) =     -5.62516  eV     1   --> A              
     e(  3 -  3) =     -5.39592  eV     1   --> A              
     e(  4 -  4) =     -5.13097  eV     1   --> A              
     e(  5 -  5) =     -4.96293  eV     1   --> A              
     e(  6 -  6) =     -1.53633  eV     1   --> A              
     e(  7 -  7) =      1.13808  eV     1   --> A              
     e(  8 -  8) =      1.76830  eV     1   --> A              
     e(  9 -  9) =      2.80770  eV     1   --> A              

 **************************************************************************

 **************************************************************************

                    xk=(   0.27619,   0.47838,   0.00000  )

     Band symmetry, C_1 (1)     point group:

     e(  1 -  1) =     -5.79415  eV     1   --> A              
     e(  2 -  2) =     -5.64144  eV     1   --> A              
     e(  3 -  3) =     -5.38153  eV     1   --> A              
     e(  4 -  4) =     -5.13977  eV     1   --> A              
     e(  5 -  5) =     -4.94456  eV     1   --> A              
     e(  6 -  6) =     -1.87157  eV     1   --> A              
     e(  7 -  7) =      1.37499  eV     1   --> A              
     e(  8 -  8) =      2.04663  eV     1   --> A              
     e(  9 -  9) =      2.55411  eV     1   --> A              

 **************************************************************************

 **************************************************************************

                    xk=(   0.26667,   0.46188,   0.00000  )

     Band symmetry, C_1 (1)     point group:

     e(  1 -  1) =     -5.80428  eV     1   --> A              
     e(  2 -  2) =     -5.65488  eV     1   --> A              
     e(  3 -  3) =     -5.37131  eV     1   --> A              
     e(  4 -  4) =     -5.14629  eV     1   --> A              
     e(  5 -  5) =     -4.92657  eV     1   --> A              
     e(  6 -  6) =     -2.19662  eV     1   --> A              
     e(  7 -  7) =      1.62684  eV     1   --> A              
     e(  8 -  8) =      2.29153  eV     1   --> A              
     e(  9 -  9) =      2.33419  eV     1   --> A              

 **************************************************************************

 **************************************************************************

                    xk=(   0.25714,   0.44538,   0.00000  )

     Band symmetry, C_1 (1)     point group:

     e(  1 -  1) =     -5.81594  eV     1   --> A              
     e(  2 -  2) =     -5.66550  eV     1   --> A              
     e(  3 -  3) =     -5.36533  eV     1   --> A              
     e(  4 -  4) =     -5.15045  eV     1   --> A              
     e(  5 -  5) =     -4.90903  eV     1   --> A              
     e(  6 -  6) =     -2.51066  eV     1   --> A              
     e(  7 -  7) =      1.89281  eV     1   --> A              
     e(  8 -  8) =      2.02829  eV     1   --> A              
     e(  9 -  9) =      2.62824  eV     1   --> A              

 **************************************************************************

 **************************************************************************

                    xk=(   0.24762,   0.42889,   0.00000  )

     Band symmetry, C_1 (1)     point group:

     e(  1 -  1) =     -5.82926  eV     1   --> A              
     e(  2 -  2) =     -5.67341  eV     1   --> A              
     e(  3 -  3) =     -5.36363  eV     1   --> A              
     e(  4 -  4) =     -5.15216  eV     1   --> A              
     e(  5 -  5) =     -4.89201  eV     1   --> A              
     e(  6 -  6) =     -2.81301  eV     1   --> A              
     e(  7 -  7) =      1.76543  eV     1   --> A              
     e(  8 -  8) =      2.17214  eV     1   --> A              
     e(  9 -  9) =      2.93128  eV     1   --> A              

 **************************************************************************

 **************************************************************************

                    xk=(   0.23810,   0.41239,   0.00000  )

     Band symmetry, C_1 (1)     point group:

     e(  1 -  1) =     -5.84443  eV     1   --> A              
     e(  2 -  2) =     -5.67868  eV     1   --> A              
     e(  3 -  3) =     -5.36624  eV     1   --> A              
     e(  4 -  4) =     -5.15139  eV     1   --> A              
     e(  5 -  5) =     -4.87557  eV     1   --> A              
     e(  6 -  6) =     -3.10298  eV     1   --> A              
     e(  7 -  7) =      1.50612  eV     1   --> A              
     e(  8 -  8) =      2.46350  eV     1   --> A              
     e(  9 -  9) =      3.24254  eV     1   --> A              

 **************************************************************************

 **************************************************************************

                    xk=(   0.22857,   0.39590,   0.00000  )

     Band symmetry, C_1 (1)     point group:

     e(  1 -  1) =     -5.86173  eV     1   --> A              
     e(  2 -  2) =     -5.68143  eV     1   --> A              
     e(  3 -  3) =     -5.37315  eV     1   --> A              
     e(  4 -  4) =     -5.14810  eV     1   --> A              
     e(  5 -  5) =     -4.85976  eV     1   --> A              
     e(  6 -  6) =     -3.37985  eV     1   --> A              
     e(  7 -  7) =      1.25191  eV     1   --> A              
     e(  8 -  8) =      2.76392  eV     1   --> A              
     e(  9 -  9) =      3.56199  eV     1   --> A              

 **************************************************************************

 **************************************************************************

                    xk=(   0.21905,   0.37940,   0.00000  )

     Band symmetry, C_1 (1)     point group:

     e(  1 -  1) =     -5.88152  eV     1   --> A              
     e(  2 -  2) =     -5.68179  eV     1   --> A              
     e(  3 -  3) =     -5.38439  eV     1   --> A              
     e(  4 -  4) =     -5.14228  eV     1   --> A              
     e(  5 -  5) =     -4.84463  eV     1   --> A              
     e(  6 -  6) =     -3.64272  eV     1   --> A              
     e(  7 -  7) =      1.00391  eV     1   --> A              
     e(  8 -  8) =      3.05868  eV     1   --> A              
     e(  9 -  9) =      3.49534  eV     1   --> A              

 **************************************************************************

 **************************************************************************

                    xk=(   0.20952,   0.36291,   0.00000  )

     Band symmetry, C_1 (1)     point group:

     e(  1 -  1) =     -5.90435  eV     1   --> A              
     e(  2 -  2) =     -5.67992  eV     1   --> A              
     e(  3 -  3) =     -5.40004  eV     1   --> A              
     e(  4 -  4) =     -5.13392  eV     1   --> A              
     e(  5 -  5) =     -4.83025  eV     1   --> A              
     e(  6 -  6) =     -3.89050  eV     1   --> A              
     e(  7 -  7) =      0.76287  eV     1   --> A              
     e(  8 -  8) =      3.15769  eV     1   --> A              
     e(  9 -  9) =      3.45998  eV     1   --> A              

 **************************************************************************

 **************************************************************************

                    xk=(   0.20000,   0.34641,   0.00000  )

     Band symmetry, C_1 (1)     point group:

     e(  1 -  1) =     -5.93097  eV     1   --> A              
     e(  2 -  2) =     -5.67598  eV     1   --> A              
     e(  3 -  3) =     -5.42018  eV     1   --> A              
     e(  4 -  4) =     -5.12305  eV     1   --> A              
     e(  5 -  5) =     -4.81671  eV     1   --> A              
     e(  6 -  6) =     -4.12179  eV     1   --> A              
     e(  7 -  7) =      0.52934  eV     1   --> A              
     e(  8 -  8) =      2.96392  eV     1   --> A              
     e(  9 -  9) =      3.38537  eV     1   --> A              

 **************************************************************************

 **************************************************************************

                    xk=(   0.19048,   0.32991,   0.00000  )

     Band symmetry, C_1 (1)     point group:

     e(  1 -  1) =     -5.96241  eV     1   --> A              
     e(  2 -  2) =     -5.67014  eV     1   --> A              
     e(  3 -  3) =     -5.44495  eV     1   --> A              
     e(  4 -  4) =     -5.10973  eV     1   --> A              
     e(  5 -  5) =     -4.80422  eV     1   --> A              
     e(  6 -  6) =     -4.33473  eV     1   --> A              
     e(  7 -  7) =      0.30374  eV     1   --> A              
     e(  8 -  8) =      2.75056  eV     1   --> A              
     e(  9 -  9) =      3.17131  eV     1   --> A              

 **************************************************************************

 **************************************************************************

                    xk=(   0.18095,   0.31342,   0.00000  )

     Band symmetry, C_1 (1)     point group:

     e(  1 -  1) =     -6.00006  eV     1   --> A              
     e(  2 -  2) =     -5.66260  eV     1   --> A              
     e(  3 -  3) =     -5.47441  eV     1   --> A              
     e(  4 -  4) =     -5.09401  eV     1   --> A              
     e(  5 -  5) =     -4.79347  eV     1   --> A              
     e(  6 -  6) =     -4.52668  eV     1   --> A              
     e(  7 -  7) =      0.08638  eV     1   --> A              
     e(  8 -  8) =      2.54354  eV     1   --> A              
     e(  9 -  9) =      2.96207  eV     1   --> A              

 **************************************************************************

 **************************************************************************

                    xk=(   0.17143,   0.29692,   0.00000  )

     Band symmetry, C_1 (1)     point group:

     e(  1 -  1) =     -6.04564  eV     1   --> A              
     e(  2 -  2) =     -5.65358  eV     1   --> A              
     e(  3 -  3) =     -5.50842  eV     1   --> A              
     e(  4 -  4) =     -5.07601  eV     1   --> A              
     e(  5 -  5) =     -4.78974  eV     1   --> A              
     e(  6 -  6) =     -4.69027  eV     1   --> A              
     e(  7 -  7) =     -0.12250  eV     1   --> A              
     e(  8 -  8) =      2.34593  eV     1   --> A              
     e(  9 -  9) =      2.76252  eV     1   --> A              

 **************************************************************************

 **************************************************************************

                    xk=(   0.16190,   0.28043,   0.00000  )

     Band symmetry, C_1 (1)     point group:

     e(  1 -  1) =     -6.10102  eV     1   --> A              
     e(  2 -  2) =     -5.64329  eV     1   --> A              
     e(  3 -  3) =     -5.54629  eV     1   --> A              
     e(  4 -  4) =     -5.05586  eV     1   --> A              
     e(  5 -  5) =     -4.86129  eV     1   --> A              
     e(  6 -  6) =     -4.75553  eV     1   --> A              
     e(  7 -  7) =     -0.32268  eV     1   --> A              
     e(  8 -  8) =      2.15856  eV     1   --> A              
     e(  9 -  9) =      2.57342  eV     1   --> A              

 **************************************************************************

 **************************************************************************

                    xk=(   0.15238,   0.26393,   0.00000  )

     Band symmetry, C_1 (1)     point group:

     e(  1 -  1) =     -6.16768  eV     1   --> A              
     e(  2 -  2) =     -5.63210  eV     1   --> A              
     e(  3 -  3) =     -5.58644  eV     1   --> A              
     e(  4 -  4) =     -5.03385  eV     1   --> A              
     e(  5 -  5) =     -4.97829  eV     1   --> A              
     e(  6 -  6) =     -4.75162  eV     1   --> A              
     e(  7 -  7) =     -0.51397  eV     1   --> A              
     e(  8 -  8) =      1.98171  eV     1   --> A              
     e(  9 -  9) =      2.39492  eV     1   --> A              

 **************************************************************************

 **************************************************************************

                    xk=(   0.14286,   0.24744,   0.00000  )

     Band symmetry, C_1 (1)     point group:

     e(  1 -  1) =     -6.24594  eV     1   --> A              
     e(  2 -  2) =     -5.62955  eV     1   --> A              
     e(  3 -  3) =     -5.61741  eV     1   --> A              
     e(  4 -  4) =     -5.07775  eV     1   --> A              
     e(  5 -  5) =     -5.00937  eV     1   --> A              
     e(  6 -  6) =     -4.74361  eV     1   --> A              
     e(  7 -  7) =     -0.69619  eV     1   --> A              
     e(  8 -  8) =      1.81553  eV     1   --> A              
     e(  9 -  9) =      2.22725  eV     1   --> A              

 **************************************************************************

 **************************************************************************

                    xk=(   0.13333,   0.23094,   0.00000  )

     Band symmetry, C_1 (1)     point group:

     e(  1 -  1) =     -6.33447  eV     1   --> A              
     e(  2 -  2) =     -5.66667  eV     1   --> A              
     e(  3 -  3) =     -5.60616  eV     1   --> A              
     e(  4 -  4) =     -5.15759  eV     1   --> A              
     e(  5 -  5) =     -4.98386  eV     1   --> A              
     e(  6 -  6) =     -4.73543  eV     1   --> A              
     e(  7 -  7) =     -0.86917  eV     1   --> A              
     e(  8 -  8) =      1.66005  eV     1   --> A              
     e(  9 -  9) =      2.07042  eV     1   --> A              

 **************************************************************************

 **************************************************************************

                    xk=(   0.12381,   0.21444,   0.00000  )

     Band symmetry, C_1 (1)     point group:

     e(  1 -  1) =     -6.43044  eV     1   --> A              
     e(  2 -  2) =     -5.70181  eV     1   --> A              
     e(  3 -  3) =     -5.59303  eV     1   --> A              
     e(  4 -  4) =     -5.22183  eV     1   --> A              
     e(  5 -  5) =     -4.95691  eV     1   --> A              
     e(  6 -  6) =     -4.72765  eV     1   --> A              
     e(  7 -  7) =     -1.03270  eV     1   --> A              
     e(  8 -  8) =      1.51533  eV     1   --> A              
     e(  9 -  9) =      1.92438  eV     1   --> A              

 **************************************************************************

 **************************************************************************

                    xk=(   0.11429,   0.19795,   0.00000  )

     Band symmetry, C_1 (1)     point group:

     e(  1 -  1) =     -6.53025  eV     1   --> A              
     e(  2 -  2) =     -5.73290  eV     1   --> A              
     e(  3 -  3) =     -5.57966  eV     1   --> A              
     e(  4 -  4) =     -5.27402  eV     1   --> A              
     e(  5 -  5) =     -4.92890  eV     1   --> A              
     e(  6 -  6) =     -4.72042  eV     1   --> A              
     e(  7 -  7) =     -1.18657  eV     1   --> A              
     e(  8 -  8) =      1.38135  eV     1   --> A              
     e(  9 -  9) =      1.78915  eV     1   --> A              

 **************************************************************************

 **************************************************************************

                    xk=(   0.10476,   0.18145,   0.00000  )

     Band symmetry, C_1 (1)     point group:

     e(  1 -  1) =     -6.63039  eV     1   --> A              
     e(  2 -  2) =     -5.75990  eV     1   --> A              
     e(  3 -  3) =     -5.56634  eV     1   --> A              
     e(  4 -  4) =     -5.31710  eV     1   --> A              
     e(  5 -  5) =     -4.90018  eV     1   --> A              
     e(  6 -  6) =     -4.71380  eV     1   --> A              
     e(  7 -  7) =     -1.33052  eV     1   --> A              
     e(  8 -  8) =      1.25813  eV     1   --> A              
     e(  9 -  9) =      1.66488  eV     1   --> A              

 **************************************************************************

 **************************************************************************

                    xk=(   0.09524,   0.16496,   0.00000  )

     Band symmetry, C_1 (1)     point group:

     e(  1 -  1) =     -6.72788  eV     1   --> A              
     e(  2 -  2) =     -5.78318  eV     1   --> A              
     e(  3 -  3) =     -5.55333  eV     1   --> A              
     e(  4 -  4) =     -5.35323  eV     1   --> A              
     e(  5 -  5) =     -4.87116  eV     1   --> A              
     e(  6 -  6) =     -4.70779  eV     1   --> A              
     e(  7 -  7) =     -1.46426  eV     1   --> A              
     e(  8 -  8) =      1.14566  eV     1   --> A              
     e(  9 -  9) =      1.55127  eV     1   --> A              

 **************************************************************************

 **************************************************************************

                    xk=(   0.08571,   0.14846,   0.00000  )

     Band symmetry, C_1 (1)     point group:

     e(  1 -  1) =     -6.82039  eV     1   --> A              
     e(  2 -  2) =     -5.80319  eV     1   --> A              
     e(  3 -  3) =     -5.54087  eV     1   --> A              
     e(  4 -  4) =     -5.38388  eV     1   --> A              
     e(  5 -  5) =     -4.84229  eV     1   --> A              
     e(  6 -  6) =     -4.70241  eV     1   --> A              
     e(  7 -  7) =     -1.58745  eV     1   --> A              
     e(  8 -  8) =      1.04393  eV     1   --> A              
     e(  9 -  9) =      1.44858  eV     1   --> A              

 **************************************************************************

 **************************************************************************

                    xk=(   0.07619,   0.13197,   0.00000  )

     Band symmetry, C_1 (1)     point group:

     e(  1 -  1) =     -6.90615  eV     1   --> A              
     e(  2 -  2) =     -5.82033  eV     1   --> A              
     e(  3 -  3) =     -5.52919  eV     1   --> A              
     e(  4 -  4) =     -5.41000  eV     1   --> A              
     e(  5 -  5) =     -4.81406  eV     1   --> A              
     e(  6 -  6) =     -4.69763  eV     1   --> A              
     e(  7 -  7) =     -1.69969  eV     1   --> A              
     e(  8 -  8) =      0.95294  eV     1   --> A              
     e(  9 -  9) =      1.35670  eV     1   --> A              

 **************************************************************************

 **************************************************************************

                    xk=(   0.06667,   0.11547,   0.00000  )

     Band symmetry, C_1 (1)     point group:

     e(  1 -  1) =     -6.98388  eV     1   --> A              
     e(  2 -  2) =     -5.83493  eV     1   --> A              
     e(  3 -  3) =     -5.51854  eV     1   --> A              
     e(  4 -  4) =     -5.43215  eV     1   --> A              
     e(  5 -  5) =     -4.78704  eV     1   --> A              
     e(  6 -  6) =     -4.69346  eV     1   --> A              
     e(  7 -  7) =     -1.80054  eV     1   --> A              
     e(  8 -  8) =      0.87268  eV     1   --> A              
     e(  9 -  9) =      1.27641  eV     1   --> A              

 **************************************************************************

 **************************************************************************

                    xk=(   0.05714,   0.09897,   0.00000  )

     Band symmetry, C_1 (1)     point group:

     e(  1 -  1) =     -7.05263  eV     1   --> A              
     e(  2 -  2) =     -5.84724  eV     1   --> A              
     e(  3 -  3) =     -5.50926  eV     1   --> A              
     e(  4 -  4) =     -5.45059  eV     1   --> A              
     e(  5 -  5) =     -4.76183  eV     1   --> A              
     e(  6 -  6) =     -4.68987  eV     1   --> A              
     e(  7 -  7) =     -1.88951  eV     1   --> A              
     e(  8 -  8) =      0.80314  eV     1   --> A              
     e(  9 -  9) =      1.20633  eV     1   --> A              

 **************************************************************************

 **************************************************************************

                    xk=(   0.04762,   0.08248,   0.00000  )

     Band symmetry, C_1 (1)     point group:

     e(  1 -  1) =     -7.11170  eV     1   --> A              
     e(  2 -  2) =     -5.85744  eV     1   --> A              
     e(  3 -  3) =     -5.50190  eV     1   --> A              
     e(  4 -  4) =     -5.46517  eV     1   --> A              
     e(  5 -  5) =     -4.73903  eV     1   --> A              
     e(  6 -  6) =     -4.68686  eV     1   --> A              
     e(  7 -  7) =     -1.96607  eV     1   --> A              
     e(  8 -  8) =      0.74432  eV     1   --> A              
     e(  9 -  9) =      1.14653  eV     1   --> A              

 **************************************************************************

 **************************************************************************

                    xk=(   0.03810,   0.06598,   0.00000  )

     Band symmetry, C_1 (1)     point group:

     e(  1 -  1) =     -7.16061  eV     1   --> A              
     e(  2 -  2) =     -5.86566  eV     1   --> A              
     e(  3 -  3) =     -5.49788  eV     1   --> A              
     e(  4 -  4) =     -5.47476  eV     1   --> A              
     e(  5 -  5) =     -4.71927  eV     1   --> A              
     e(  6 -  6) =     -4.68442  eV     1   --> A              
     e(  7 -  7) =     -2.02968  eV     1   --> A              
     e(  8 -  8) =      0.69619  eV     1   --> A              
     e(  9 -  9) =      1.09741  eV     1   --> A              

 **************************************************************************

 **************************************************************************

                    xk=(   0.02857,   0.04949,   0.00000  )

     Band symmetry, C_1 (1)     point group:

     e(  1 -  1) =     -7.19898  eV     1   --> A              
     e(  2 -  2) =     -5.87198  eV     1   --> A              
     e(  3 -  3) =     -5.49917  eV     1   --> A              
     e(  4 -  4) =     -5.47762  eV     1   --> A              
     e(  5 -  5) =     -4.70317  eV     1   --> A              
     e(  6 -  6) =     -4.68252  eV     1   --> A              
     e(  7 -  7) =     -2.07982  eV     1   --> A              
     e(  8 -  8) =      0.65877  eV     1   --> A              
     e(  9 -  9) =      1.05925  eV     1   --> A              

 **************************************************************************

 **************************************************************************

                    xk=(   0.01905,   0.03299,   0.00000  )

     Band symmetry, C_1 (1)     point group:

     e(  1 -  1) =     -7.22655  eV     1   --> A              
     e(  2 -  2) =     -5.87646  eV     1   --> A              
     e(  3 -  3) =     -5.50324  eV     1   --> A              
     e(  4 -  4) =     -5.47642  eV     1   --> A              
     e(  5 -  5) =     -4.69124  eV     1   --> A              
     e(  6 -  6) =     -4.68118  eV     1   --> A              
     e(  7 -  7) =     -2.11602  eV     1   --> A              
     e(  8 -  8) =      0.63205  eV     1   --> A              
     e(  9 -  9) =      1.03168  eV     1   --> A              

 **************************************************************************

 **************************************************************************

                    xk=(   0.00952,   0.01650,   0.00000  )

     Band symmetry, C_1 (1)     point group:

     e(  1 -  1) =     -7.24316  eV     1   --> A              
     e(  2 -  2) =     -5.87913  eV     1   --> A              
     e(  3 -  3) =     -5.50644  eV     1   --> A              
     e(  4 -  4) =     -5.47489  eV     1   --> A              
     e(  5 -  5) =     -4.68391  eV     1   --> A              
     e(  6 -  6) =     -4.68037  eV     1   --> A              
     e(  7 -  7) =     -2.13790  eV     1   --> A              
     e(  8 -  8) =      0.61602  eV     1   --> A              
     e(  9 -  9) =      1.01606  eV     1   --> A              

 **************************************************************************

 **************************************************************************

                    xk=(   0.00000,   0.00000,   0.00000  )

     Band symmetry, C_1 (1)     point group:

     e(  1 -  1) =     -7.24870  eV     1   --> A              
     e(  2 -  2) =     -5.88002  eV     1   --> A              
     e(  3 -  3) =     -5.50759  eV     1   --> A              
     e(  4 -  4) =     -5.47430  eV     1   --> A              
     e(  5 -  5) =     -4.68145  eV     1   --> A              
     e(  6 -  6) =     -4.68009  eV     1   --> A              
     e(  7 -  7) =     -2.14522  eV     1   --> A              
     e(  8 -  8) =      0.61067  eV     1   --> A              
     e(  9 -  9) =      1.01085  eV     1   --> A              

 **************************************************************************
 
     BANDS        :      2.61s CPU      3.13s WALL

 
   This run was terminated on:  15:55: 8  24Jul2025            

=------------------------------------------------------------------------------=
   JOB DONE.
=------------------------------------------------------------------------------=
