
     Program BANDS v.7.2 starts on 24Jul2025 at 15:56:28 

     This program is part of the open-source Quantum ESPRESSO suite
     for quantum simulation of materials; please cite
         "P. Giannozzi et al., J. Phys.:Condens. Matter 21 395502 (2009);
         "P. Giannozzi et al., J. Phys.:Condens. Matter 29 465901 (2017);
         "P. Giannozzi et al., J. Chem. Phys. 152 154105 (2020);
          URL http://www.quantum-espresso.org", 
     in publications or presentations arising from this work. More details at
     http://www.quantum-espresso.org/quote

     Parallel version (MPI), running on    16 processors

     MPI processes distributed on     1 nodes
     R & G space division:  proc/nbgrp/npool/nimage =      16
     14020 MiB available memory on the printing compute node when the environment starts
 

     Reading xml data from directory:

     ./tmp/scf.save/
     Message from routine  set_nelup_neldw :
     BEWARE: non-integer number of up and down electrons!
     file Co.pbe-n-kjpaw_psl.1.0.0.UPF: wavefunction(s)  4S 3D renormalized

     IMPORTANT: XC functional enforced from input :
     Exchange-correlation= PBE
                           (   1   4   3   4   0   0   0)
     Any further DFT definition will be discarded
     Please, verify this is what you really want

 
     Parallelization info
     --------------------
     sticks:   dense  smooth     PW     G-vecs:    dense   smooth      PW
     Min         108      42     12                28601     7220    1136
     Max         110      43     13                28616     7259    1171
     Sum        1735     685    199               457675   115763   18407
 
     Using Slab Decomposition
 

     negative rho (up, down):  8.007E-06 6.265E-06
     Reading collected, re-writing distributed wavefunctions
     high-symmetry point:  0.0000 0.0000 0.0000   x coordinate   0.0000
     high-symmetry point:  0.5000 0.2887 0.0000   x coordinate   0.5774
     high-symmetry point:  0.3333 0.5774 0.0000   x coordinate   0.9107
     high-symmetry point:  0.0000 0.0000 0.0000   x coordinate   1.5774

     Plottable bands (eV) written to file bands_down.dat.gnu
     Bands written to file bands_down.dat

 **************************************************************************

                    xk=(   0.00000,   0.00000,   0.00000  )

     point group C_1 (1)    
     there are  1 classes
     the character table:

       E    
A      1.00

     the symmetry operations in each class and the name of the first element:

     E        1
                                                                 

     Band symmetry, C_1 (1)     point group:

     e(  1 -  1) =     -6.88569  eV     1   --> A              
     e(  2 -  2) =     -3.32855  eV     1   --> A              
     e(  3 -  3) =     -3.31119  eV     1   --> A              
     e(  4 -  4) =     -3.22764  eV     1   --> A              
     e(  5 -  5) =     -3.19716  eV     1   --> A              
     e(  6 -  6) =     -2.84269  eV     1   --> A              
     e(  7 -  7) =     -1.97735  eV     1   --> A              
     e(  8 -  8) =      0.67774  eV     1   --> A              
     e(  9 -  9) =      1.01207  eV     1   --> A              

 **************************************************************************

 **************************************************************************

                    xk=(   0.01351,   0.00780,   0.00000  )

     Band symmetry, C_1 (1)     point group:

     e(  1 -  1) =     -6.88176  eV     1   --> A              
     e(  2 -  2) =     -3.33031  eV     1   --> A              
     e(  3 -  3) =     -3.31146  eV     1   --> A              
     e(  4 -  4) =     -3.22764  eV     1   --> A              
     e(  5 -  5) =     -3.19826  eV     1   --> A              
     e(  6 -  6) =     -2.84192  eV     1   --> A              
     e(  7 -  7) =     -1.97099  eV     1   --> A              
     e(  8 -  8) =      0.68127  eV     1   --> A              
     e(  9 -  9) =      1.01579  eV     1   --> A              

 **************************************************************************

 **************************************************************************

                    xk=(   0.02703,   0.01560,   0.00000  )

     Band symmetry, C_1 (1)     point group:

     e(  1 -  1) =     -6.86998  eV     1   --> A              
     e(  2 -  2) =     -3.33614  eV     1   --> A              
     e(  3 -  3) =     -3.31182  eV     1   --> A              
     e(  4 -  4) =     -3.22812  eV     1   --> A              
     e(  5 -  5) =     -3.20086  eV     1   --> A              
     e(  6 -  6) =     -2.83960  eV     1   --> A              
     e(  7 -  7) =     -1.95209  eV     1   --> A              
     e(  8 -  8) =      0.69187  eV     1   --> A              
     e(  9 -  9) =      1.02694  eV     1   --> A              

 **************************************************************************

 **************************************************************************

                    xk=(   0.04054,   0.02341,   0.00000  )

     Band symmetry, C_1 (1)     point group:

     e(  1 -  1) =     -6.85036  eV     1   --> A              
     e(  2 -  2) =     -3.34672  eV     1   --> A              
     e(  3 -  3) =     -3.31174  eV     1   --> A              
     e(  4 -  4) =     -3.23058  eV     1   --> A              
     e(  5 -  5) =     -3.20275  eV     1   --> A              
     e(  6 -  6) =     -2.83575  eV     1   --> A              
     e(  7 -  7) =     -1.92116  eV     1   --> A              
     e(  8 -  8) =      0.70954  eV     1   --> A              
     e(  9 -  9) =      1.04552  eV     1   --> A              

 **************************************************************************

 **************************************************************************

                    xk=(   0.05405,   0.03121,   0.00000  )

     Band symmetry, C_1 (1)     point group:

     e(  1 -  1) =     -6.82291  eV     1   --> A              
     e(  2 -  2) =     -3.36208  eV     1   --> A              
     e(  3 -  3) =     -3.31131  eV     1   --> A              
     e(  4 -  4) =     -3.23676  eV     1   --> A              
     e(  5 -  5) =     -3.20132  eV     1   --> A              
     e(  6 -  6) =     -2.83037  eV     1   --> A              
     e(  7 -  7) =     -1.87891  eV     1   --> A              
     e(  8 -  8) =      0.73428  eV     1   --> A              
     e(  9 -  9) =      1.07154  eV     1   --> A              

 **************************************************************************

 **************************************************************************

                    xk=(   0.06757,   0.03901,   0.00000  )

     Band symmetry, C_1 (1)     point group:

     e(  1 -  1) =     -6.78769  eV     1   --> A              
     e(  2 -  2) =     -3.38182  eV     1   --> A              
     e(  3 -  3) =     -3.31090  eV     1   --> A              
     e(  4 -  4) =     -3.24639  eV     1   --> A              
     e(  5 -  5) =     -3.19598  eV     1   --> A              
     e(  6 -  6) =     -2.82349  eV     1   --> A              
     e(  7 -  7) =     -1.82619  eV     1   --> A              
     e(  8 -  8) =      0.76610  eV     1   --> A              
     e(  9 -  9) =      1.10495  eV     1   --> A              

 **************************************************************************

 **************************************************************************

                    xk=(   0.08108,   0.04681,   0.00000  )

     Band symmetry, C_1 (1)     point group:

     e(  1 -  1) =     -6.74471  eV     1   --> A              
     e(  2 -  2) =     -3.40533  eV     1   --> A              
     e(  3 -  3) =     -3.31083  eV     1   --> A              
     e(  4 -  4) =     -3.25823  eV     1   --> A              
     e(  5 -  5) =     -3.18733  eV     1   --> A              
     e(  6 -  6) =     -2.81516  eV     1   --> A              
     e(  7 -  7) =     -1.76384  eV     1   --> A              
     e(  8 -  8) =      0.80501  eV     1   --> A              
     e(  9 -  9) =      1.14580  eV     1   --> A              

 **************************************************************************

 **************************************************************************

                    xk=(   0.09459,   0.05461,   0.00000  )

     Band symmetry, C_1 (1)     point group:

     e(  1 -  1) =     -6.69405  eV     1   --> A              
     e(  2 -  2) =     -3.43187  eV     1   --> A              
     e(  3 -  3) =     -3.31134  eV     1   --> A              
     e(  4 -  4) =     -3.27143  eV     1   --> A              
     e(  5 -  5) =     -3.17580  eV     1   --> A              
     e(  6 -  6) =     -2.80543  eV     1   --> A              
     e(  7 -  7) =     -1.69266  eV     1   --> A              
     e(  8 -  8) =      0.85100  eV     1   --> A              
     e(  9 -  9) =      1.19403  eV     1   --> A              

 **************************************************************************

 **************************************************************************

                    xk=(   0.10811,   0.06242,   0.00000  )

     Band symmetry, C_1 (1)     point group:

     e(  1 -  1) =     -6.63576  eV     1   --> A              
     e(  2 -  2) =     -3.46073  eV     1   --> A              
     e(  3 -  3) =     -3.31264  eV     1   --> A              
     e(  4 -  4) =     -3.28549  eV     1   --> A              
     e(  5 -  5) =     -3.16164  eV     1   --> A              
     e(  6 -  6) =     -2.79437  eV     1   --> A              
     e(  7 -  7) =     -1.61331  eV     1   --> A              
     e(  8 -  8) =      0.90408  eV     1   --> A              
     e(  9 -  9) =      1.24967  eV     1   --> A              

 **************************************************************************

 **************************************************************************

                    xk=(   0.12162,   0.07022,   0.00000  )

     Band symmetry, C_1 (1)     point group:

     e(  1 -  1) =     -6.56992  eV     1   --> A              
     e(  2 -  2) =     -3.49118  eV     1   --> A              
     e(  3 -  3) =     -3.31520  eV     1   --> A              
     e(  4 -  4) =     -3.29972  eV     1   --> A              
     e(  5 -  5) =     -3.14500  eV     1   --> A              
     e(  6 -  6) =     -2.78206  eV     1   --> A              
     e(  7 -  7) =     -1.52639  eV     1   --> A              
     e(  8 -  8) =      0.96428  eV     1   --> A              
     e(  9 -  9) =      1.31267  eV     1   --> A              

 **************************************************************************

 **************************************************************************

                    xk=(   0.13514,   0.07802,   0.00000  )

     Band symmetry, C_1 (1)     point group:

     e(  1 -  1) =     -6.49664  eV     1   --> A              
     e(  2 -  2) =     -3.52265  eV     1   --> A              
     e(  3 -  3) =     -3.32179  eV     1   --> A              
     e(  4 -  4) =     -3.31116  eV     1   --> A              
     e(  5 -  5) =     -3.12607  eV     1   --> A              
     e(  6 -  6) =     -2.76860  eV     1   --> A              
     e(  7 -  7) =     -1.43233  eV     1   --> A              
     e(  8 -  8) =      1.03158  eV     1   --> A              
     e(  9 -  9) =      1.38305  eV     1   --> A              

 **************************************************************************

 **************************************************************************

                    xk=(   0.14865,   0.08582,   0.00000  )

     Band symmetry, C_1 (1)     point group:

     e(  1 -  1) =     -6.41604  eV     1   --> A              
     e(  2 -  2) =     -3.55463  eV     1   --> A              
     e(  3 -  3) =     -3.33540  eV     1   --> A              
     e(  4 -  4) =     -3.31656  eV     1   --> A              
     e(  5 -  5) =     -3.10503  eV     1   --> A              
     e(  6 -  6) =     -2.75410  eV     1   --> A              
     e(  7 -  7) =     -1.33153  eV     1   --> A              
     e(  8 -  8) =      1.10602  eV     1   --> A              
     e(  9 -  9) =      1.46079  eV     1   --> A              

 **************************************************************************

 **************************************************************************

                    xk=(   0.16216,   0.09362,   0.00000  )

     Band symmetry, C_1 (1)     point group:

     e(  1 -  1) =     -6.32828  eV     1   --> A              
     e(  2 -  2) =     -3.58670  eV     1   --> A              
     e(  3 -  3) =     -3.35124  eV     1   --> A              
     e(  4 -  4) =     -3.32045  eV     1   --> A              
     e(  5 -  5) =     -3.08207  eV     1   --> A              
     e(  6 -  6) =     -2.73868  eV     1   --> A              
     e(  7 -  7) =     -1.22425  eV     1   --> A              
     e(  8 -  8) =      1.18759  eV     1   --> A              
     e(  9 -  9) =      1.54589  eV     1   --> A              

 **************************************************************************

 **************************************************************************

                    xk=(   0.17568,   0.10143,   0.00000  )

     Band symmetry, C_1 (1)     point group:

     e(  1 -  1) =     -6.23352  eV     1   --> A              
     e(  2 -  2) =     -3.61853  eV     1   --> A              
     e(  3 -  3) =     -3.36744  eV     1   --> A              
     e(  4 -  4) =     -3.32437  eV     1   --> A              
     e(  5 -  5) =     -3.05737  eV     1   --> A              
     e(  6 -  6) =     -2.72244  eV     1   --> A              
     e(  7 -  7) =     -1.11073  eV     1   --> A              
     e(  8 -  8) =      1.27630  eV     1   --> A              
     e(  9 -  9) =      1.63828  eV     1   --> A              

 **************************************************************************

 **************************************************************************

                    xk=(   0.18919,   0.10923,   0.00000  )

     Band symmetry, C_1 (1)     point group:

     e(  1 -  1) =     -6.13200  eV     1   --> A              
     e(  2 -  2) =     -3.64986  eV     1   --> A              
     e(  3 -  3) =     -3.38344  eV     1   --> A              
     e(  4 -  4) =     -3.32851  eV     1   --> A              
     e(  5 -  5) =     -3.03112  eV     1   --> A              
     e(  6 -  6) =     -2.70553  eV     1   --> A              
     e(  7 -  7) =     -0.99112  eV     1   --> A              
     e(  8 -  8) =      1.37218  eV     1   --> A              
     e(  9 -  9) =      1.73801  eV     1   --> A              

 **************************************************************************

 **************************************************************************

                    xk=(   0.20270,   0.11703,   0.00000  )

     Band symmetry, C_1 (1)     point group:

     e(  1 -  1) =     -6.02400  eV     1   --> A              
     e(  2 -  2) =     -3.68047  eV     1   --> A              
     e(  3 -  3) =     -3.39879  eV     1   --> A              
     e(  4 -  4) =     -3.33288  eV     1   --> A              
     e(  5 -  5) =     -3.00352  eV     1   --> A              
     e(  6 -  6) =     -2.68806  eV     1   --> A              
     e(  7 -  7) =     -0.86556  eV     1   --> A              
     e(  8 -  8) =      1.47522  eV     1   --> A              
     e(  9 -  9) =      1.84504  eV     1   --> A              

 **************************************************************************

 **************************************************************************

                    xk=(   0.21622,   0.12483,   0.00000  )

     Band symmetry, C_1 (1)     point group:

     e(  1 -  1) =     -5.90988  eV     1   --> A              
     e(  2 -  2) =     -3.71019  eV     1   --> A              
     e(  3 -  3) =     -3.41305  eV     1   --> A              
     e(  4 -  4) =     -3.33745  eV     1   --> A              
     e(  5 -  5) =     -2.97478  eV     1   --> A              
     e(  6 -  6) =     -2.67018  eV     1   --> A              
     e(  7 -  7) =     -0.73414  eV     1   --> A              
     e(  8 -  8) =      1.58544  eV     1   --> A              
     e(  9 -  9) =      1.95943  eV     1   --> A              

 **************************************************************************

 **************************************************************************

                    xk=(   0.22973,   0.13263,   0.00000  )

     Band symmetry, C_1 (1)     point group:

     e(  1 -  1) =     -5.79009  eV     1   --> A              
     e(  2 -  2) =     -3.73889  eV     1   --> A              
     e(  3 -  3) =     -3.42565  eV     1   --> A              
     e(  4 -  4) =     -3.34218  eV     1   --> A              
     e(  5 -  5) =     -2.94510  eV     1   --> A              
     e(  6 -  6) =     -2.65202  eV     1   --> A              
     e(  7 -  7) =     -0.59694  eV     1   --> A              
     e(  8 -  8) =      1.70284  eV     1   --> A              
     e(  9 -  9) =      2.08121  eV     1   --> A              

 **************************************************************************

 **************************************************************************

                    xk=(   0.24324,   0.14044,   0.00000  )

     Band symmetry, C_1 (1)     point group:

     e(  1 -  1) =     -5.66520  eV     1   --> A              
     e(  2 -  2) =     -3.76644  eV     1   --> A              
     e(  3 -  3) =     -3.43594  eV     1   --> A              
     e(  4 -  4) =     -3.34702  eV     1   --> A              
     e(  5 -  5) =     -2.91468  eV     1   --> A              
     e(  6 -  6) =     -2.63371  eV     1   --> A              
     e(  7 -  7) =     -0.45402  eV     1   --> A              
     e(  8 -  8) =      1.82741  eV     1   --> A              
     e(  9 -  9) =      2.21041  eV     1   --> A              

 **************************************************************************

 **************************************************************************

                    xk=(   0.25676,   0.14824,   0.00000  )

     Band symmetry, C_1 (1)     point group:

     e(  1 -  1) =     -5.53597  eV     1   --> A              
     e(  2 -  2) =     -3.79276  eV     1   --> A              
     e(  3 -  3) =     -3.44311  eV     1   --> A              
     e(  4 -  4) =     -3.35193  eV     1   --> A              
     e(  5 -  5) =     -2.88376  eV     1   --> A              
     e(  6 -  6) =     -2.61540  eV     1   --> A              
     e(  7 -  7) =     -0.30543  eV     1   --> A              
     e(  8 -  8) =      1.95915  eV     1   --> A              
     e(  9 -  9) =      2.34491  eV     1   --> A              

 **************************************************************************

 **************************************************************************

                    xk=(   0.27027,   0.15604,   0.00000  )

     Band symmetry, C_1 (1)     point group:

     e(  1 -  1) =     -5.40339  eV     1   --> A              
     e(  2 -  2) =     -3.81778  eV     1   --> A              
     e(  3 -  3) =     -3.44613  eV     1   --> A              
     e(  4 -  4) =     -3.35686  eV     1   --> A              
     e(  5 -  5) =     -2.85257  eV     1   --> A              
     e(  6 -  6) =     -2.59720  eV     1   --> A              
     e(  7 -  7) =     -0.15122  eV     1   --> A              
     e(  8 -  8) =      2.09800  eV     1   --> A              
     e(  9 -  9) =      2.48487  eV     1   --> A              

 **************************************************************************

 **************************************************************************

                    xk=(   0.28378,   0.16384,   0.00000  )

     Band symmetry, C_1 (1)     point group:

     e(  1 -  1) =     -5.26875  eV     1   --> A              
     e(  2 -  2) =     -3.84141  eV     1   --> A              
     e(  3 -  3) =     -3.44367  eV     1   --> A              
     e(  4 -  4) =     -3.36176  eV     1   --> A              
     e(  5 -  5) =     -2.82132  eV     1   --> A              
     e(  6 -  6) =     -2.57925  eV     1   --> A              
     e(  7 -  7) =      0.00853  eV     1   --> A              
     e(  8 -  8) =      2.24387  eV     1   --> A              
     e(  9 -  9) =      2.63233  eV     1   --> A              

 **************************************************************************

 **************************************************************************

                    xk=(   0.29730,   0.17164,   0.00000  )

     Band symmetry, C_1 (1)     point group:

     e(  1 -  1) =     -5.13377  eV     1   --> A              
     e(  2 -  2) =     -3.86362  eV     1   --> A              
     e(  3 -  3) =     -3.43404  eV     1   --> A              
     e(  4 -  4) =     -3.36659  eV     1   --> A              
     e(  5 -  5) =     -2.79027  eV     1   --> A              
     e(  6 -  6) =     -2.56167  eV     1   --> A              
     e(  7 -  7) =      0.17377  eV     1   --> A              
     e(  8 -  8) =      2.39653  eV     1   --> A              
     e(  9 -  9) =      2.78692  eV     1   --> A              

 **************************************************************************

 **************************************************************************

                    xk=(   0.31081,   0.17945,   0.00000  )

     Band symmetry, C_1 (1)     point group:

     e(  1 -  1) =     -5.00065  eV     1   --> A              
     e(  2 -  2) =     -3.88434  eV     1   --> A              
     e(  3 -  3) =     -3.41508  eV     1   --> A              
     e(  4 -  4) =     -3.37130  eV     1   --> A              
     e(  5 -  5) =     -2.75966  eV     1   --> A              
     e(  6 -  6) =     -2.54458  eV     1   --> A              
     e(  7 -  7) =      0.34440  eV     1   --> A              
     e(  8 -  8) =      2.55529  eV     1   --> A              
     e(  9 -  9) =      2.94715  eV     1   --> A              

 **************************************************************************

 **************************************************************************

                    xk=(   0.32432,   0.18725,   0.00000  )

     Band symmetry, C_1 (1)     point group:

     e(  1 -  1) =     -4.87218  eV     1   --> A              
     e(  2 -  2) =     -3.90356  eV     1   --> A              
     e(  3 -  3) =     -3.38436  eV     1   --> A              
     e(  4 -  4) =     -3.37559  eV     1   --> A              
     e(  5 -  5) =     -2.72974  eV     1   --> A              
     e(  6 -  6) =     -2.52808  eV     1   --> A              
     e(  7 -  7) =      0.52030  eV     1   --> A              
     e(  8 -  8) =      2.71734  eV     1   --> A              
     e(  9 -  9) =      3.10735  eV     1   --> A              

 **************************************************************************

 **************************************************************************

                    xk=(   0.33784,   0.19505,   0.00000  )

     Band symmetry, C_1 (1)     point group:

     e(  1 -  1) =     -4.75164  eV     1   --> A              
     e(  2 -  2) =     -3.92123  eV     1   --> A              
     e(  3 -  3) =     -3.38044  eV     1   --> A              
     e(  4 -  4) =     -3.33775  eV     1   --> A              
     e(  5 -  5) =     -2.70075  eV     1   --> A              
     e(  6 -  6) =     -2.51226  eV     1   --> A              
     e(  7 -  7) =      0.70129  eV     1   --> A              
     e(  8 -  8) =      2.85186  eV     1   --> A              
     e(  9 -  9) =      3.07900  eV     1   --> A              

 **************************************************************************

 **************************************************************************

                    xk=(   0.35135,   0.20285,   0.00000  )

     Band symmetry, C_1 (1)     point group:

     e(  1 -  1) =     -4.64247  eV     1   --> A              
     e(  2 -  2) =     -3.93734  eV     1   --> A              
     e(  3 -  3) =     -3.38458  eV     1   --> A              
     e(  4 -  4) =     -3.27328  eV     1   --> A              
     e(  5 -  5) =     -2.67294  eV     1   --> A              
     e(  6 -  6) =     -2.49721  eV     1   --> A              
     e(  7 -  7) =      0.88714  eV     1   --> A              
     e(  8 -  8) =      2.65836  eV     1   --> A              
     e(  9 -  9) =      3.11483  eV     1   --> A              

 **************************************************************************

 **************************************************************************

                    xk=(   0.36486,   0.21065,   0.00000  )

     Band symmetry, C_1 (1)     point group:

     e(  1 -  1) =     -4.54764  eV     1   --> A              
     e(  2 -  2) =     -3.95189  eV     1   --> A              
     e(  3 -  3) =     -3.38851  eV     1   --> A              
     e(  4 -  4) =     -3.18784  eV     1   --> A              
     e(  5 -  5) =     -2.64655  eV     1   --> A              
     e(  6 -  6) =     -2.48297  eV     1   --> A              
     e(  7 -  7) =      1.07750  eV     1   --> A              
     e(  8 -  8) =      2.32617  eV     1   --> A              
     e(  9 -  9) =      3.29303  eV     1   --> A              

 **************************************************************************

 **************************************************************************

                    xk=(   0.37838,   0.21846,   0.00000  )

     Band symmetry, C_1 (1)     point group:

     e(  1 -  1) =     -4.46889  eV     1   --> A              
     e(  2 -  2) =     -3.96489  eV     1   --> A              
     e(  3 -  3) =     -3.39217  eV     1   --> A              
     e(  4 -  4) =     -3.08032  eV     1   --> A              
     e(  5 -  5) =     -2.62182  eV     1   --> A              
     e(  6 -  6) =     -2.46953  eV     1   --> A              
     e(  7 -  7) =      1.27189  eV     1   --> A              
     e(  8 -  8) =      1.99222  eV     1   --> A              
     e(  9 -  9) =      3.48737  eV     1   --> A              

 **************************************************************************

 **************************************************************************

                    xk=(   0.39189,   0.22626,   0.00000  )

     Band symmetry, C_1 (1)     point group:

     e(  1 -  1) =     -4.40626  eV     1   --> A              
     e(  2 -  2) =     -3.97636  eV     1   --> A              
     e(  3 -  3) =     -3.39552  eV     1   --> A              
     e(  4 -  4) =     -2.95164  eV     1   --> A              
     e(  5 -  5) =     -2.59897  eV     1   --> A              
     e(  6 -  6) =     -2.45675  eV     1   --> A              
     e(  7 -  7) =      1.46933  eV     1   --> A              
     e(  8 -  8) =      1.66578  eV     1   --> A              
     e(  9 -  9) =      3.69101  eV     1   --> A              

 **************************************************************************

 **************************************************************************

                    xk=(   0.40541,   0.23406,   0.00000  )

     Band symmetry, C_1 (1)     point group:

     e(  1 -  1) =     -4.35829  eV     1   --> A              
     e(  2 -  2) =     -3.98634  eV     1   --> A              
     e(  3 -  3) =     -3.39855  eV     1   --> A              
     e(  4 -  4) =     -2.80504  eV     1   --> A              
     e(  5 -  5) =     -2.57816  eV     1   --> A              
     e(  6 -  6) =     -2.44407  eV     1   --> A              
     e(  7 -  7) =      1.34832  eV     1   --> A              
     e(  8 -  8) =      1.67020  eV     1   --> A              
     e(  9 -  9) =      3.90274  eV     1   --> A              

 **************************************************************************

 **************************************************************************

                    xk=(   0.41892,   0.24186,   0.00000  )

     Band symmetry, C_1 (1)     point group:

     e(  1 -  1) =     -4.32264  eV     1   --> A              
     e(  2 -  2) =     -3.99487  eV     1   --> A              
     e(  3 -  3) =     -3.40122  eV     1   --> A              
     e(  4 -  4) =     -2.64734  eV     1   --> A              
     e(  5 -  5) =     -2.55931  eV     1   --> A              
     e(  6 -  6) =     -2.42907  eV     1   --> A              
     e(  7 -  7) =      1.04435  eV     1   --> A              
     e(  8 -  8) =      1.87082  eV     1   --> A              
     e(  9 -  9) =      4.12213  eV     1   --> A              

 **************************************************************************

 **************************************************************************

                    xk=(   0.43243,   0.24967,   0.00000  )

     Band symmetry, C_1 (1)     point group:

     e(  1 -  1) =     -4.29681  eV     1   --> A              
     e(  2 -  2) =     -4.00199  eV     1   --> A              
     e(  3 -  3) =     -3.40351  eV     1   --> A              
     e(  4 -  4) =     -2.54544  eV     1   --> A              
     e(  5 -  5) =     -2.50021  eV     1   --> A              
     e(  6 -  6) =     -2.39259  eV     1   --> A              
     e(  7 -  7) =      0.75592  eV     1   --> A              
     e(  8 -  8) =      2.06969  eV     1   --> A              
     e(  9 -  9) =      4.34898  eV     1   --> A              

 **************************************************************************

 **************************************************************************

                    xk=(   0.44595,   0.25747,   0.00000  )

     Band symmetry, C_1 (1)     point group:

     e(  1 -  1) =     -4.27854  eV     1   --> A              
     e(  2 -  2) =     -4.00775  eV     1   --> A              
     e(  3 -  3) =     -3.40541  eV     1   --> A              
     e(  4 -  4) =     -2.53131  eV     1   --> A              
     e(  5 -  5) =     -2.44556  eV     1   --> A              
     e(  6 -  6) =     -2.26495  eV     1   --> A              
     e(  7 -  7) =      0.48798  eV     1   --> A              
     e(  8 -  8) =      2.26245  eV     1   --> A              
     e(  9 -  9) =      4.58310  eV     1   --> A              

 **************************************************************************

 **************************************************************************

                    xk=(   0.45946,   0.26527,   0.00000  )

     Band symmetry, C_1 (1)     point group:

     e(  1 -  1) =     -4.26605  eV     1   --> A              
     e(  2 -  2) =     -4.01219  eV     1   --> A              
     e(  3 -  3) =     -3.40690  eV     1   --> A              
     e(  4 -  4) =     -2.52073  eV     1   --> A              
     e(  5 -  5) =     -2.43220  eV     1   --> A              
     e(  6 -  6) =     -2.10328  eV     1   --> A              
     e(  7 -  7) =      0.24846  eV     1   --> A              
     e(  8 -  8) =      2.44180  eV     1   --> A              
     e(  9 -  9) =      4.62119  eV     1   --> A              

 **************************************************************************

 **************************************************************************

                    xk=(   0.47297,   0.27307,   0.00000  )

     Band symmetry, C_1 (1)     point group:

     e(  1 -  1) =     -4.25801  eV     1   --> A              
     e(  2 -  2) =     -4.01534  eV     1   --> A              
     e(  3 -  3) =     -3.40797  eV     1   --> A              
     e(  4 -  4) =     -2.51315  eV     1   --> A              
     e(  5 -  5) =     -2.42591  eV     1   --> A              
     e(  6 -  6) =     -1.95694  eV     1   --> A              
     e(  7 -  7) =      0.05065  eV     1   --> A              
     e(  8 -  8) =      2.59536  eV     1   --> A              
     e(  9 -  9) =      4.46627  eV     1   --> A              

 **************************************************************************

 **************************************************************************

                    xk=(   0.48649,   0.28087,   0.00000  )

     Band symmetry, C_1 (1)     point group:

     e(  1 -  1) =     -4.25352  eV     1   --> A              
     e(  2 -  2) =     -4.01722  eV     1   --> A              
     e(  3 -  3) =     -3.40861  eV     1   --> A              
     e(  4 -  4) =     -2.50858  eV     1   --> A              
     e(  5 -  5) =     -2.42266  eV     1   --> A              
     e(  6 -  6) =     -1.85145  eV     1   --> A              
     e(  7 -  7) =     -0.08488  eV     1   --> A              
     e(  8 -  8) =      2.70363  eV     1   --> A              
     e(  9 -  9) =      4.35114  eV     1   --> A              

 **************************************************************************

 **************************************************************************

                    xk=(   0.50000,   0.28868,   0.00000  )

     Band symmetry, C_1 (1)     point group:

     e(  1 -  1) =     -4.25208  eV     1   --> A              
     e(  2 -  2) =     -4.01785  eV     1   --> A              
     e(  3 -  3) =     -3.40883  eV     1   --> A              
     e(  4 -  4) =     -2.50705  eV     1   --> A              
     e(  5 -  5) =     -2.42163  eV     1   --> A              
     e(  6 -  6) =     -1.81219  eV     1   --> A              
     e(  7 -  7) =     -0.13405  eV     1   --> A              
     e(  8 -  8) =      2.74355  eV     1   --> A              
     e(  9 -  9) =      4.30828  eV     1   --> A              

 **************************************************************************

 **************************************************************************

                    xk=(   0.49383,   0.29937,   0.00000  )

     Band symmetry, C_1 (1)     point group:

     e(  1 -  1) =     -4.25056  eV     1   --> A              
     e(  2 -  2) =     -4.01737  eV     1   --> A              
     e(  3 -  3) =     -3.40961  eV     1   --> A              
     e(  4 -  4) =     -2.51486  eV     1   --> A              
     e(  5 -  5) =     -2.42150  eV     1   --> A              
     e(  6 -  6) =     -1.80202  eV     1   --> A              
     e(  7 -  7) =     -0.13326  eV     1   --> A              
     e(  8 -  8) =      2.74627  eV     1   --> A              
     e(  9 -  9) =      4.31025  eV     1   --> A              

 **************************************************************************

 **************************************************************************

                    xk=(   0.48765,   0.31006,   0.00000  )

     Band symmetry, C_1 (1)     point group:

     e(  1 -  1) =     -4.24600  eV     1   --> A              
     e(  2 -  2) =     -4.01592  eV     1   --> A              
     e(  3 -  3) =     -3.41193  eV     1   --> A              
     e(  4 -  4) =     -2.53701  eV     1   --> A              
     e(  5 -  5) =     -2.42111  eV     1   --> A              
     e(  6 -  6) =     -1.77277  eV     1   --> A              
     e(  7 -  7) =     -0.13090  eV     1   --> A              
     e(  8 -  8) =      2.75442  eV     1   --> A              
     e(  9 -  9) =      4.31615  eV     1   --> A              

 **************************************************************************

 **************************************************************************

                    xk=(   0.48148,   0.32075,   0.00000  )

     Band symmetry, C_1 (1)     point group:

     e(  1 -  1) =     -4.23844  eV     1   --> A              
     e(  2 -  2) =     -4.01352  eV     1   --> A              
     e(  3 -  3) =     -3.41579  eV     1   --> A              
     e(  4 -  4) =     -2.57049  eV     1   --> A              
     e(  5 -  5) =     -2.42047  eV     1   --> A              
     e(  6 -  6) =     -1.72747  eV     1   --> A              
     e(  7 -  7) =     -0.12694  eV     1   --> A              
     e(  8 -  8) =      2.76797  eV     1   --> A              
     e(  9 -  9) =      4.32600  eV     1   --> A              

 **************************************************************************

 **************************************************************************

                    xk=(   0.47531,   0.33144,   0.00000  )

     Band symmetry, C_1 (1)     point group:

     e(  1 -  1) =     -4.22794  eV     1   --> A              
     e(  2 -  2) =     -4.01015  eV     1   --> A              
     e(  3 -  3) =     -3.42115  eV     1   --> A              
     e(  4 -  4) =     -2.61190  eV     1   --> A              
     e(  5 -  5) =     -2.41957  eV     1   --> A              
     e(  6 -  6) =     -1.66951  eV     1   --> A              
     e(  7 -  7) =     -0.12135  eV     1   --> A              
     e(  8 -  8) =      2.78690  eV     1   --> A              
     e(  9 -  9) =      4.33978  eV     1   --> A              

 **************************************************************************

 **************************************************************************

                    xk=(   0.46914,   0.34213,   0.00000  )

     Band symmetry, C_1 (1)     point group:

     e(  1 -  1) =     -4.21459  eV     1   --> A              
     e(  2 -  2) =     -4.00579  eV     1   --> A              
     e(  3 -  3) =     -3.42797  eV     1   --> A              
     e(  4 -  4) =     -2.65839  eV     1   --> A              
     e(  5 -  5) =     -2.41844  eV     1   --> A              
     e(  6 -  6) =     -1.60174  eV     1   --> A              
     e(  7 -  7) =     -0.11407  eV     1   --> A              
     e(  8 -  8) =      2.81115  eV     1   --> A              
     e(  9 -  9) =      4.35750  eV     1   --> A              

 **************************************************************************

 **************************************************************************

                    xk=(   0.46296,   0.35283,   0.00000  )

     Band symmetry, C_1 (1)     point group:

     e(  1 -  1) =     -4.19850  eV     1   --> A              
     e(  2 -  2) =     -4.00043  eV     1   --> A              
     e(  3 -  3) =     -3.43619  eV     1   --> A              
     e(  4 -  4) =     -2.70783  eV     1   --> A              
     e(  5 -  5) =     -2.41708  eV     1   --> A              
     e(  6 -  6) =     -1.52627  eV     1   --> A              
     e(  7 -  7) =     -0.10503  eV     1   --> A              
     e(  8 -  8) =      2.84066  eV     1   --> A              
     e(  9 -  9) =      4.37918  eV     1   --> A              

 **************************************************************************

 **************************************************************************

                    xk=(   0.45679,   0.36352,   0.00000  )

     Band symmetry, C_1 (1)     point group:

     e(  1 -  1) =     -4.17981  eV     1   --> A              
     e(  2 -  2) =     -3.99403  eV     1   --> A              
     e(  3 -  3) =     -3.44575  eV     1   --> A              
     e(  4 -  4) =     -2.75875  eV     1   --> A              
     e(  5 -  5) =     -2.41551  eV     1   --> A              
     e(  6 -  6) =     -1.44458  eV     1   --> A              
     e(  7 -  7) =     -0.09416  eV     1   --> A              
     e(  8 -  8) =      2.87536  eV     1   --> A              
     e(  9 -  9) =      4.40480  eV     1   --> A              

 **************************************************************************

 **************************************************************************

                    xk=(   0.45062,   0.37421,   0.00000  )

     Band symmetry, C_1 (1)     point group:

     e(  1 -  1) =     -4.15873  eV     1   --> A              
     e(  2 -  2) =     -3.98655  eV     1   --> A              
     e(  3 -  3) =     -3.45659  eV     1   --> A              
     e(  4 -  4) =     -2.81015  eV     1   --> A              
     e(  5 -  5) =     -2.41375  eV     1   --> A              
     e(  6 -  6) =     -1.35765  eV     1   --> A              
     e(  7 -  7) =     -0.08136  eV     1   --> A              
     e(  8 -  8) =      2.91514  eV     1   --> A              
     e(  9 -  9) =      4.43439  eV     1   --> A              

 **************************************************************************

 **************************************************************************

                    xk=(   0.44444,   0.38490,   0.00000  )

     Band symmetry, C_1 (1)     point group:

     e(  1 -  1) =     -4.13549  eV     1   --> A              
     e(  2 -  2) =     -3.97790  eV     1   --> A              
     e(  3 -  3) =     -3.46861  eV     1   --> A              
     e(  4 -  4) =     -2.86134  eV     1   --> A              
     e(  5 -  5) =     -2.41181  eV     1   --> A              
     e(  6 -  6) =     -1.26619  eV     1   --> A              
     e(  7 -  7) =     -0.06651  eV     1   --> A              
     e(  8 -  8) =      2.95992  eV     1   --> A              
     e(  9 -  9) =      4.46795  eV     1   --> A              

 **************************************************************************

 **************************************************************************

                    xk=(   0.43827,   0.39559,   0.00000  )

     Band symmetry, C_1 (1)     point group:

     e(  1 -  1) =     -4.11043  eV     1   --> A              
     e(  2 -  2) =     -3.96794  eV     1   --> A              
     e(  3 -  3) =     -3.48174  eV     1   --> A              
     e(  4 -  4) =     -2.91183  eV     1   --> A              
     e(  5 -  5) =     -2.40972  eV     1   --> A              
     e(  6 -  6) =     -1.17065  eV     1   --> A              
     e(  7 -  7) =     -0.04948  eV     1   --> A              
     e(  8 -  8) =      3.00956  eV     1   --> A              
     e(  9 -  9) =      4.50549  eV     1   --> A              

 **************************************************************************

 **************************************************************************

                    xk=(   0.43210,   0.40628,   0.00000  )

     Band symmetry, C_1 (1)     point group:

     e(  1 -  1) =     -4.08398  eV     1   --> A              
     e(  2 -  2) =     -3.95644  eV     1   --> A              
     e(  3 -  3) =     -3.49587  eV     1   --> A              
     e(  4 -  4) =     -2.96129  eV     1   --> A              
     e(  5 -  5) =     -2.40751  eV     1   --> A              
     e(  6 -  6) =     -1.07137  eV     1   --> A              
     e(  7 -  7) =     -0.03013  eV     1   --> A              
     e(  8 -  8) =      3.06393  eV     1   --> A              
     e(  9 -  9) =      4.54702  eV     1   --> A              

 **************************************************************************

 **************************************************************************

                    xk=(   0.42593,   0.41698,   0.00000  )

     Band symmetry, C_1 (1)     point group:

     e(  1 -  1) =     -4.05675  eV     1   --> A              
     e(  2 -  2) =     -3.94304  eV     1   --> A              
     e(  3 -  3) =     -3.51092  eV     1   --> A              
     e(  4 -  4) =     -3.00948  eV     1   --> A              
     e(  5 -  5) =     -2.40519  eV     1   --> A              
     e(  6 -  6) =     -0.96858  eV     1   --> A              
     e(  7 -  7) =     -0.00828  eV     1   --> A              
     e(  8 -  8) =      3.12287  eV     1   --> A              
     e(  9 -  9) =      4.59255  eV     1   --> A              

 **************************************************************************

 **************************************************************************

                    xk=(   0.41975,   0.42767,   0.00000  )

     Band symmetry, C_1 (1)     point group:

     e(  1 -  1) =     -4.02955  eV     1   --> A              
     e(  2 -  2) =     -3.92716  eV     1   --> A              
     e(  3 -  3) =     -3.52677  eV     1   --> A              
     e(  4 -  4) =     -3.05623  eV     1   --> A              
     e(  5 -  5) =     -2.40280  eV     1   --> A              
     e(  6 -  6) =     -0.86244  eV     1   --> A              
     e(  7 -  7) =      0.01624  eV     1   --> A              
     e(  8 -  8) =      3.18619  eV     1   --> A              
     e(  9 -  9) =      4.64202  eV     1   --> A              

 **************************************************************************

 **************************************************************************

                    xk=(   0.41358,   0.43836,   0.00000  )

     Band symmetry, C_1 (1)     point group:

     e(  1 -  1) =     -4.00338  eV     1   --> A              
     e(  2 -  2) =     -3.90811  eV     1   --> A              
     e(  3 -  3) =     -3.54332  eV     1   --> A              
     e(  4 -  4) =     -3.10139  eV     1   --> A              
     e(  5 -  5) =     -2.40036  eV     1   --> A              
     e(  6 -  6) =     -0.75307  eV     1   --> A              
     e(  7 -  7) =      0.04362  eV     1   --> A              
     e(  8 -  8) =      3.25369  eV     1   --> A              
     e(  9 -  9) =      4.40764  eV     1   --> A              

 **************************************************************************

 **************************************************************************

                    xk=(   0.40741,   0.44905,   0.00000  )

     Band symmetry, C_1 (1)     point group:

     e(  1 -  1) =     -3.97921  eV     1   --> A              
     e(  2 -  2) =     -3.88522  eV     1   --> A              
     e(  3 -  3) =     -3.56047  eV     1   --> A              
     e(  4 -  4) =     -3.14490  eV     1   --> A              
     e(  5 -  5) =     -2.39790  eV     1   --> A              
     e(  6 -  6) =     -0.64056  eV     1   --> A              
     e(  7 -  7) =      0.07410  eV     1   --> A              
     e(  8 -  8) =      3.32511  eV     1   --> A              
     e(  9 -  9) =      4.11628  eV     1   --> A              

 **************************************************************************

 **************************************************************************

                    xk=(   0.40123,   0.45974,   0.00000  )

     Band symmetry, C_1 (1)     point group:

     e(  1 -  1) =     -3.95749  eV     1   --> A              
     e(  2 -  2) =     -3.85836  eV     1   --> A              
     e(  3 -  3) =     -3.57810  eV     1   --> A              
     e(  4 -  4) =     -3.18667  eV     1   --> A              
     e(  5 -  5) =     -2.39546  eV     1   --> A              
     e(  6 -  6) =     -0.52496  eV     1   --> A              
     e(  7 -  7) =      0.10788  eV     1   --> A              
     e(  8 -  8) =      3.40016  eV     1   --> A              
     e(  9 -  9) =      3.82731  eV     1   --> A              

 **************************************************************************

 **************************************************************************

                    xk=(   0.39506,   0.47043,   0.00000  )

     Band symmetry, C_1 (1)     point group:

     e(  1 -  1) =     -3.93800  eV     1   --> A              
     e(  2 -  2) =     -3.82813  eV     1   --> A              
     e(  3 -  3) =     -3.59612  eV     1   --> A              
     e(  4 -  4) =     -3.22666  eV     1   --> A              
     e(  5 -  5) =     -2.39306  eV     1   --> A              
     e(  6 -  6) =     -0.40631  eV     1   --> A              
     e(  7 -  7) =      0.14522  eV     1   --> A              
     e(  8 -  8) =      3.47846  eV     1   --> A              
     e(  9 -  9) =      3.54113  eV     1   --> A              

 **************************************************************************

 **************************************************************************

                    xk=(   0.38889,   0.48113,   0.00000  )

     Band symmetry, C_1 (1)     point group:

     e(  1 -  1) =     -3.92012  eV     1   --> A              
     e(  2 -  2) =     -3.79551  eV     1   --> A              
     e(  3 -  3) =     -3.61440  eV     1   --> A              
     e(  4 -  4) =     -3.26483  eV     1   --> A              
     e(  5 -  5) =     -2.39074  eV     1   --> A              
     e(  6 -  6) =     -0.28465  eV     1   --> A              
     e(  7 -  7) =      0.18637  eV     1   --> A              
     e(  8 -  8) =      3.25808  eV     1   --> A              
     e(  9 -  9) =      3.55957  eV     1   --> A              

 **************************************************************************

 **************************************************************************

                    xk=(   0.38272,   0.49182,   0.00000  )

     Band symmetry, C_1 (1)     point group:

     e(  1 -  1) =     -3.90324  eV     1   --> A              
     e(  2 -  2) =     -3.76151  eV     1   --> A              
     e(  3 -  3) =     -3.63284  eV     1   --> A              
     e(  4 -  4) =     -3.30114  eV     1   --> A              
     e(  5 -  5) =     -2.38852  eV     1   --> A              
     e(  6 -  6) =     -0.15999  eV     1   --> A              
     e(  7 -  7) =      0.23157  eV     1   --> A              
     e(  8 -  8) =      2.97849  eV     1   --> A              
     e(  9 -  9) =      3.64288  eV     1   --> A              

 **************************************************************************

 **************************************************************************

                    xk=(   0.37654,   0.50251,   0.00000  )

     Band symmetry, C_1 (1)     point group:

     e(  1 -  1) =     -3.88692  eV     1   --> A              
     e(  2 -  2) =     -3.72702  eV     1   --> A              
     e(  3 -  3) =     -3.65132  eV     1   --> A              
     e(  4 -  4) =     -3.33559  eV     1   --> A              
     e(  5 -  5) =     -2.38645  eV     1   --> A              
     e(  6 -  6) =     -0.03233  eV     1   --> A              
     e(  7 -  7) =      0.28107  eV     1   --> A              
     e(  8 -  8) =      2.70263  eV     1   --> A              
     e(  9 -  9) =      3.72758  eV     1   --> A              

 **************************************************************************

 **************************************************************************

                    xk=(   0.37037,   0.51320,   0.00000  )

     Band symmetry, C_1 (1)     point group:

     e(  1 -  1) =     -3.87089  eV     1   --> A              
     e(  2 -  2) =     -3.69289  eV     1   --> A              
     e(  3 -  3) =     -3.66959  eV     1   --> A              
     e(  4 -  4) =     -3.36815  eV     1   --> A              
     e(  5 -  5) =     -2.38454  eV     1   --> A              
     e(  6 -  6) =      0.09832  eV     1   --> A              
     e(  7 -  7) =      0.33513  eV     1   --> A              
     e(  8 -  8) =      2.43079  eV     1   --> A              
     e(  9 -  9) =      3.81259  eV     1   --> A              

 **************************************************************************

 **************************************************************************

                    xk=(   0.36420,   0.52389,   0.00000  )

     Band symmetry, C_1 (1)     point group:

     e(  1 -  1) =     -3.85498  eV     1   --> A              
     e(  2 -  2) =     -3.68846  eV     1   --> A              
     e(  3 -  3) =     -3.65884  eV     1   --> A              
     e(  4 -  4) =     -3.39879  eV     1   --> A              
     e(  5 -  5) =     -2.38284  eV     1   --> A              
     e(  6 -  6) =      0.23196  eV     1   --> A              
     e(  7 -  7) =      0.39393  eV     1   --> A              
     e(  8 -  8) =      2.16327  eV     1   --> A              
     e(  9 -  9) =      3.89638  eV     1   --> A              

 **************************************************************************

 **************************************************************************

                    xk=(   0.35802,   0.53458,   0.00000  )

     Band symmetry, C_1 (1)     point group:

     e(  1 -  1) =     -3.83909  eV     1   --> A              
     e(  2 -  2) =     -3.70641  eV     1   --> A              
     e(  3 -  3) =     -3.62688  eV     1   --> A              
     e(  4 -  4) =     -3.42748  eV     1   --> A              
     e(  5 -  5) =     -2.38138  eV     1   --> A              
     e(  6 -  6) =      0.36858  eV     1   --> A              
     e(  7 -  7) =      0.45760  eV     1   --> A              
     e(  8 -  8) =      1.90046  eV     1   --> A              
     e(  9 -  9) =      3.97673  eV     1   --> A              

 **************************************************************************

 **************************************************************************

                    xk=(   0.35185,   0.54528,   0.00000  )

     Band symmetry, C_1 (1)     point group:

     e(  1 -  1) =     -3.82319  eV     1   --> A              
     e(  2 -  2) =     -3.72414  eV     1   --> A              
     e(  3 -  3) =     -3.59681  eV     1   --> A              
     e(  4 -  4) =     -3.45411  eV     1   --> A              
     e(  5 -  5) =     -2.38018  eV     1   --> A              
     e(  6 -  6) =      0.50810  eV     1   --> A              
     e(  7 -  7) =      0.52617  eV     1   --> A              
     e(  8 -  8) =      1.64293  eV     1   --> A              
     e(  9 -  9) =      4.05037  eV     1   --> A              

 **************************************************************************

 **************************************************************************

                    xk=(   0.34568,   0.55597,   0.00000  )

     Band symmetry, C_1 (1)     point group:

     e(  1 -  1) =     -3.80725  eV     1   --> A              
     e(  2 -  2) =     -3.74148  eV     1   --> A              
     e(  3 -  3) =     -3.56953  eV     1   --> A              
     e(  4 -  4) =     -3.47838  eV     1   --> A              
     e(  5 -  5) =     -2.37928  eV     1   --> A              
     e(  6 -  6) =      0.59844  eV     1   --> A              
     e(  7 -  7) =      0.65100  eV     1   --> A              
     e(  8 -  8) =      1.39186  eV     1   --> A              
     e(  9 -  9) =      4.11251  eV     1   --> A              

 **************************************************************************

 **************************************************************************

                    xk=(   0.33951,   0.56666,   0.00000  )

     Band symmetry, C_1 (1)     point group:

     e(  1 -  1) =     -3.79129  eV     1   --> A              
     e(  2 -  2) =     -3.75832  eV     1   --> A              
     e(  3 -  3) =     -3.54693  eV     1   --> A              
     e(  4 -  4) =     -3.49885  eV     1   --> A              
     e(  5 -  5) =     -2.37871  eV     1   --> A              
     e(  6 -  6) =      0.67170  eV     1   --> A              
     e(  7 -  7) =      0.79665  eV     1   --> A              
     e(  8 -  8) =      1.15107  eV     1   --> A              
     e(  9 -  9) =      4.15633  eV     1   --> A              

 **************************************************************************

 **************************************************************************

                    xk=(   0.33333,   0.57735,   0.00000  )

     Band symmetry, C_1 (1)     point group:

     e(  1 -  1) =     -3.77537  eV     1   --> A              
     e(  2 -  2) =     -3.77452  eV     1   --> A              
     e(  3 -  3) =     -3.53855  eV     1   --> A              
     e(  4 -  4) =     -3.50646  eV     1   --> A              
     e(  5 -  5) =     -2.37850  eV     1   --> A              
     e(  6 -  6) =      0.72065  eV     1   --> A              
     e(  7 -  7) =      0.94155  eV     1   --> A              
     e(  8 -  8) =      0.94986  eV     1   --> A              
     e(  9 -  9) =      4.17307  eV     1   --> A              

 **************************************************************************

 **************************************************************************

                    xk=(   0.32381,   0.56085,   0.00000  )

     Band symmetry, C_1 (1)     point group:

     e(  1 -  1) =     -3.79922  eV     1   --> A              
     e(  2 -  2) =     -3.74991  eV     1   --> A              
     e(  3 -  3) =     -3.56547  eV     1   --> A              
     e(  4 -  4) =     -3.48211  eV     1   --> A              
     e(  5 -  5) =     -2.37901  eV     1   --> A              
     e(  6 -  6) =      0.49519  eV     1   --> A              
     e(  7 -  7) =      0.95732  eV     1   --> A              
     e(  8 -  8) =      1.17791  eV     1   --> A              
     e(  9 -  9) =      4.12614  eV     1   --> A              

 **************************************************************************

 **************************************************************************

                    xk=(   0.31429,   0.54436,   0.00000  )

     Band symmetry, C_1 (1)     point group:

     e(  1 -  1) =     -3.82127  eV     1   --> A              
     e(  2 -  2) =     -3.72533  eV     1   --> A              
     e(  3 -  3) =     -3.59067  eV     1   --> A              
     e(  4 -  4) =     -3.46558  eV     1   --> A              
     e(  5 -  5) =     -2.38058  eV     1   --> A              
     e(  6 -  6) =      0.15548  eV     1   --> A              
     e(  7 -  7) =      1.10981  eV     1   --> A              
     e(  8 -  8) =      1.42094  eV     1   --> A              
     e(  9 -  9) =      3.98384  eV     1   --> A              

 **************************************************************************

 **************************************************************************

                    xk=(   0.30476,   0.52786,   0.00000  )

     Band symmetry, C_1 (1)     point group:

     e(  1 -  1) =     -3.84125  eV     1   --> A              
     e(  2 -  2) =     -3.70102  eV     1   --> A              
     e(  3 -  3) =     -3.61212  eV     1   --> A              
     e(  4 -  4) =     -3.46047  eV     1   --> A              
     e(  5 -  5) =     -2.38335  eV     1   --> A              
     e(  6 -  6) =     -0.17772  eV     1   --> A              
     e(  7 -  7) =      1.28756  eV     1   --> A              
     e(  8 -  8) =      1.67141  eV     1   --> A              
     e(  9 -  9) =      3.76889  eV     1   --> A              

 **************************************************************************

 **************************************************************************

                    xk=(   0.29524,   0.51137,   0.00000  )

     Band symmetry, C_1 (1)     point group:

     e(  1 -  1) =     -3.85897  eV     1   --> A              
     e(  2 -  2) =     -3.67734  eV     1   --> A              
     e(  3 -  3) =     -3.62967  eV     1   --> A              
     e(  4 -  4) =     -3.46846  eV     1   --> A              
     e(  5 -  5) =     -2.38747  eV     1   --> A              
     e(  6 -  6) =     -0.49602  eV     1   --> A              
     e(  7 -  7) =      1.48391  eV     1   --> A              
     e(  8 -  8) =      1.92939  eV     1   --> A              
     e(  9 -  9) =      3.51269  eV     1   --> A              

 **************************************************************************

 **************************************************************************

                    xk=(   0.28571,   0.49487,   0.00000  )

     Band symmetry, C_1 (1)     point group:

     e(  1 -  1) =     -3.87426  eV     1   --> A              
     e(  2 -  2) =     -3.65533  eV     1   --> A              
     e(  3 -  3) =     -3.64293  eV     1   --> A              
     e(  4 -  4) =     -3.49081  eV     1   --> A              
     e(  5 -  5) =     -2.39305  eV     1   --> A              
     e(  6 -  6) =     -0.79631  eV     1   --> A              
     e(  7 -  7) =      1.69761  eV     1   --> A              
     e(  8 -  8) =      2.19494  eV     1   --> A              
     e(  9 -  9) =      3.23696  eV     1   --> A              

 **************************************************************************

 **************************************************************************

                    xk=(   0.27619,   0.47838,   0.00000  )

     Band symmetry, C_1 (1)     point group:

     e(  1 -  1) =     -3.88695  eV     1   --> A              
     e(  2 -  2) =     -3.65424  eV     1   --> A              
     e(  3 -  3) =     -3.63503  eV     1   --> A              
     e(  4 -  4) =     -3.52722  eV     1   --> A              
     e(  5 -  5) =     -2.40025  eV     1   --> A              
     e(  6 -  6) =     -1.07608  eV     1   --> A              
     e(  7 -  7) =      1.92809  eV     1   --> A              
     e(  8 -  8) =      2.46811  eV     1   --> A              
     e(  9 -  9) =      2.95391  eV     1   --> A              

 **************************************************************************

 **************************************************************************

                    xk=(   0.26667,   0.46188,   0.00000  )

     Band symmetry, C_1 (1)     point group:

     e(  1 -  1) =     -3.89696  eV     1   --> A              
     e(  2 -  2) =     -3.66088  eV     1   --> A              
     e(  3 -  3) =     -3.63380  eV     1   --> A              
     e(  4 -  4) =     -3.56510  eV     1   --> A              
     e(  5 -  5) =     -2.40920  eV     1   --> A              
     e(  6 -  6) =     -1.33290  eV     1   --> A              
     e(  7 -  7) =      2.17480  eV     1   --> A              
     e(  8 -  8) =      2.66917  eV     1   --> A              
     e(  9 -  9) =      2.74992  eV     1   --> A              

 **************************************************************************

 **************************************************************************

                    xk=(   0.25714,   0.44538,   0.00000  )

     Band symmetry, C_1 (1)     point group:

     e(  1 -  1) =     -3.90418  eV     1   --> A              
     e(  2 -  2) =     -3.69267  eV     1   --> A              
     e(  3 -  3) =     -3.66184  eV     1   --> A              
     e(  4 -  4) =     -3.56618  eV     1   --> A              
     e(  5 -  5) =     -2.42005  eV     1   --> A              
     e(  6 -  6) =     -1.56458  eV     1   --> A              
     e(  7 -  7) =      2.38846  eV     1   --> A              
     e(  8 -  8) =      2.43751  eV     1   --> A              
     e(  9 -  9) =      3.03802  eV     1   --> A              

 **************************************************************************

 **************************************************************************

                    xk=(   0.24762,   0.42889,   0.00000  )

     Band symmetry, C_1 (1)     point group:

     e(  1 -  1) =     -3.90851  eV     1   --> A              
     e(  2 -  2) =     -3.78882  eV     1   --> A              
     e(  3 -  3) =     -3.66218  eV     1   --> A              
     e(  4 -  4) =     -3.54932  eV     1   --> A              
     e(  5 -  5) =     -2.43298  eV     1   --> A              
     e(  6 -  6) =     -1.76955  eV     1   --> A              
     e(  7 -  7) =      2.11293  eV     1   --> A              
     e(  8 -  8) =      2.71416  eV     1   --> A              
     e(  9 -  9) =      3.33458  eV     1   --> A              

 **************************************************************************

 **************************************************************************

                    xk=(   0.23810,   0.41239,   0.00000  )

     Band symmetry, C_1 (1)     point group:

     e(  1 -  1) =     -3.91037  eV     1   --> A              
     e(  2 -  2) =     -3.90955  eV     1   --> A              
     e(  3 -  3) =     -3.65868  eV     1   --> A              
     e(  4 -  4) =     -3.52983  eV     1   --> A              
     e(  5 -  5) =     -2.44821  eV     1   --> A              
     e(  6 -  6) =     -1.94733  eV     1   --> A              
     e(  7 -  7) =      1.84347  eV     1   --> A              
     e(  8 -  8) =      3.00386  eV     1   --> A              
     e(  9 -  9) =      3.63908  eV     1   --> A              

 **************************************************************************

 **************************************************************************

                    xk=(   0.22857,   0.39590,   0.00000  )

     Band symmetry, C_1 (1)     point group:

     e(  1 -  1) =     -4.05150  eV     1   --> A              
     e(  2 -  2) =     -3.90829  eV     1   --> A              
     e(  3 -  3) =     -3.65211  eV     1   --> A              
     e(  4 -  4) =     -3.51016  eV     1   --> A              
     e(  5 -  5) =     -2.46614  eV     1   --> A              
     e(  6 -  6) =     -2.09869  eV     1   --> A              
     e(  7 -  7) =      1.58124  eV     1   --> A              
     e(  8 -  8) =      3.29865  eV     1   --> A              
     e(  9 -  9) =      3.76798  eV     1   --> A              

 **************************************************************************

 **************************************************************************

                    xk=(   0.21905,   0.37940,   0.00000  )

     Band symmetry, C_1 (1)     point group:

     e(  1 -  1) =     -4.20941  eV     1   --> A              
     e(  2 -  2) =     -3.90367  eV     1   --> A              
     e(  3 -  3) =     -3.64270  eV     1   --> A              
     e(  4 -  4) =     -3.49095  eV     1   --> A              
     e(  5 -  5) =     -2.48756  eV     1   --> A              
     e(  6 -  6) =     -2.22531  eV     1   --> A              
     e(  7 -  7) =      1.32679  eV     1   --> A              
     e(  8 -  8) =      3.44845  eV     1   --> A              
     e(  9 -  9) =      3.67314  eV     1   --> A              

 **************************************************************************

 **************************************************************************

                    xk=(   0.20952,   0.36291,   0.00000  )

     Band symmetry, C_1 (1)     point group:

     e(  1 -  1) =     -4.37956  eV     1   --> A              
     e(  2 -  2) =     -3.89603  eV     1   --> A              
     e(  3 -  3) =     -3.63069  eV     1   --> A              
     e(  4 -  4) =     -3.47245  eV     1   --> A              
     e(  5 -  5) =     -2.51418  eV     1   --> A              
     e(  6 -  6) =     -2.32879  eV     1   --> A              
     e(  7 -  7) =      1.08048  eV     1   --> A              
     e(  8 -  8) =      3.24212  eV     1   --> A              
     e(  9 -  9) =      3.63697  eV     1   --> A              

 **************************************************************************

 **************************************************************************

                    xk=(   0.20000,   0.34641,   0.00000  )

     Band symmetry, C_1 (1)     point group:

     e(  1 -  1) =     -4.55768  eV     1   --> A              
     e(  2 -  2) =     -3.88536  eV     1   --> A              
     e(  3 -  3) =     -3.61629  eV     1   --> A              
     e(  4 -  4) =     -3.45478  eV     1   --> A              
     e(  5 -  5) =     -2.54918  eV     1   --> A              
     e(  6 -  6) =     -2.40934  eV     1   --> A              
     e(  7 -  7) =      0.84253  eV     1   --> A              
     e(  8 -  8) =      3.01683  eV     1   --> A              
     e(  9 -  9) =      3.41225  eV     1   --> A              

 **************************************************************************

 **************************************************************************

                    xk=(   0.19048,   0.32991,   0.00000  )

     Band symmetry, C_1 (1)     point group:

     e(  1 -  1) =     -4.73990  eV     1   --> A              
     e(  2 -  2) =     -3.87168  eV     1   --> A              
     e(  3 -  3) =     -3.59977  eV     1   --> A              
     e(  4 -  4) =     -3.43803  eV     1   --> A              
     e(  5 -  5) =     -2.59534  eV     1   --> A              
     e(  6 -  6) =     -2.46731  eV     1   --> A              
     e(  7 -  7) =      0.61311  eV     1   --> A              
     e(  8 -  8) =      2.79927  eV     1   --> A              
     e(  9 -  9) =      3.19273  eV     1   --> A              

 **************************************************************************

 **************************************************************************

                    xk=(   0.18095,   0.31342,   0.00000  )

     Band symmetry, C_1 (1)     point group:

     e(  1 -  1) =     -4.92292  eV     1   --> A              
     e(  2 -  2) =     -3.85505  eV     1   --> A              
     e(  3 -  3) =     -3.58135  eV     1   --> A              
     e(  4 -  4) =     -3.42223  eV     1   --> A              
     e(  5 -  5) =     -2.64957  eV     1   --> A              
     e(  6 -  6) =     -2.50828  eV     1   --> A              
     e(  7 -  7) =      0.39232  eV     1   --> A              
     e(  8 -  8) =      2.59170  eV     1   --> A              
     e(  9 -  9) =      2.98335  eV     1   --> A              

 **************************************************************************

 **************************************************************************

                    xk=(   0.17143,   0.29692,   0.00000  )

     Band symmetry, C_1 (1)     point group:

     e(  1 -  1) =     -5.10407  eV     1   --> A              
     e(  2 -  2) =     -3.83551  eV     1   --> A              
     e(  3 -  3) =     -3.56133  eV     1   --> A              
     e(  4 -  4) =     -3.40743  eV     1   --> A              
     e(  5 -  5) =     -2.70563  eV     1   --> A              
     e(  6 -  6) =     -2.54044  eV     1   --> A              
     e(  7 -  7) =      0.18020  eV     1   --> A              
     e(  8 -  8) =      2.39466  eV     1   --> A              
     e(  9 -  9) =      2.78421  eV     1   --> A              

 **************************************************************************

 **************************************************************************

                    xk=(   0.16190,   0.28043,   0.00000  )

     Band symmetry, C_1 (1)     point group:

     e(  1 -  1) =     -5.28123  eV     1   --> A              
     e(  2 -  2) =     -3.81315  eV     1   --> A              
     e(  3 -  3) =     -3.53995  eV     1   --> A              
     e(  4 -  4) =     -3.39363  eV     1   --> A              
     e(  5 -  5) =     -2.75996  eV     1   --> A              
     e(  6 -  6) =     -2.56868  eV     1   --> A              
     e(  7 -  7) =     -0.02320  eV     1   --> A              
     e(  8 -  8) =      2.20833  eV     1   --> A              
     e(  9 -  9) =      2.59599  eV     1   --> A              

 **************************************************************************

 **************************************************************************

                    xk=(   0.15238,   0.26393,   0.00000  )

     Band symmetry, C_1 (1)     point group:

     e(  1 -  1) =     -5.45277  eV     1   --> A              
     e(  2 -  2) =     -3.78807  eV     1   --> A              
     e(  3 -  3) =     -3.51750  eV     1   --> A              
     e(  4 -  4) =     -3.38085  eV     1   --> A              
     e(  5 -  5) =     -2.81139  eV     1   --> A              
     e(  6 -  6) =     -2.59507  eV     1   --> A              
     e(  7 -  7) =     -0.21787  eV     1   --> A              
     e(  8 -  8) =      2.03277  eV     1   --> A              
     e(  9 -  9) =      2.41930  eV     1   --> A              

 **************************************************************************

 **************************************************************************

                    xk=(   0.14286,   0.24744,   0.00000  )

     Band symmetry, C_1 (1)     point group:

     e(  1 -  1) =     -5.61742  eV     1   --> A              
     e(  2 -  2) =     -3.76039  eV     1   --> A              
     e(  3 -  3) =     -3.49428  eV     1   --> A              
     e(  4 -  4) =     -3.36909  eV     1   --> A              
     e(  5 -  5) =     -2.85969  eV     1   --> A              
     e(  6 -  6) =     -2.62041  eV     1   --> A              
     e(  7 -  7) =     -0.40379  eV     1   --> A              
     e(  8 -  8) =      1.86799  eV     1   --> A              
     e(  9 -  9) =      2.25152  eV     1   --> A              

 **************************************************************************

 **************************************************************************

                    xk=(   0.13333,   0.23094,   0.00000  )

     Band symmetry, C_1 (1)     point group:

     e(  1 -  1) =     -5.77416  eV     1   --> A              
     e(  2 -  2) =     -3.73028  eV     1   --> A              
     e(  3 -  3) =     -3.47056  eV     1   --> A              
     e(  4 -  4) =     -3.35836  eV     1   --> A              
     e(  5 -  5) =     -2.90490  eV     1   --> A              
     e(  6 -  6) =     -2.64494  eV     1   --> A              
     e(  7 -  7) =     -0.58093  eV     1   --> A              
     e(  8 -  8) =      1.71399  eV     1   --> A              
     e(  9 -  9) =      2.09253  eV     1   --> A              

 **************************************************************************

 **************************************************************************

                    xk=(   0.12381,   0.21444,   0.00000  )

     Band symmetry, C_1 (1)     point group:

     e(  1 -  1) =     -5.92223  eV     1   --> A              
     e(  2 -  2) =     -3.69794  eV     1   --> A              
     e(  3 -  3) =     -3.44663  eV     1   --> A              
     e(  4 -  4) =     -3.34865  eV     1   --> A              
     e(  5 -  5) =     -2.94707  eV     1   --> A              
     e(  6 -  6) =     -2.66869  eV     1   --> A              
     e(  7 -  7) =     -0.74927  eV     1   --> A              
     e(  8 -  8) =      1.57075  eV     1   --> A              
     e(  9 -  9) =      1.94415  eV     1   --> A              

 **************************************************************************

 **************************************************************************

                    xk=(   0.11429,   0.19795,   0.00000  )

     Band symmetry, C_1 (1)     point group:

     e(  1 -  1) =     -6.06099  eV     1   --> A              
     e(  2 -  2) =     -3.66361  eV     1   --> A              
     e(  3 -  3) =     -3.42277  eV     1   --> A              
     e(  4 -  4) =     -3.33998  eV     1   --> A              
     e(  5 -  5) =     -2.98625  eV     1   --> A              
     e(  6 -  6) =     -2.69157  eV     1   --> A              
     e(  7 -  7) =     -0.90875  eV     1   --> A              
     e(  8 -  8) =      1.43825  eV     1   --> A              
     e(  9 -  9) =      1.80663  eV     1   --> A              

 **************************************************************************

 **************************************************************************

                    xk=(   0.10476,   0.18145,   0.00000  )

     Band symmetry, C_1 (1)     point group:

     e(  1 -  1) =     -6.18995  eV     1   --> A              
     e(  2 -  2) =     -3.62761  eV     1   --> A              
     e(  3 -  3) =     -3.39925  eV     1   --> A              
     e(  4 -  4) =     -3.33234  eV     1   --> A              
     e(  5 -  5) =     -3.02242  eV     1   --> A              
     e(  6 -  6) =     -2.71345  eV     1   --> A              
     e(  7 -  7) =     -1.05925  eV     1   --> A              
     e(  8 -  8) =      1.31647  eV     1   --> A              
     e(  9 -  9) =      1.68008  eV     1   --> A              

 **************************************************************************

 **************************************************************************

                    xk=(   0.09524,   0.16496,   0.00000  )

     Band symmetry, C_1 (1)     point group:

     e(  1 -  1) =     -6.30870  eV     1   --> A              
     e(  2 -  2) =     -3.59034  eV     1   --> A              
     e(  3 -  3) =     -3.37632  eV     1   --> A              
     e(  4 -  4) =     -3.32575  eV     1   --> A              
     e(  5 -  5) =     -3.05551  eV     1   --> A              
     e(  6 -  6) =     -2.73414  eV     1   --> A              
     e(  7 -  7) =     -1.20062  eV     1   --> A              
     e(  8 -  8) =      1.20538  eV     1   --> A              
     e(  9 -  9) =      1.56442  eV     1   --> A              

 **************************************************************************

 **************************************************************************

                    xk=(   0.08571,   0.14846,   0.00000  )

     Band symmetry, C_1 (1)     point group:

     e(  1 -  1) =     -6.41693  eV     1   --> A              
     e(  2 -  2) =     -3.55230  eV     1   --> A              
     e(  3 -  3) =     -3.35421  eV     1   --> A              
     e(  4 -  4) =     -3.32021  eV     1   --> A              
     e(  5 -  5) =     -3.08541  eV     1   --> A              
     e(  6 -  6) =     -2.75349  eV     1   --> A              
     e(  7 -  7) =     -1.33261  eV     1   --> A              
     e(  8 -  8) =      1.10495  eV     1   --> A              
     e(  9 -  9) =      1.45968  eV     1   --> A              

 **************************************************************************

 **************************************************************************

                    xk=(   0.07619,   0.13197,   0.00000  )

     Band symmetry, C_1 (1)     point group:

     e(  1 -  1) =     -6.51435  eV     1   --> A              
     e(  2 -  2) =     -3.51415  eV     1   --> A              
     e(  3 -  3) =     -3.33317  eV     1   --> A              
     e(  4 -  4) =     -3.31566  eV     1   --> A              
     e(  5 -  5) =     -3.11200  eV     1   --> A              
     e(  6 -  6) =     -2.77132  eV     1   --> A              
     e(  7 -  7) =     -1.45484  eV     1   --> A              
     e(  8 -  8) =      1.01517  eV     1   --> A              
     e(  9 -  9) =      1.36589  eV     1   --> A              

 **************************************************************************

 **************************************************************************

                    xk=(   0.06667,   0.11547,   0.00000  )

     Band symmetry, C_1 (1)     point group:

     e(  1 -  1) =     -6.60075  eV     1   --> A              
     e(  2 -  2) =     -3.47672  eV     1   --> A              
     e(  3 -  3) =     -3.31509  eV     1   --> A              
     e(  4 -  4) =     -3.31038  eV     1   --> A              
     e(  5 -  5) =     -3.13512  eV     1   --> A              
     e(  6 -  6) =     -2.78745  eV     1   --> A              
     e(  7 -  7) =     -1.56681  eV     1   --> A              
     e(  8 -  8) =      0.93600  eV     1   --> A              
     e(  9 -  9) =      1.28308  eV     1   --> A              

 **************************************************************************

 **************************************************************************

                    xk=(   0.05714,   0.09897,   0.00000  )

     Band symmetry, C_1 (1)     point group:

     e(  1 -  1) =     -6.67595  eV     1   --> A              
     e(  2 -  2) =     -3.44108  eV     1   --> A              
     e(  3 -  3) =     -3.31088  eV     1   --> A              
     e(  4 -  4) =     -3.29353  eV     1   --> A              
     e(  5 -  5) =     -3.15464  eV     1   --> A              
     e(  6 -  6) =     -2.80174  eV     1   --> A              
     e(  7 -  7) =     -1.66782  eV     1   --> A              
     e(  8 -  8) =      0.86742  eV     1   --> A              
     e(  9 -  9) =      1.21125  eV     1   --> A              

 **************************************************************************

 **************************************************************************

                    xk=(   0.04762,   0.08248,   0.00000  )

     Band symmetry, C_1 (1)     point group:

     e(  1 -  1) =     -6.73981  eV     1   --> A              
     e(  2 -  2) =     -3.40847  eV     1   --> A              
     e(  3 -  3) =     -3.30961  eV     1   --> A              
     e(  4 -  4) =     -3.27607  eV     1   --> A              
     e(  5 -  5) =     -3.17044  eV     1   --> A              
     e(  6 -  6) =     -2.81405  eV     1   --> A              
     e(  7 -  7) =     -1.75691  eV     1   --> A              
     e(  8 -  8) =      0.80943  eV     1   --> A              
     e(  9 -  9) =      1.15043  eV     1   --> A              

 **************************************************************************

 **************************************************************************

                    xk=(   0.03810,   0.06598,   0.00000  )

     Band symmetry, C_1 (1)     point group:

     e(  1 -  1) =     -6.79221  eV     1   --> A              
     e(  2 -  2) =     -3.38025  eV     1   --> A              
     e(  3 -  3) =     -3.30935  eV     1   --> A              
     e(  4 -  4) =     -3.26005  eV     1   --> A              
     e(  5 -  5) =     -3.18248  eV     1   --> A              
     e(  6 -  6) =     -2.82427  eV     1   --> A              
     e(  7 -  7) =     -1.83292  eV     1   --> A              
     e(  8 -  8) =      0.76201  eV     1   --> A              
     e(  9 -  9) =      1.10068  eV     1   --> A              

 **************************************************************************

 **************************************************************************

                    xk=(   0.02857,   0.04949,   0.00000  )

     Band symmetry, C_1 (1)     point group:

     e(  1 -  1) =     -6.83306  eV     1   --> A              
     e(  2 -  2) =     -3.35764  eV     1   --> A              
     e(  3 -  3) =     -3.30974  eV     1   --> A              
     e(  4 -  4) =     -3.24618  eV     1   --> A              
     e(  5 -  5) =     -3.19076  eV     1   --> A              
     e(  6 -  6) =     -2.83229  eV     1   --> A              
     e(  7 -  7) =     -1.89443  eV     1   --> A              
     e(  8 -  8) =      0.72513  eV     1   --> A              
     e(  9 -  9) =      1.06192  eV     1   --> A              

 **************************************************************************

 **************************************************************************

                    xk=(   0.01905,   0.03299,   0.00000  )

     Band symmetry, C_1 (1)     point group:

     e(  1 -  1) =     -6.86228  eV     1   --> A              
     e(  2 -  2) =     -3.34140  eV     1   --> A              
     e(  3 -  3) =     -3.31040  eV     1   --> A              
     e(  4 -  4) =     -3.23565  eV     1   --> A              
     e(  5 -  5) =     -3.19539  eV     1   --> A              
     e(  6 -  6) =     -2.83806  eV     1   --> A              
     e(  7 -  7) =     -1.93990  eV     1   --> A              
     e(  8 -  8) =      0.69880  eV     1   --> A              
     e(  9 -  9) =      1.03422  eV     1   --> A              

 **************************************************************************

 **************************************************************************

                    xk=(   0.00952,   0.01650,   0.00000  )

     Band symmetry, C_1 (1)     point group:

     e(  1 -  1) =     -6.87983  eV     1   --> A              
     e(  2 -  2) =     -3.33174  eV     1   --> A              
     e(  3 -  3) =     -3.31097  eV     1   --> A              
     e(  4 -  4) =     -3.22951  eV     1   --> A              
     e(  5 -  5) =     -3.19698  eV     1   --> A              
     e(  6 -  6) =     -2.84153  eV     1   --> A              
     e(  7 -  7) =     -1.96789  eV     1   --> A              
     e(  8 -  8) =      0.68300  eV     1   --> A              
     e(  9 -  9) =      1.01765  eV     1   --> A              

 **************************************************************************

 **************************************************************************

                    xk=(   0.00000,   0.00000,   0.00000  )

     Band symmetry, C_1 (1)     point group:

     e(  1 -  1) =     -6.88569  eV     1   --> A              
     e(  2 -  2) =     -3.32855  eV     1   --> A              
     e(  3 -  3) =     -3.31119  eV     1   --> A              
     e(  4 -  4) =     -3.22764  eV     1   --> A              
     e(  5 -  5) =     -3.19716  eV     1   --> A              
     e(  6 -  6) =     -2.84269  eV     1   --> A              
     e(  7 -  7) =     -1.97735  eV     1   --> A              
     e(  8 -  8) =      0.67774  eV     1   --> A              
     e(  9 -  9) =      1.01209  eV     1   --> A              

 **************************************************************************
 
     BANDS        :      2.58s CPU      2.97s WALL

 
   This run was terminated on:  15:56:31  24Jul2025            

=------------------------------------------------------------------------------=
   JOB DONE.
=------------------------------------------------------------------------------=
