
     Program BANDS v.7.2 starts on 24Jul2025 at 12:44:46 

     This program is part of the open-source Quantum ESPRESSO suite
     for quantum simulation of materials; please cite
         "P. Giannozzi et al., J. Phys.:Condens. Matter 21 395502 (2009);
         "P. Giannozzi et al., J. Phys.:Condens. Matter 29 465901 (2017);
         "P. Giannozzi et al., J. Chem. Phys. 152 154105 (2020);
          URL http://www.quantum-espresso.org", 
     in publications or presentations arising from this work. More details at
     http://www.quantum-espresso.org/quote

     Parallel version (MPI), running on    16 processors

     MPI processes distributed on     1 nodes
     R & G space division:  proc/nbgrp/npool/nimage =      16
     27813 MiB available memory on the printing compute node when the environment starts
 

     Reading xml data from directory:

     ./tmp/scf.save/
     Message from routine  set_nelup_neldw :
     BEWARE: non-integer number of up and down electrons!
     file Co.pbe-n-kjpaw_psl.1.0.0.UPF: wavefunction(s)  4S 3D renormalized

     IMPORTANT: XC functional enforced from input :
     Exchange-correlation= PBE
                           (   1   4   3   4   0   0   0)
     Any further DFT definition will be discarded
     Please, verify this is what you really want

 
     Parallelization info
     --------------------
     sticks:   dense  smooth     PW     G-vecs:    dense   smooth      PW
     Min          64      26      7                10182     2582     413
     Max          65      27      8                10205     2595     436
     Sum        1027     421    121               163013    41407    6791
 
     Using Slab Decomposition
 

     negative rho (up, down):  2.796E-06 6.151E-07
     Reading collected, re-writing distributed wavefunctions
     high-symmetry point:  0.0000 0.0000 0.0000   x coordinate   0.0000
     high-symmetry point:  0.5000-0.2887 0.0000   x coordinate   0.5774
     high-symmetry point:  0.3333 0.1925 0.0000   x coordinate   1.0865
     high-symmetry point:  0.0000 0.0000 0.0000   x coordinate   1.4714

     Plottable bands (eV) written to file bands_down.dat.gnu
     Bands written to file bands_down.dat

 **************************************************************************

                    xk=(   0.00000,   0.00000,   0.00000  )

     point group D_6h(6/mmm)
     there are 12 classes
     the character table:

       E     2C6   2C3   C2    3C2'  3C2'' i     2S3   2S6   s_h   3s_d  3s_v 
A_1g   1.00  1.00  1.00  1.00  1.00  1.00  1.00  1.00  1.00  1.00  1.00  1.00
A_2g   1.00  1.00  1.00  1.00 -1.00 -1.00  1.00  1.00  1.00  1.00 -1.00 -1.00
B_1g   1.00 -1.00  1.00 -1.00  1.00 -1.00  1.00 -1.00  1.00 -1.00  1.00 -1.00
B_2g   1.00 -1.00  1.00 -1.00 -1.00  1.00  1.00 -1.00  1.00 -1.00 -1.00  1.00
E_1g   2.00  1.00 -1.00 -2.00  0.00  0.00  2.00  1.00 -1.00 -2.00  0.00  0.00
E_2g   2.00 -1.00 -1.00  2.00  0.00  0.00  2.00 -1.00 -1.00  2.00  0.00  0.00
A_1u   1.00  1.00  1.00  1.00  1.00  1.00 -1.00 -1.00 -1.00 -1.00 -1.00 -1.00
A_2u   1.00  1.00  1.00  1.00 -1.00 -1.00 -1.00 -1.00 -1.00 -1.00  1.00  1.00
B_1u   1.00 -1.00  1.00 -1.00  1.00 -1.00 -1.00  1.00 -1.00  1.00 -1.00  1.00
B_2u   1.00 -1.00  1.00 -1.00 -1.00  1.00 -1.00  1.00 -1.00  1.00  1.00 -1.00
E_1u   2.00  1.00 -1.00 -2.00  0.00  0.00 -2.00 -1.00  1.00  2.00  0.00  0.00
E_2u   2.00 -1.00 -1.00  2.00  0.00  0.00 -2.00  1.00  1.00 -2.00  0.00  0.00

     the symmetry operations in each class and the name of the first element:

     E        1
                                                                 
     2C6      5    6
                                                                 
     2C3      7    8
                                                                 
     C2       2
                                                                 
     3C2'     4   12   11
                                                                 
     3C2''    3    9   10
                                                                 
     i       13
                                                                 
     2S3     17   18
                                                                 
     2S6     19   20
                                                                 
     s_h     14
                                                                 
     3s_d    16   24   23
                                                                 
     3s_v    15   21   22
                                                                 

     Band symmetry, D_6h(6/mmm) point group:

     e(  1 -  1) =     -8.15540  eV     1   --> A_1g           
     e(  2 -  2) =     -3.46294  eV     1   --> A_1g           
     e(  3 -  4) =     -2.92955  eV     2   --> E_2g           
     e(  5 -  5) =     -1.92765  eV     1   --> A_2u           
     e(  6 -  7) =     -1.42163  eV     2   --> E_1g           
     e(  8 -  8) =      2.21910  eV     1   --> A_1g           
     e(  9 -  9) =      3.02613  eV     1   --> A_2u           

 **************************************************************************

 **************************************************************************

                    xk=(   0.01351,  -0.00780,   0.00000  )

     point group C_2v (mm2) 
     there are  4 classes
     the character table:

       E     C2    s_v   s_v' 
A_1    1.00  1.00  1.00  1.00
A_2    1.00  1.00 -1.00 -1.00
B_1    1.00 -1.00  1.00 -1.00
B_2    1.00 -1.00 -1.00  1.00

     the symmetry operations in each class and the name of the first element:

     E        1
                                                                 
     C2       2
                                                                 
     s_v      4
                                                                 
     s_v'     3
                                                                 

     Band symmetry, C_2v (mm2)  point group:

     e(  1 -  1) =     -8.14835  eV     1   --> A_1  D_1  S_1  
     e(  2 -  2) =     -3.46050  eV     1   --> A_1  D_1  S_1  
     e(  3 -  3) =     -2.93246  eV     1   --> A_1  D_1  S_1  
     e(  4 -  4) =     -2.92612  eV     1   --> B_2  D_4  S_4  
     e(  5 -  5) =     -1.94996  eV     1   --> B_1  D_3  S_3  
     e(  6 -  6) =     -1.42238  eV     1   --> A_2  D_2  S_2  
     e(  7 -  7) =     -1.39588  eV     1   --> B_1  D_3  S_3  
     e(  8 -  8) =      2.22498  eV     1   --> A_1  D_1  S_1  
     e(  9 -  9) =      3.03287  eV     1   --> B_1  D_3  S_3  

 **************************************************************************

 **************************************************************************

                    xk=(   0.02703,  -0.01560,   0.00000  )

     Band symmetry, C_2v (mm2)  point group:

     e(  1 -  1) =     -8.12724  eV     1   --> A_1  D_1  S_1  
     e(  2 -  2) =     -3.45321  eV     1   --> A_1  D_1  S_1  
     e(  3 -  3) =     -2.94110  eV     1   --> A_1  D_1  S_1  
     e(  4 -  4) =     -2.91583  eV     1   --> B_2  D_4  S_4  
     e(  5 -  5) =     -2.00699  eV     1   --> B_1  D_3  S_3  
     e(  6 -  6) =     -1.42461  eV     1   --> A_2  D_2  S_2  
     e(  7 -  7) =     -1.32849  eV     1   --> B_1  D_3  S_3  
     e(  8 -  8) =      2.24260  eV     1   --> A_1  D_1  S_1  
     e(  9 -  9) =      3.05307  eV     1   --> B_1  D_3  S_3  

 **************************************************************************

 **************************************************************************

                    xk=(   0.04054,  -0.02341,   0.00000  )

     Band symmetry, C_2v (mm2)  point group:

     e(  1 -  1) =     -8.09213  eV     1   --> A_1  D_1  S_1  
     e(  2 -  2) =     -3.44114  eV     1   --> A_1  D_1  S_1  
     e(  3 -  3) =     -2.95536  eV     1   --> A_1  D_1  S_1  
     e(  4 -  4) =     -2.89876  eV     1   --> B_2  D_4  S_4  
     e(  5 -  5) =     -2.08264  eV     1   --> B_1  D_3  S_3  
     e(  6 -  6) =     -1.42832  eV     1   --> A_2  D_2  S_2  
     e(  7 -  7) =     -1.23547  eV     1   --> B_1  D_3  S_3  
     e(  8 -  8) =      2.27197  eV     1   --> A_1  D_1  S_1  
     e(  9 -  9) =      3.08670  eV     1   --> B_1  D_3  S_3  

 **************************************************************************

 **************************************************************************

                    xk=(   0.05405,  -0.03121,   0.00000  )

     Band symmetry, C_2v (mm2)  point group:

     e(  1 -  1) =     -8.04313  eV     1   --> A_1  D_1  S_1  
     e(  2 -  2) =     -3.42440  eV     1   --> A_1  D_1  S_1  
     e(  3 -  3) =     -2.97496  eV     1   --> A_1  D_1  S_1  
     e(  4 -  4) =     -2.87498  eV     1   --> B_2  D_4  S_4  
     e(  5 -  5) =     -2.16677  eV     1   --> B_1  D_3  S_3  
     e(  6 -  6) =     -1.43347  eV     1   --> A_2  D_2  S_2  
     e(  7 -  7) =     -1.12680  eV     1   --> B_1  D_3  S_3  
     e(  8 -  8) =      2.31310  eV     1   --> A_1  D_1  S_1  
     e(  9 -  9) =      3.13369  eV     1   --> B_1  D_3  S_3  

 **************************************************************************

 **************************************************************************

                    xk=(   0.06757,  -0.03901,   0.00000  )

     Band symmetry, C_2v (mm2)  point group:

     e(  1 -  1) =     -7.98039  eV     1   --> A_1  D_1  S_1  
     e(  2 -  2) =     -3.40316  eV     1   --> A_1  D_1  S_1  
     e(  3 -  3) =     -2.99950  eV     1   --> A_1  D_1  S_1  
     e(  4 -  4) =     -2.84457  eV     1   --> B_2  D_4  S_4  
     e(  5 -  5) =     -2.25442  eV     1   --> B_1  D_3  S_3  
     e(  6 -  6) =     -1.44001  eV     1   --> A_2  D_2  S_2  
     e(  7 -  7) =     -1.00725  eV     1   --> B_1  D_3  S_3  
     e(  8 -  8) =      2.36598  eV     1   --> A_1  D_1  S_1  
     e(  9 -  9) =      3.19395  eV     1   --> B_1  D_3  S_3  

 **************************************************************************

 **************************************************************************

                    xk=(   0.08108,  -0.04681,   0.00000  )

     Band symmetry, C_2v (mm2)  point group:

     e(  1 -  1) =     -7.90411  eV     1   --> A_1  D_1  S_1  
     e(  2 -  2) =     -3.37769  eV     1   --> A_1  D_1  S_1  
     e(  3 -  3) =     -3.02845  eV     1   --> A_1  D_1  S_1  
     e(  4 -  4) =     -2.80769  eV     1   --> B_2  D_4  S_4  
     e(  5 -  5) =     -2.34318  eV     1   --> B_1  D_3  S_3  
     e(  6 -  6) =     -1.44791  eV     1   --> A_2  D_2  S_2  
     e(  7 -  7) =     -0.87897  eV     1   --> B_1  D_3  S_3  
     e(  8 -  8) =      2.43062  eV     1   --> A_1  D_1  S_1  
     e(  9 -  9) =      3.26738  eV     1   --> B_1  D_3  S_3  

 **************************************************************************

 **************************************************************************

                    xk=(   0.09459,  -0.05461,   0.00000  )

     Band symmetry, C_2v (mm2)  point group:

     e(  1 -  1) =     -7.81456  eV     1   --> A_1  D_1  S_1  
     e(  2 -  2) =     -3.34844  eV     1   --> A_1  D_1  S_1  
     e(  3 -  3) =     -3.06102  eV     1   --> A_1  D_1  S_1  
     e(  4 -  4) =     -2.76453  eV     1   --> B_2  D_4  S_4  
     e(  5 -  5) =     -2.43179  eV     1   --> B_1  D_3  S_3  
     e(  6 -  6) =     -1.45711  eV     1   --> A_2  D_2  S_2  
     e(  7 -  7) =     -0.74293  eV     1   --> B_1  D_3  S_3  
     e(  8 -  8) =      2.50704  eV     1   --> A_1  D_1  S_1  
     e(  9 -  9) =      3.35384  eV     1   --> B_1  D_3  S_3  

 **************************************************************************

 **************************************************************************

                    xk=(   0.10811,  -0.06242,   0.00000  )

     Band symmetry, C_2v (mm2)  point group:

     e(  1 -  1) =     -7.71209  eV     1   --> A_1  D_1  S_1  
     e(  2 -  2) =     -3.31628  eV     1   --> A_1  D_1  S_1  
     e(  3 -  3) =     -3.09595  eV     1   --> A_1  D_1  S_1  
     e(  4 -  4) =     -2.71528  eV     1   --> B_2  D_4  S_4  
     e(  5 -  5) =     -2.51957  eV     1   --> B_1  D_3  S_3  
     e(  6 -  6) =     -1.46752  eV     1   --> A_2  D_2  S_2  
     e(  7 -  7) =     -0.59948  eV     1   --> B_1  D_3  S_3  
     e(  8 -  8) =      2.59522  eV     1   --> A_1  D_1  S_1  
     e(  9 -  9) =      3.45322  eV     1   --> B_1  D_3  S_3  

 **************************************************************************

 **************************************************************************

                    xk=(   0.12162,  -0.07022,   0.00000  )

     Band symmetry, C_2v (mm2)  point group:

     e(  1 -  1) =     -7.59709  eV     1   --> A_1  D_1  S_1  
     e(  2 -  2) =     -3.28347  eV     1   --> A_1  D_1  S_1  
     e(  3 -  3) =     -3.13048  eV     1   --> A_1  D_1  S_1  
     e(  4 -  4) =     -2.66018  eV     1   --> B_2  D_4  S_4  
     e(  5 -  5) =     -2.60609  eV     1   --> B_1  D_3  S_3  
     e(  6 -  6) =     -1.47907  eV     1   --> A_2  D_2  S_2  
     e(  7 -  7) =     -0.44871  eV     1   --> B_1  D_3  S_3  
     e(  8 -  8) =      2.69519  eV     1   --> A_1  D_1  S_1  
     e(  9 -  9) =      3.56537  eV     1   --> B_1  D_3  S_3  

 **************************************************************************

 **************************************************************************

                    xk=(   0.13514,  -0.07802,   0.00000  )

     Band symmetry, C_2v (mm2)  point group:

     e(  1 -  1) =     -7.47011  eV     1   --> A_1  D_1  S_1  
     e(  2 -  2) =     -3.25840  eV     1   --> A_1  D_1  S_1  
     e(  3 -  3) =     -3.15565  eV     1   --> A_1  D_1  S_1  
     e(  4 -  4) =     -2.69108  eV     1   --> B_1  D_3  S_3  
     e(  5 -  5) =     -2.59951  eV     1   --> B_2  D_4  S_4  
     e(  6 -  6) =     -1.49168  eV     1   --> A_2  D_2  S_2  
     e(  7 -  7) =     -0.29053  eV     1   --> B_1  D_3  S_3  
     e(  8 -  8) =      2.80695  eV     1   --> A_1  D_1  S_1  
     e(  9 -  9) =      3.69017  eV     1   --> B_1  D_3  S_3  

 **************************************************************************

 **************************************************************************

                    xk=(   0.14865,  -0.08582,   0.00000  )

     Band symmetry, C_2v (mm2)  point group:

     e(  1 -  1) =     -7.33179  eV     1   --> A_1  D_1  S_1  
     e(  2 -  2) =     -3.26252  eV     1   --> A_1  D_1  S_1  
     e(  3 -  3) =     -3.14935  eV     1   --> A_1  D_1  S_1  
     e(  4 -  4) =     -2.77433  eV     1   --> B_1  D_3  S_3  
     e(  5 -  5) =     -2.53357  eV     1   --> B_2  D_4  S_4  
     e(  6 -  6) =     -1.50525  eV     1   --> A_2  D_2  S_2  
     e(  7 -  7) =     -0.12478  eV     1   --> B_1  D_3  S_3  
     e(  8 -  8) =      2.93051  eV     1   --> A_1  D_1  S_1  
     e(  9 -  9) =      3.82747  eV     1   --> B_1  D_3  S_3  

 **************************************************************************

 **************************************************************************

                    xk=(   0.16216,  -0.09362,   0.00000  )

     Band symmetry, C_2v (mm2)  point group:

     e(  1 -  1) =     -7.18293  eV     1   --> A_1  D_1  S_1  
     e(  2 -  2) =     -3.29293  eV     1   --> A_1  D_1  S_1  
     e(  3 -  3) =     -3.11362  eV     1   --> A_1  D_1  S_1  
     e(  4 -  4) =     -2.85567  eV     1   --> B_1  D_3  S_3  
     e(  5 -  5) =     -2.46271  eV     1   --> B_2  D_4  S_4  
     e(  6 -  6) =     -1.51967  eV     1   --> A_2  D_2  S_2  
     e(  7 -  7) =      0.04874  eV     1   --> B_1  D_3  S_3  
     e(  8 -  8) =      3.06588  eV     1   --> A_1  D_1  S_1  
     e(  9 -  9) =      3.97716  eV     1   --> B_1  D_3  S_3  

 **************************************************************************

 **************************************************************************

                    xk=(   0.17568,  -0.10143,   0.00000  )

     Band symmetry, C_2v (mm2)  point group:

     e(  1 -  1) =     -7.02456  eV     1   --> A_1  D_1  S_1  
     e(  2 -  2) =     -3.33035  eV     1   --> A_1  D_1  S_1  
     e(  3 -  3) =     -3.06676  eV     1   --> A_1  D_1  S_1  
     e(  4 -  4) =     -2.93497  eV     1   --> B_1  D_3  S_3  
     e(  5 -  5) =     -2.38731  eV     1   --> B_2  D_4  S_4  
     e(  6 -  6) =     -1.53485  eV     1   --> A_2  D_2  S_2  
     e(  7 -  7) =      0.23025  eV     1   --> B_1  D_3  S_3  
     e(  8 -  8) =      3.21307  eV     1   --> A_1  D_1  S_1  
     e(  9 -  9) =      4.13911  eV     1   --> B_1  D_3  S_3  

 **************************************************************************

 **************************************************************************

                    xk=(   0.18919,  -0.10923,   0.00000  )

     Band symmetry, C_2v (mm2)  point group:

     e(  1 -  1) =     -6.85798  eV     1   --> A_1  D_1  S_1  
     e(  2 -  2) =     -3.36740  eV     1   --> A_1  D_1  S_1  
     e(  3 -  3) =     -3.01492  eV     1   --> A_1  D_1  S_1  
     e(  4 -  4) =     -3.01208  eV     1   --> B_1  D_3  S_3  
     e(  5 -  5) =     -2.30778  eV     1   --> B_2  D_4  S_4  
     e(  6 -  6) =     -1.55066  eV     1   --> A_2  D_2  S_2  
     e(  7 -  7) =      0.41998  eV     1   --> B_1  D_3  S_3  
     e(  8 -  8) =      3.37207  eV     1   --> A_1  D_1  S_1  
     e(  9 -  9) =      4.31322  eV     1   --> B_1  D_3  S_3  

 **************************************************************************

 **************************************************************************

                    xk=(   0.20270,  -0.11703,   0.00000  )

     Band symmetry, C_2v (mm2)  point group:

     e(  1 -  1) =     -6.68485  eV     1   --> A_1  D_1  S_1  
     e(  2 -  2) =     -3.40060  eV     1   --> A_1  D_1  S_1  
     e(  3 -  3) =     -3.08687  eV     1   --> B_1  D_3  S_3  
     e(  4 -  4) =     -2.96001  eV     1   --> A_1  D_1  S_1  
     e(  5 -  5) =     -2.22456  eV     1   --> B_2  D_4  S_4  
     e(  6 -  6) =     -1.56699  eV     1   --> A_2  D_2  S_2  
     e(  7 -  7) =      0.61813  eV     1   --> B_1  D_3  S_3  
     e(  8 -  8) =      3.54291  eV     1   --> A_1  D_1  S_1  
     e(  9 -  9) =      4.49938  eV     1   --> B_1  D_3  S_3  

 **************************************************************************

 **************************************************************************

                    xk=(   0.21622,  -0.12483,   0.00000  )

     Band symmetry, C_2v (mm2)  point group:

     e(  1 -  1) =     -6.50728  eV     1   --> A_1  D_1  S_1  
     e(  2 -  2) =     -3.42704  eV     1   --> A_1  D_1  S_1  
     e(  3 -  3) =     -3.15924  eV     1   --> B_1  D_3  S_3  
     e(  4 -  4) =     -2.90297  eV     1   --> A_1  D_1  S_1  
     e(  5 -  5) =     -2.13815  eV     1   --> B_2  D_4  S_4  
     e(  6 -  6) =     -1.58372  eV     1   --> A_2  D_2  S_2  
     e(  7 -  7) =      0.82489  eV     1   --> B_1  D_3  S_3  
     e(  8 -  8) =      3.72556  eV     1   --> A_1  D_1  S_1  
     e(  9 -  9) =      4.69751  eV     1   --> B_1  D_3  S_3  

 **************************************************************************

 **************************************************************************

                    xk=(   0.22973,  -0.13263,   0.00000  )

     Band symmetry, C_2v (mm2)  point group:

     e(  1 -  1) =     -6.32801  eV     1   --> A_1  D_1  S_1  
     e(  2 -  2) =     -3.44358  eV     1   --> A_1  D_1  S_1  
     e(  3 -  3) =     -3.22906  eV     1   --> B_1  D_3  S_3  
     e(  4 -  4) =     -2.84442  eV     1   --> A_1  D_1  S_1  
     e(  5 -  5) =     -2.04906  eV     1   --> B_2  D_4  S_4  
     e(  6 -  6) =     -1.60072  eV     1   --> A_2  D_2  S_2  
     e(  7 -  7) =      1.04045  eV     1   --> B_1  D_3  S_3  
     e(  8 -  8) =      3.92002  eV     1   --> A_1  D_1  S_1  
     e(  9 -  9) =      4.90751  eV     1   --> B_1  D_3  S_3  

 **************************************************************************

 **************************************************************************

                    xk=(   0.24324,  -0.14044,   0.00000  )

     Band symmetry, C_2v (mm2)  point group:

     e(  1 -  1) =     -6.15050  eV     1   --> A_1  D_1  S_1  
     e(  2 -  2) =     -3.44650  eV     1   --> A_1  D_1  S_1  
     e(  3 -  3) =     -3.29621  eV     1   --> B_1  D_3  S_3  
     e(  4 -  4) =     -2.78491  eV     1   --> A_1  D_1  S_1  
     e(  5 -  5) =     -1.95785  eV     1   --> B_2  D_4  S_4  
     e(  6 -  6) =     -1.61788  eV     1   --> A_2  D_2  S_2  
     e(  7 -  7) =      1.26496  eV     1   --> B_1  D_3  S_3  
     e(  8 -  8) =      4.12626  eV     1   --> A_1  D_1  S_1  
     e(  9 -  9) =      5.12933  eV     1   --> B_1  D_3  S_3  

 **************************************************************************

 **************************************************************************

                    xk=(   0.25676,  -0.14824,   0.00000  )

     Band symmetry, C_2v (mm2)  point group:

     e(  1 -  1) =     -5.97898  eV     1   --> A_1  D_1  S_1  
     e(  2 -  2) =     -3.43142  eV     1   --> A_1  D_1  S_1  
     e(  3 -  3) =     -3.36059  eV     1   --> B_1  D_3  S_3  
     e(  4 -  4) =     -2.72492  eV     1   --> A_1  D_1  S_1  
     e(  5 -  5) =     -1.86512  eV     1   --> B_2  D_4  S_4  
     e(  6 -  6) =     -1.63506  eV     1   --> A_2  D_2  S_2  
     e(  7 -  7) =      1.49853  eV     1   --> B_1  D_3  S_3  
     e(  8 -  8) =      4.34423  eV     1   --> A_1  D_1  S_1  
     e(  9 -  9) =      5.36288  eV     1   --> B_1  D_3  S_3  

 **************************************************************************

 **************************************************************************

                    xk=(   0.27027,  -0.15604,   0.00000  )

     Band symmetry, C_2v (mm2)  point group:

     e(  1 -  1) =     -5.81839  eV     1   --> A_1  D_1  S_1  
     e(  2 -  2) =     -3.42210  eV     1   --> B_1  D_3  S_3  
     e(  3 -  3) =     -3.39340  eV     1   --> A_1  D_1  S_1  
     e(  4 -  4) =     -2.66492  eV     1   --> A_1  D_1  S_1  
     e(  5 -  5) =     -1.77149  eV     1   --> B_2  D_4  S_4  
     e(  6 -  6) =     -1.65216  eV     1   --> A_2  D_2  S_2  
     e(  7 -  7) =      1.74127  eV     1   --> B_1  D_3  S_3  
     e(  8 -  8) =      4.57384  eV     1   --> A_1  D_1  S_1  
     e(  9 -  9) =      5.60811  eV     1   --> B_1  D_3  S_3  

 **************************************************************************

 **************************************************************************

                    xk=(   0.28378,  -0.16384,   0.00000  )

     Band symmetry, C_2v (mm2)  point group:

     e(  1 -  1) =     -5.67389  eV     1   --> A_1  D_1  S_1  
     e(  2 -  2) =     -3.48063  eV     1   --> B_1  D_3  S_3  
     e(  3 -  3) =     -3.32732  eV     1   --> A_1  D_1  S_1  
     e(  4 -  4) =     -2.60536  eV     1   --> A_1  D_1  S_1  
     e(  5 -  5) =     -1.67761  eV     1   --> B_2  D_4  S_4  
     e(  6 -  6) =     -1.66903  eV     1   --> A_2  D_2  S_2  
     e(  7 -  7) =      1.99324  eV     1   --> B_1  D_3  S_3  
     e(  8 -  8) =      4.81494  eV     1   --> A_1  D_1  S_1  
     e(  9 -  9) =      5.86493  eV     1   --> B_1  D_3  S_3  

 **************************************************************************

 **************************************************************************

                    xk=(   0.29730,  -0.17164,   0.00000  )

     Band symmetry, C_2v (mm2)  point group:

     e(  1 -  1) =     -5.55006  eV     1   --> A_1  D_1  S_1  
     e(  2 -  2) =     -3.53609  eV     1   --> B_1  D_3  S_3  
     e(  3 -  3) =     -3.22886  eV     1   --> A_1  D_1  S_1  
     e(  4 -  4) =     -2.54664  eV     1   --> A_1  D_1  S_1  
     e(  5 -  5) =     -1.68557  eV     1   --> A_2  D_2  S_2  
     e(  6 -  6) =     -1.58417  eV     1   --> B_2  D_4  S_4  
     e(  7 -  7) =      2.25447  eV     1   --> B_1  D_3  S_3  
     e(  8 -  8) =      5.06728  eV     1   --> A_1  D_1  S_1  
     e(  9 -  9) =      6.13327  eV     1   --> B_1  D_3  S_3  

 **************************************************************************

 **************************************************************************

                    xk=(   0.31081,  -0.17945,   0.00000  )

     Band symmetry, C_2v (mm2)  point group:

     e(  1 -  1) =     -5.44977  eV     1   --> A_1  D_1  S_1  
     e(  2 -  2) =     -3.58838  eV     1   --> B_1  D_3  S_3  
     e(  3 -  3) =     -3.09553  eV     1   --> A_1  D_1  S_1  
     e(  4 -  4) =     -2.48914  eV     1   --> A_1  D_1  S_1  
     e(  5 -  5) =     -1.70165  eV     1   --> A_2  D_2  S_2  
     e(  6 -  6) =     -1.49188  eV     1   --> B_2  D_4  S_4  
     e(  7 -  7) =      2.52493  eV     1   --> B_1  D_3  S_3  
     e(  8 -  8) =      5.33046  eV     1   --> A_1  D_1  S_1  
     e(  9 -  9) =      6.41303  eV     1   --> B_1  D_3  S_3  

 **************************************************************************

 **************************************************************************

                    xk=(   0.32432,  -0.18725,   0.00000  )

     Band symmetry, C_2v (mm2)  point group:

     e(  1 -  1) =     -5.37354  eV     1   --> A_1  D_1  S_1  
     e(  2 -  2) =     -3.63742  eV     1   --> B_1  D_3  S_3  
     e(  3 -  3) =     -2.92755  eV     1   --> A_1  D_1  S_1  
     e(  4 -  4) =     -2.43313  eV     1   --> A_1  D_1  S_1  
     e(  5 -  5) =     -1.71717  eV     1   --> A_2  D_2  S_2  
     e(  6 -  6) =     -1.40148  eV     1   --> B_2  D_4  S_4  
     e(  7 -  7) =      2.80455  eV     1   --> B_1  D_3  S_3  
     e(  8 -  8) =      5.60374  eV     1   --> A_1  D_1  S_1  
     e(  9 -  9) =      6.70409  eV     1   --> B_1  D_3  S_3  

 **************************************************************************

 **************************************************************************

                    xk=(   0.33784,  -0.19505,   0.00000  )

     Band symmetry, C_2v (mm2)  point group:

     e(  1 -  1) =     -5.31952  eV     1   --> A_1  D_1  S_1  
     e(  2 -  2) =     -3.68314  eV     1   --> B_1  D_3  S_3  
     e(  3 -  3) =     -2.72807  eV     1   --> A_1  D_1  S_1  
     e(  4 -  4) =     -2.37847  eV     1   --> A_1  D_1  S_1  
     e(  5 -  5) =     -1.73201  eV     1   --> A_2  D_2  S_2  
     e(  6 -  6) =     -1.31371  eV     1   --> B_2  D_4  S_4  
     e(  7 -  7) =      3.09318  eV     1   --> B_1  D_3  S_3  
     e(  8 -  8) =      5.88575  eV     1   --> A_1  D_1  S_1  
     e(  9 -  9) =      7.00628  eV     1   --> B_1  D_3  S_3  

 **************************************************************************

 **************************************************************************

                    xk=(   0.35135,  -0.20285,   0.00000  )

     Band symmetry, C_2v (mm2)  point group:

     e(  1 -  1) =     -5.28429  eV     1   --> A_1  D_1  S_1  
     e(  2 -  2) =     -3.72545  eV     1   --> B_1  D_3  S_3  
     e(  3 -  3) =     -2.50452  eV     1   --> A_1  D_1  S_1  
     e(  4 -  4) =     -2.32259  eV     1   --> A_1  D_1  S_1  
     e(  5 -  5) =     -1.74606  eV     1   --> A_2  D_2  S_2  
     e(  6 -  6) =     -1.22932  eV     1   --> B_2  D_4  S_4  
     e(  7 -  7) =      3.39057  eV     1   --> B_1  D_3  S_3  
     e(  8 -  8) =      6.17362  eV     1   --> A_1  D_1  S_1  
     e(  9 -  9) =      7.31931  eV     1   --> B_1  D_3  S_3  

 **************************************************************************

 **************************************************************************

                    xk=(   0.36486,  -0.21065,   0.00000  )

     Band symmetry, C_2v (mm2)  point group:

     e(  1 -  1) =     -5.26387  eV     1   --> A_1  D_1  S_1  
     e(  2 -  2) =     -3.76431  eV     1   --> B_1  D_3  S_3  
     e(  3 -  3) =     -2.31257  eV     1   --> A_1  D_1  S_1  
     e(  4 -  4) =     -2.21564  eV     1   --> A_1  D_1  S_1  
     e(  5 -  5) =     -1.75924  eV     1   --> A_2  D_2  S_2  
     e(  6 -  6) =     -1.14907  eV     1   --> B_2  D_4  S_4  
     e(  7 -  7) =      3.69634  eV     1   --> B_1  D_3  S_3  
     e(  8 -  8) =      6.46052  eV     1   --> A_1  D_1  S_1  
     e(  9 -  9) =      7.64274  eV     1   --> B_1  D_3  S_3  

 **************************************************************************

 **************************************************************************

                    xk=(   0.37838,  -0.21846,   0.00000  )

     Band symmetry, C_2v (mm2)  point group:

     e(  1 -  1) =     -5.25446  eV     1   --> A_1  D_1  S_1  
     e(  2 -  2) =     -3.79965  eV     1   --> B_1  D_3  S_3  
     e(  3 -  3) =     -2.24892  eV     1   --> A_1  D_1  S_1  
     e(  4 -  4) =     -1.96705  eV     1   --> A_1  D_1  S_1  
     e(  5 -  5) =     -1.77145  eV     1   --> A_2  D_2  S_2  
     e(  6 -  6) =     -1.07372  eV     1   --> B_2  D_4  S_4  
     e(  7 -  7) =      4.00991  eV     1   --> B_1  D_3  S_3  
     e(  8 -  8) =      6.72666  eV     1   --> A_1  D_1  S_1  
     e(  9 -  9) =      7.86758  eV     1   --> A_1  D_1  S_1  

 **************************************************************************

 **************************************************************************

                    xk=(   0.39189,  -0.22626,   0.00000  )

     Band symmetry, C_2v (mm2)  point group:

     e(  1 -  1) =     -5.25273  eV     1   --> A_1  D_1  S_1  
     e(  2 -  2) =     -3.83140  eV     1   --> B_1  D_3  S_3  
     e(  3 -  3) =     -2.20552  eV     1   --> A_1  D_1  S_1  
     e(  4 -  4) =     -1.78262  eV     1   --> A_2  D_2  S_2  
     e(  5 -  5) =     -1.69119  eV     1   --> A_1  D_1  S_1  
     e(  6 -  6) =     -1.00398  eV     1   --> B_2  D_4  S_4  
     e(  7 -  7) =      4.33042  eV     1   --> B_1  D_3  S_3  
     e(  8 -  8) =      6.90400  eV     1   --> A_1  D_1  S_1  
     e(  9 -  9) =      7.84064  eV     1   --> A_1  D_1  S_1  

 **************************************************************************

 **************************************************************************

                    xk=(   0.40541,  -0.23406,   0.00000  )

     Band symmetry, C_2v (mm2)  point group:

     e(  1 -  1) =     -5.25602  eV     1   --> A_1  D_1  S_1  
     e(  2 -  2) =     -3.85952  eV     1   --> B_1  D_3  S_3  
     e(  3 -  3) =     -2.16807  eV     1   --> A_1  D_1  S_1  
     e(  4 -  4) =     -1.79265  eV     1   --> A_2  D_2  S_2  
     e(  5 -  5) =     -1.40897  eV     1   --> A_1  D_1  S_1  
     e(  6 -  6) =     -0.94055  eV     1   --> B_2  D_4  S_4  
     e(  7 -  7) =      4.65652  eV     1   --> B_1  D_3  S_3  
     e(  8 -  8) =      6.84583  eV     1   --> A_1  D_1  S_1  
     e(  9 -  9) =      7.88769  eV     1   --> A_1  D_1  S_1  

 **************************************************************************

 **************************************************************************

                    xk=(   0.41892,  -0.24186,   0.00000  )

     Band symmetry, C_2v (mm2)  point group:

     e(  1 -  1) =     -5.26220  eV     1   --> A_1  D_1  S_1  
     e(  2 -  2) =     -3.88398  eV     1   --> B_1  D_3  S_3  
     e(  3 -  3) =     -2.13547  eV     1   --> A_1  D_1  S_1  
     e(  4 -  4) =     -1.80149  eV     1   --> A_2  D_2  S_2  
     e(  5 -  5) =     -1.12877  eV     1   --> A_1  D_1  S_1  
     e(  6 -  6) =     -0.88410  eV     1   --> B_2  D_4  S_4  
     e(  7 -  7) =      4.98610  eV     1   --> B_1  D_3  S_3  
     e(  8 -  8) =      6.57756  eV     1   --> A_1  D_1  S_1  
     e(  9 -  9) =      8.12621  eV     1   --> A_1  D_1  S_1  

 **************************************************************************

 **************************************************************************

                    xk=(   0.43243,  -0.24966,   0.00000  )

     Band symmetry, C_2v (mm2)  point group:

     e(  1 -  1) =     -5.26969  eV     1   --> A_1  D_1  S_1  
     e(  2 -  2) =     -3.90474  eV     1   --> B_1  D_3  S_3  
     e(  3 -  3) =     -2.10764  eV     1   --> A_1  D_1  S_1  
     e(  4 -  4) =     -1.80907  eV     1   --> A_2  D_2  S_2  
     e(  5 -  5) =     -0.85914  eV     1   --> A_1  D_1  S_1  
     e(  6 -  6) =     -0.83523  eV     1   --> B_2  D_4  S_4  
     e(  7 -  7) =      5.31565  eV     1   --> B_1  D_3  S_3  
     e(  8 -  8) =      6.25060  eV     1   --> A_1  D_1  S_1  
     e(  9 -  9) =      8.45044  eV     1   --> A_1  D_1  S_1  

 **************************************************************************

 **************************************************************************

                    xk=(   0.44595,  -0.25747,   0.00000  )

     Band symmetry, C_2v (mm2)  point group:

     e(  1 -  1) =     -5.27723  eV     1   --> A_1  D_1  S_1  
     e(  2 -  2) =     -3.92176  eV     1   --> B_1  D_3  S_3  
     e(  3 -  3) =     -2.08465  eV     1   --> A_1  D_1  S_1  
     e(  4 -  4) =     -1.81534  eV     1   --> A_2  D_2  S_2  
     e(  5 -  5) =     -0.79446  eV     1   --> B_2  D_4  S_4  
     e(  6 -  6) =     -0.61018  eV     1   --> A_1  D_1  S_1  
     e(  7 -  7) =      5.63916  eV     1   --> B_1  D_3  S_3  
     e(  8 -  8) =      5.93386  eV     1   --> A_1  D_1  S_1  
     e(  9 -  9) =      8.81092  eV     1   --> A_1  D_1  S_1  

 **************************************************************************

 **************************************************************************

                    xk=(   0.45946,  -0.26527,   0.00000  )

     Band symmetry, C_2v (mm2)  point group:

     e(  1 -  1) =     -5.28395  eV     1   --> A_1  D_1  S_1  
     e(  2 -  2) =     -3.93503  eV     1   --> B_1  D_3  S_3  
     e(  3 -  3) =     -2.06662  eV     1   --> A_1  D_1  S_1  
     e(  4 -  4) =     -1.82027  eV     1   --> A_2  D_2  S_2  
     e(  5 -  5) =     -0.76226  eV     1   --> B_2  D_4  S_4  
     e(  6 -  6) =     -0.39399  eV     1   --> A_1  D_1  S_1  
     e(  7 -  7) =      5.65776  eV     1   --> A_1  D_1  S_1  
     e(  8 -  8) =      5.94578  eV     1   --> B_1  D_3  S_3  
     e(  9 -  9) =      9.19090  eV     1   -->   ?

 **************************************************************************

 **************************************************************************

                    xk=(   0.47297,  -0.27307,   0.00000  )

     Band symmetry, C_2v (mm2)  point group:

     e(  1 -  1) =     -5.28917  eV     1   --> A_1  D_1  S_1  
     e(  2 -  2) =     -3.94452  eV     1   --> B_1  D_3  S_3  
     e(  3 -  3) =     -2.05366  eV     1   --> A_1  D_1  S_1  
     e(  4 -  4) =     -1.82381  eV     1   --> A_2  D_2  S_2  
     e(  5 -  5) =     -0.73898  eV     1   --> B_2  D_4  S_4  
     e(  6 -  6) =     -0.22437  eV     1   --> A_1  D_1  S_1  
     e(  7 -  7) =      5.44281  eV     1   --> A_1  D_1  S_1  
     e(  8 -  8) =      6.21528  eV     1   --> B_1  D_3  S_3  
     e(  9 -  9) =      8.94667  eV     1   --> B_1  D_3  S_3  

 **************************************************************************

 **************************************************************************

                    xk=(   0.48649,  -0.28087,   0.00000  )

     Band symmetry, C_2v (mm2)  point group:

     e(  1 -  1) =     -5.29247  eV     1   --> A_1  D_1  S_1  
     e(  2 -  2) =     -3.95022  eV     1   --> B_1  D_3  S_3  
     e(  3 -  3) =     -2.04586  eV     1   --> A_1  D_1  S_1  
     e(  4 -  4) =     -1.82595  eV     1   --> A_2  D_2  S_2  
     e(  5 -  5) =     -0.72491  eV     1   --> B_2  D_4  S_4  
     e(  6 -  6) =     -0.11524  eV     1   --> A_1  D_1  S_1  
     e(  7 -  7) =      5.30571  eV     1   --> A_1  D_1  S_1  
     e(  8 -  8) =      6.41169  eV     1   --> B_1  D_3  S_3  
     e(  9 -  9) =      8.74049  eV     1   --> B_1  D_3  S_3  

 **************************************************************************

 **************************************************************************

                    xk=(   0.50000,  -0.28868,   0.00000  )

     point group D_2h (mmm) 
     there are  8 classes
     the character table:

       E     C2    C2'   C2''  i     s_v   s_v'  s_v''
A_g    1.00  1.00  1.00  1.00  1.00  1.00  1.00  1.00
B_1g   1.00  1.00 -1.00 -1.00  1.00  1.00 -1.00 -1.00
B_2g   1.00 -1.00  1.00 -1.00  1.00 -1.00  1.00 -1.00
B_3g   1.00 -1.00 -1.00  1.00  1.00 -1.00 -1.00  1.00
A_u    1.00  1.00  1.00  1.00 -1.00 -1.00 -1.00 -1.00
B_1u   1.00  1.00 -1.00 -1.00 -1.00 -1.00  1.00  1.00
B_2u   1.00 -1.00  1.00 -1.00 -1.00  1.00 -1.00  1.00
B_3u   1.00 -1.00 -1.00  1.00 -1.00  1.00  1.00 -1.00

     the symmetry operations in each class and the name of the first element:

     E        1
                                                                 
     C2       2
                                                                 
     C2'      3
                                                                 
     C2''     4
                                                                 
     i        5
                                                                 
     s_v      6
                                                                 
     s_v'     7
                                                                 
     s_v''    8
                                                                 

     Band symmetry, D_2h (mmm)  point group:

     e(  1 -  1) =     -5.29361  eV     1   --> A_g            
     e(  2 -  2) =     -3.95213  eV     1   --> B_3g           
     e(  3 -  3) =     -2.04325  eV     1   --> A_g            
     e(  4 -  4) =     -1.82666  eV     1   --> B_2g           
     e(  5 -  5) =     -0.72020  eV     1   --> B_1g           
     e(  6 -  6) =     -0.07747  eV     1   --> B_2u           
     e(  7 -  7) =      5.25850  eV     1   --> A_g            
     e(  8 -  8) =      6.48613  eV     1   --> B_1u           
     e(  9 -  9) =      8.66142  eV     1   --> B_3g           

 **************************************************************************

 **************************************************************************

                    xk=(   0.49383,  -0.27086,   0.00000  )

     point group C_s (m)    
     there are  2 classes
     the character table:

       E     s    
A'     1.00  1.00
A''    1.00 -1.00

     the symmetry operations in each class and the name of the first element:

     E        1
                                                                 
     s        2
                                                                 

     Band symmetry, C_s (m)     point group:

     e(  1 -  1) =     -5.28925  eV     1   --> A'             
     e(  2 -  2) =     -3.94916  eV     1   --> A''            
     e(  3 -  3) =     -2.04518  eV     1   --> A'             
     e(  4 -  4) =     -1.82894  eV     1   --> A''            
     e(  5 -  5) =     -0.76623  eV     1   --> A'             
     e(  6 -  6) =     -0.06360  eV     1   --> A'             
     e(  7 -  7) =      5.29940  eV     1   --> A'             
     e(  8 -  8) =      6.42895  eV     1   --> A''            
     e(  9 -  9) =      8.73097  eV     1   --> A''            

 **************************************************************************

 **************************************************************************

                    xk=(   0.48765,  -0.25304,   0.00000  )

     Band symmetry, C_s (m)     point group:

     e(  1 -  1) =     -5.27625  eV     1   --> A'             
     e(  2 -  2) =     -3.94033  eV     1   --> A''            
     e(  3 -  3) =     -2.05102  eV     1   --> A'             
     e(  4 -  4) =     -1.83571  eV     1   --> A''            
     e(  5 -  5) =     -0.89050  eV     1   --> A'             
     e(  6 -  6) =     -0.03346  eV     1   --> A'             
     e(  7 -  7) =      5.41961  eV     1   --> A'             
     e(  8 -  8) =      6.27634  eV     1   --> A''            
     e(  9 -  9) =      8.91807  eV     1   --> A''            

 **************************************************************************

 **************************************************************************

                    xk=(   0.48148,  -0.23522,   0.00000  )

     Band symmetry, C_s (m)     point group:

     e(  1 -  1) =     -5.25461  eV     1   --> A'             
     e(  2 -  2) =     -3.92583  eV     1   --> A''            
     e(  3 -  3) =     -2.06083  eV     1   --> A'             
     e(  4 -  4) =     -1.84673  eV     1   --> A''            
     e(  5 -  5) =     -1.06873  eV     1   --> A'             
     e(  6 -  6) =     -0.00480  eV     1   --> A'             
     e(  7 -  7) =      5.61223  eV     1   --> A'             
     e(  8 -  8) =      6.06511  eV     1   --> A''            
     e(  9 -  9) =      9.17381  eV     1   --> A''            

 **************************************************************************

 **************************************************************************

                    xk=(   0.47531,  -0.21740,   0.00000  )

     Band symmetry, C_s (m)     point group:

     e(  1 -  1) =     -5.22445  eV     1   --> A'             
     e(  2 -  2) =     -3.90597  eV     1   --> A''            
     e(  3 -  3) =     -2.07493  eV     1   --> A'             
     e(  4 -  4) =     -1.86163  eV     1   --> A''            
     e(  5 -  5) =     -1.28239  eV     1   --> A'             
     e(  6 -  6) =      0.01302  eV     1   --> A'             
     e(  7 -  7) =      5.82499  eV     1   --> A''            
     e(  8 -  8) =      5.86713  eV     1   --> A'             
     e(  9 -  9) =      9.00001  eV     1   --> A'             

 **************************************************************************

 **************************************************************************

                    xk=(   0.46914,  -0.19958,   0.00000  )

     Band symmetry, C_s (m)     point group:

     e(  1 -  1) =     -5.18586  eV     1   --> A'             
     e(  2 -  2) =     -3.88118  eV     1   --> A''            
     e(  3 -  3) =     -2.09432  eV     1   --> A'             
     e(  4 -  4) =     -1.87988  eV     1   --> A''            
     e(  5 -  5) =     -1.51804  eV     1   --> A'             
     e(  6 -  6) =      0.01736  eV     1   --> A'             
     e(  7 -  7) =      5.57410  eV     1   --> A''            
     e(  8 -  8) =      6.17176  eV     1   --> A'             
     e(  9 -  9) =      8.69426  eV     1   --> A'             

 **************************************************************************

 **************************************************************************

                    xk=(   0.46296,  -0.18176,   0.00000  )

     Band symmetry, C_s (m)     point group:

     e(  1 -  1) =     -5.13904  eV     1   --> A'             
     e(  2 -  2) =     -3.85206  eV     1   --> A''            
     e(  3 -  3) =     -2.12312  eV     1   --> A'             
     e(  4 -  4) =     -1.90077  eV     1   --> A''            
     e(  5 -  5) =     -1.76249  eV     1   --> A'             
     e(  6 -  6) =      0.00850  eV     1   --> A'             
     e(  7 -  7) =      5.32269  eV     1   --> A''            
     e(  8 -  8) =      6.50967  eV     1   --> A'             
     e(  9 -  9) =      8.41607  eV     1   --> A'             

 **************************************************************************

 **************************************************************************

                    xk=(   0.45679,  -0.16394,   0.00000  )

     Band symmetry, C_s (m)     point group:

     e(  1 -  1) =     -5.08421  eV     1   --> A'             
     e(  2 -  2) =     -3.81936  eV     1   --> A''            
     e(  3 -  3) =     -2.18593  eV     1   --> A'             
     e(  4 -  4) =     -1.98402  eV     1   --> A'             
     e(  5 -  5) =     -1.92347  eV     1   --> A''            
     e(  6 -  6) =     -0.01231  eV     1   --> A'             
     e(  7 -  7) =      5.07658  eV     1   --> A''            
     e(  8 -  8) =      6.85228  eV     1   --> A'             
     e(  9 -  9) =      8.18357  eV     1   --> A'             

 **************************************************************************

 **************************************************************************

                    xk=(   0.45062,  -0.14612,   0.00000  )

     Band symmetry, C_s (m)     point group:

     e(  1 -  1) =     -5.02166  eV     1   --> A'             
     e(  2 -  2) =     -3.78398  eV     1   --> A''            
     e(  3 -  3) =     -2.36329  eV     1   --> A'             
     e(  4 -  4) =     -2.09628  eV     1   --> A'             
     e(  5 -  5) =     -1.94695  eV     1   --> A''            
     e(  6 -  6) =     -0.04365  eV     1   --> A'             
     e(  7 -  7) =      4.83917  eV     1   --> A''            
     e(  8 -  8) =      7.12757  eV     1   --> A'             
     e(  9 -  9) =      8.05276  eV     1   --> A'             

 **************************************************************************

 **************************************************************************

                    xk=(   0.44444,  -0.12830,   0.00000  )

     Band symmetry, C_s (m)     point group:

     e(  1 -  1) =     -4.95186  eV     1   --> A'             
     e(  2 -  2) =     -3.74697  eV     1   --> A''            
     e(  3 -  3) =     -2.60911  eV     1   --> A'             
     e(  4 -  4) =     -2.14050  eV     1   --> A'             
     e(  5 -  5) =     -1.97005  eV     1   --> A''            
     e(  6 -  6) =     -0.08424  eV     1   --> A'             
     e(  7 -  7) =      4.61248  eV     1   --> A''            
     e(  8 -  8) =      7.20031  eV     1   --> A'             
     e(  9 -  9) =      8.11848  eV     1   --> A'             

 **************************************************************************

 **************************************************************************

                    xk=(   0.43827,  -0.11048,   0.00000  )

     Band symmetry, C_s (m)     point group:

     e(  1 -  1) =     -4.87544  eV     1   --> A'             
     e(  2 -  2) =     -3.70957  eV     1   --> A''            
     e(  3 -  3) =     -2.86309  eV     1   --> A'             
     e(  4 -  4) =     -2.17271  eV     1   --> A'             
     e(  5 -  5) =     -1.99146  eV     1   --> A''            
     e(  6 -  6) =     -0.13296  eV     1   --> A'             
     e(  7 -  7) =      4.39777  eV     1   --> A''            
     e(  8 -  8) =      7.08949  eV     1   --> A'             
     e(  9 -  9) =      8.23239  eV     1   --> A'             

 **************************************************************************

 **************************************************************************

                    xk=(   0.43210,  -0.09266,   0.00000  )

     Band symmetry, C_s (m)     point group:

     e(  1 -  1) =     -4.79340  eV     1   --> A'             
     e(  2 -  2) =     -3.67313  eV     1   --> A''            
     e(  3 -  3) =     -3.11195  eV     1   --> A'             
     e(  4 -  4) =     -2.20218  eV     1   --> A'             
     e(  5 -  5) =     -2.00979  eV     1   --> A''            
     e(  6 -  6) =     -0.18890  eV     1   --> A'             
     e(  7 -  7) =      4.19581  eV     1   --> A''            
     e(  8 -  8) =      6.91955  eV     1   --> A'             
     e(  9 -  9) =      8.10723  eV     1   --> A''            

 **************************************************************************

 **************************************************************************

                    xk=(   0.42593,  -0.07484,   0.00000  )

     Band symmetry, C_s (m)     point group:

     e(  1 -  1) =     -4.70752  eV     1   --> A'             
     e(  2 -  2) =     -3.63907  eV     1   --> A''            
     e(  3 -  3) =     -3.34972  eV     1   --> A'             
     e(  4 -  4) =     -2.23062  eV     1   --> A'             
     e(  5 -  5) =     -2.02363  eV     1   --> A''            
     e(  6 -  6) =     -0.25131  eV     1   --> A'             
     e(  7 -  7) =      4.00709  eV     1   --> A''            
     e(  8 -  8) =      6.74070  eV     1   --> A'             
     e(  9 -  9) =      7.90149  eV     1   --> A''            

 **************************************************************************

 **************************************************************************

                    xk=(   0.41975,  -0.05702,   0.00000  )

     Band symmetry, C_s (m)     point group:

     e(  1 -  1) =     -4.62133  eV     1   --> A'             
     e(  2 -  2) =     -3.60882  eV     1   --> A''            
     e(  3 -  3) =     -3.57056  eV     1   --> A'             
     e(  4 -  4) =     -2.25825  eV     1   --> A'             
     e(  5 -  5) =     -2.03162  eV     1   --> A''            
     e(  6 -  6) =     -0.31954  eV     1   --> A'             
     e(  7 -  7) =      3.83194  eV     1   --> A''            
     e(  8 -  8) =      6.56808  eV     1   --> A'             
     e(  9 -  9) =      7.71220  eV     1   --> A''            

 **************************************************************************

 **************************************************************************

                    xk=(   0.41358,  -0.03920,   0.00000  )

     Band symmetry, C_s (m)     point group:

     e(  1 -  1) =     -4.54296  eV     1   --> A'             
     e(  2 -  2) =     -3.76476  eV     1   --> A'             
     e(  3 -  3) =     -3.58366  eV     1   --> A''            
     e(  4 -  4) =     -2.28489  eV     1   --> A'             
     e(  5 -  5) =     -2.03265  eV     1   --> A''            
     e(  6 -  6) =     -0.39302  eV     1   --> A'             
     e(  7 -  7) =      3.67058  eV     1   --> A''            
     e(  8 -  8) =      6.40719  eV     1   --> A'             
     e(  9 -  9) =      7.53973  eV     1   --> A''            

 **************************************************************************

 **************************************************************************

                    xk=(   0.40741,  -0.02138,   0.00000  )

     Band symmetry, C_s (m)     point group:

     e(  1 -  1) =     -4.49287  eV     1   --> A'             
     e(  2 -  2) =     -3.91079  eV     1   --> A'             
     e(  3 -  3) =     -3.56457  eV     1   --> A''            
     e(  4 -  4) =     -2.31021  eV     1   --> A'             
     e(  5 -  5) =     -2.02599  eV     1   --> A''            
     e(  6 -  6) =     -0.47125  eV     1   --> A'             
     e(  7 -  7) =      3.52324  eV     1   --> A''            
     e(  8 -  8) =      6.26042  eV     1   --> A'             
     e(  9 -  9) =      7.38431  eV     1   --> A''            

 **************************************************************************

 **************************************************************************

                    xk=(   0.40123,  -0.00356,   0.00000  )

     Band symmetry, C_s (m)     point group:

     e(  1 -  1) =     -4.50865  eV     1   --> A'             
     e(  2 -  2) =     -3.97028  eV     1   --> A'             
     e(  3 -  3) =     -3.55214  eV     1   --> A''            
     e(  4 -  4) =     -2.33381  eV     1   --> A'             
     e(  5 -  5) =     -2.01145  eV     1   --> A''            
     e(  6 -  6) =     -0.55371  eV     1   --> A'             
     e(  7 -  7) =      3.39014  eV     1   --> A''            
     e(  8 -  8) =      6.12897  eV     1   --> A'             
     e(  9 -  9) =      7.24617  eV     1   --> A''            

 **************************************************************************

 **************************************************************************

                    xk=(   0.39506,   0.01426,   0.00000  )

     Band symmetry, C_s (m)     point group:

     e(  1 -  1) =     -4.59852  eV     1   --> A'             
     e(  2 -  2) =     -3.93452  eV     1   --> A'             
     e(  3 -  3) =     -3.54643  eV     1   --> A''            
     e(  4 -  4) =     -2.35529  eV     1   --> A'             
     e(  5 -  5) =     -1.98942  eV     1   --> A''            
     e(  6 -  6) =     -0.63984  eV     1   --> A'             
     e(  7 -  7) =      3.27154  eV     1   --> A''            
     e(  8 -  8) =      6.01350  eV     1   --> A'             
     e(  9 -  9) =      7.12542  eV     1   --> A''            

 **************************************************************************

 **************************************************************************

                    xk=(   0.38889,   0.03208,   0.00000  )

     Band symmetry, C_s (m)     point group:

     e(  1 -  1) =     -4.72189  eV     1   --> A'             
     e(  2 -  2) =     -3.84394  eV     1   --> A'             
     e(  3 -  3) =     -3.54705  eV     1   --> A''            
     e(  4 -  4) =     -2.37428  eV     1   --> A'             
     e(  5 -  5) =     -1.96094  eV     1   --> A''            
     e(  6 -  6) =     -0.72898  eV     1   --> A'             
     e(  7 -  7) =      3.16780  eV     1   --> A''            
     e(  8 -  8) =      5.91442  eV     1   --> A'             
     e(  9 -  9) =      7.02224  eV     1   --> A''            

 **************************************************************************

 **************************************************************************

                    xk=(   0.38272,   0.04989,   0.00000  )

     Band symmetry, C_s (m)     point group:

     e(  1 -  1) =     -4.84894  eV     1   --> A'             
     e(  2 -  2) =     -3.72845  eV     1   --> A'             
     e(  3 -  3) =     -3.55320  eV     1   --> A''            
     e(  4 -  4) =     -2.39044  eV     1   --> A'             
     e(  5 -  5) =     -1.92756  eV     1   --> A''            
     e(  6 -  6) =     -0.82030  eV     1   --> A'             
     e(  7 -  7) =      3.07933  eV     1   --> A''            
     e(  8 -  8) =      5.83203  eV     1   --> A'             
     e(  9 -  9) =      6.93675  eV     1   --> A''            

 **************************************************************************

 **************************************************************************

                    xk=(   0.37654,   0.06771,   0.00000  )

     Band symmetry, C_s (m)     point group:

     e(  1 -  1) =     -4.96744  eV     1   --> A'             
     e(  2 -  2) =     -3.60078  eV     1   --> A'             
     e(  3 -  3) =     -3.56380  eV     1   --> A''            
     e(  4 -  4) =     -2.40347  eV     1   --> A'             
     e(  5 -  5) =     -1.89120  eV     1   --> A''            
     e(  6 -  6) =     -0.91273  eV     1   --> A'             
     e(  7 -  7) =      3.00667  eV     1   --> A''            
     e(  8 -  8) =      5.76651  eV     1   --> A'             
     e(  9 -  9) =      6.86909  eV     1   --> A''            

 **************************************************************************

 **************************************************************************

                    xk=(   0.37037,   0.08553,   0.00000  )

     Band symmetry, C_s (m)     point group:

     e(  1 -  1) =     -5.07233  eV     1   --> A'             
     e(  2 -  2) =     -3.57765  eV     1   --> A''            
     e(  3 -  3) =     -3.46698  eV     1   --> A'             
     e(  4 -  4) =     -2.41311  eV     1   --> A'             
     e(  5 -  5) =     -1.85403  eV     1   --> A''            
     e(  6 -  6) =     -1.00476  eV     1   --> A'             
     e(  7 -  7) =      2.95043  eV     1   --> A''            
     e(  8 -  8) =      5.71802  eV     1   --> A'             
     e(  9 -  9) =      6.81939  eV     1   --> A''            

 **************************************************************************

 **************************************************************************

                    xk=(   0.36420,   0.10335,   0.00000  )

     Band symmetry, C_s (m)     point group:

     e(  1 -  1) =     -5.16119  eV     1   --> A'             
     e(  2 -  2) =     -3.59354  eV     1   --> A''            
     e(  3 -  3) =     -3.33113  eV     1   --> A'             
     e(  4 -  4) =     -2.41918  eV     1   --> A'             
     e(  5 -  5) =     -1.81825  eV     1   --> A''            
     e(  6 -  6) =     -1.09428  eV     1   --> A'             
     e(  7 -  7) =      2.91130  eV     1   --> A''            
     e(  8 -  8) =      5.68669  eV     1   --> A'             
     e(  9 -  9) =      6.78777  eV     1   --> A''            

 **************************************************************************

 **************************************************************************

                    xk=(   0.35802,   0.12117,   0.00000  )

     Band symmetry, C_s (m)     point group:

     e(  1 -  1) =     -5.23273  eV     1   --> A'             
     e(  2 -  2) =     -3.61033  eV     1   --> A''            
     e(  3 -  3) =     -3.19719  eV     1   --> A'             
     e(  4 -  4) =     -2.42160  eV     1   --> A'             
     e(  5 -  5) =     -1.78601  eV     1   --> A''            
     e(  6 -  6) =     -1.17823  eV     1   --> A'             
     e(  7 -  7) =      2.89001  eV     1   --> A''            
     e(  8 -  8) =      5.67263  eV     1   --> A'             
     e(  9 -  9) =      6.77434  eV     1   --> A''            

 **************************************************************************

 **************************************************************************

                    xk=(   0.35185,   0.13899,   0.00000  )

     Band symmetry, C_s (m)     point group:

     e(  1 -  1) =     -5.28618  eV     1   --> A'             
     e(  2 -  2) =     -3.62701  eV     1   --> A''            
     e(  3 -  3) =     -3.06988  eV     1   --> A'             
     e(  4 -  4) =     -2.42035  eV     1   --> A'             
     e(  5 -  5) =     -1.75928  eV     1   --> A''            
     e(  6 -  6) =     -1.25218  eV     1   --> A'             
     e(  7 -  7) =      2.88725  eV     1   --> A''            
     e(  8 -  8) =      5.67594  eV     1   --> A'             
     e(  9 -  9) =      6.77920  eV     1   --> A''            

 **************************************************************************

 **************************************************************************

                    xk=(   0.34568,   0.15681,   0.00000  )

     Band symmetry, C_s (m)     point group:

     e(  1 -  1) =     -5.32117  eV     1   --> A'             
     e(  2 -  2) =     -3.64269  eV     1   --> A''            
     e(  3 -  3) =     -2.95544  eV     1   --> A'             
     e(  4 -  4) =     -2.41559  eV     1   --> A'             
     e(  5 -  5) =     -1.73973  eV     1   --> A''            
     e(  6 -  6) =     -1.30988  eV     1   --> A'             
     e(  7 -  7) =      2.90368  eV     1   --> A''            
     e(  8 -  8) =      5.69671  eV     1   --> A'             
     e(  9 -  9) =      6.80245  eV     1   --> A''            

 **************************************************************************

 **************************************************************************

                    xk=(   0.33951,   0.17463,   0.00000  )

     Band symmetry, C_s (m)     point group:

     e(  1 -  1) =     -5.33751  eV     1   --> A'             
     e(  2 -  2) =     -3.65664  eV     1   --> A''            
     e(  3 -  3) =     -2.86182  eV     1   --> A'             
     e(  4 -  4) =     -2.40757  eV     1   --> A'             
     e(  5 -  5) =     -1.72871  eV     1   --> A''            
     e(  6 -  6) =     -1.34307  eV     1   --> A'             
     e(  7 -  7) =      2.93981  eV     1   --> A''            
     e(  8 -  8) =      5.73501  eV     1   --> A'             
     e(  9 -  9) =      6.84414  eV     1   --> A''            

 **************************************************************************

 **************************************************************************

                    xk=(   0.33333,   0.19245,   0.00000  )

     point group C_2v (mm2) 
     there are  4 classes
     the character table:

       E     C2    s_v   s_v' 
A_1    1.00  1.00  1.00  1.00
A_2    1.00  1.00 -1.00 -1.00
B_1    1.00 -1.00  1.00 -1.00
B_2    1.00 -1.00 -1.00  1.00

     the symmetry operations in each class and the name of the first element:

     E        1
                                                                 
     C2       2
                                                                 
     s_v      3
                                                                 
     s_v'     4
                                                                 

     Band symmetry, C_2v (mm2)  point group:

     e(  1 -  1) =     -5.33525  eV     1   --> A_1  D_1  S_1  
     e(  2 -  2) =     -3.66828  eV     1   --> B_2  D_4  S_4  
     e(  3 -  3) =     -2.79774  eV     1   --> A_1  D_1  S_1  
     e(  4 -  4) =     -2.39659  eV     1   --> A_1  D_1  S_1  
     e(  5 -  5) =     -1.72714  eV     1   --> A_2  D_2  S_2  
     e(  6 -  6) =     -1.34263  eV     1   --> B_1  D_3  S_3  
     e(  7 -  7) =      2.99598  eV     1   --> B_2  D_4  S_4  
     e(  8 -  8) =      5.79091  eV     1   --> A_1  D_1  S_1  
     e(  9 -  9) =      6.90433  eV     1   --> B_2  D_4  S_4  

 **************************************************************************

 **************************************************************************

                    xk=(   0.32381,   0.18695,   0.00000  )

     Band symmetry, C_2v (mm2)  point group:

     e(  1 -  1) =     -5.37602  eV     1   --> A_1  D_1  S_1  
     e(  2 -  2) =     -3.63561  eV     1   --> B_2  D_4  S_4  
     e(  3 -  3) =     -2.93456  eV     1   --> A_1  D_1  S_1  
     e(  4 -  4) =     -2.43524  eV     1   --> A_1  D_1  S_1  
     e(  5 -  5) =     -1.71659  eV     1   --> A_2  D_2  S_2  
     e(  6 -  6) =     -1.40488  eV     1   --> B_1  D_3  S_3  
     e(  7 -  7) =      2.79373  eV     1   --> B_2  D_4  S_4  
     e(  8 -  8) =      5.59316  eV     1   --> A_1  D_1  S_1  
     e(  9 -  9) =      6.69280  eV     1   --> B_2  D_4  S_4  

 **************************************************************************

 **************************************************************************

                    xk=(   0.31429,   0.18145,   0.00000  )

     Band symmetry, C_2v (mm2)  point group:

     e(  1 -  1) =     -5.42791  eV     1   --> A_1  D_1  S_1  
     e(  2 -  2) =     -3.60130  eV     1   --> B_2  D_4  S_4  
     e(  3 -  3) =     -3.05557  eV     1   --> A_1  D_1  S_1  
     e(  4 -  4) =     -2.47459  eV     1   --> A_1  D_1  S_1  
     e(  5 -  5) =     -1.70570  eV     1   --> A_2  D_2  S_2  
     e(  6 -  6) =     -1.46843  eV     1   --> B_1  D_3  S_3  
     e(  7 -  7) =      2.59597  eV     1   --> B_2  D_4  S_4  
     e(  8 -  8) =      5.39981  eV     1   --> A_1  D_1  S_1  
     e(  9 -  9) =      6.48680  eV     1   --> B_2  D_4  S_4  

 **************************************************************************

 **************************************************************************

                    xk=(   0.30476,   0.17595,   0.00000  )

     Band symmetry, C_2v (mm2)  point group:

     e(  1 -  1) =     -5.49166  eV     1   --> A_1  D_1  S_1  
     e(  2 -  2) =     -3.56536  eV     1   --> B_2  D_4  S_4  
     e(  3 -  3) =     -3.15957  eV     1   --> A_1  D_1  S_1  
     e(  4 -  4) =     -2.51471  eV     1   --> A_1  D_1  S_1  
     e(  5 -  5) =     -1.69452  eV     1   --> A_2  D_2  S_2  
     e(  6 -  6) =     -1.53300  eV     1   --> B_1  D_3  S_3  
     e(  7 -  7) =      2.40273  eV     1   --> B_2  D_4  S_4  
     e(  8 -  8) =      5.21135  eV     1   --> A_1  D_1  S_1  
     e(  9 -  9) =      6.28640  eV     1   --> B_2  D_4  S_4  

 **************************************************************************

 **************************************************************************

                    xk=(   0.29524,   0.17046,   0.00000  )

     Band symmetry, C_2v (mm2)  point group:

     e(  1 -  1) =     -5.56745  eV     1   --> A_1  D_1  S_1  
     e(  2 -  2) =     -3.52784  eV     1   --> B_2  D_4  S_4  
     e(  3 -  3) =     -3.24608  eV     1   --> A_1  D_1  S_1  
     e(  4 -  4) =     -2.55552  eV     1   --> A_1  D_1  S_1  
     e(  5 -  5) =     -1.68308  eV     1   --> A_2  D_2  S_2  
     e(  6 -  6) =     -1.59835  eV     1   --> B_1  D_3  S_3  
     e(  7 -  7) =      2.21407  eV     1   --> B_2  D_4  S_4  
     e(  8 -  8) =      5.02812  eV     1   --> A_1  D_1  S_1  
     e(  9 -  9) =      6.09164  eV     1   --> B_2  D_4  S_4  

 **************************************************************************

 **************************************************************************

                    xk=(   0.28571,   0.16496,   0.00000  )

     Band symmetry, C_2v (mm2)  point group:

     e(  1 -  1) =     -5.65484  eV     1   --> A_1  D_1  S_1  
     e(  2 -  2) =     -3.48874  eV     1   --> B_2  D_4  S_4  
     e(  3 -  3) =     -3.31532  eV     1   --> A_1  D_1  S_1  
     e(  4 -  4) =     -2.59691  eV     1   --> A_1  D_1  S_1  
     e(  5 -  5) =     -1.67142  eV     1   --> A_2  D_2  S_2  
     e(  6 -  6) =     -1.66422  eV     1   --> B_1  D_3  S_3  
     e(  7 -  7) =      2.03000  eV     1   --> B_2  D_4  S_4  
     e(  8 -  8) =      4.85030  eV     1   --> A_1  D_1  S_1  
     e(  9 -  9) =      5.90256  eV     1   --> B_2  D_4  S_4  

 **************************************************************************

 **************************************************************************

                    xk=(   0.27619,   0.15946,   0.00000  )

     Band symmetry, C_2v (mm2)  point group:

     e(  1 -  1) =     -5.75281  eV     1   --> A_1  D_1  S_1  
     e(  2 -  2) =     -3.44811  eV     1   --> B_2  D_4  S_4  
     e(  3 -  3) =     -3.36819  eV     1   --> A_1  D_1  S_1  
     e(  4 -  4) =     -2.63875  eV     1   --> A_1  D_1  S_1  
     e(  5 -  5) =     -1.73035  eV     1   --> B_1  D_3  S_3  
     e(  6 -  6) =     -1.65958  eV     1   --> A_2  D_2  S_2  
     e(  7 -  7) =      1.85052  eV     1   --> B_2  D_4  S_4  
     e(  8 -  8) =      4.67806  eV     1   --> A_1  D_1  S_1  
     e(  9 -  9) =      5.71920  eV     1   --> B_2  D_4  S_4  

 **************************************************************************

 **************************************************************************

                    xk=(   0.26667,   0.15396,   0.00000  )

     Band symmetry, C_2v (mm2)  point group:

     e(  1 -  1) =     -5.85985  eV     1   --> A_1  D_1  S_1  
     e(  2 -  3) =     -3.40608  eV     2   --> A_1  D_1  S_1  
     e(  2 -  3) =     -3.40608  eV     2   --> B_2  D_4  S_4  
     e(  4 -  4) =     -2.68090  eV     1   --> A_1  D_1  S_1  
     e(  5 -  5) =     -1.79651  eV     1   --> B_1  D_3  S_3  
     e(  6 -  6) =     -1.64762  eV     1   --> A_2  D_2  S_2  
     e(  7 -  7) =      1.67564  eV     1   --> B_2  D_4  S_4  
     e(  8 -  8) =      4.51148  eV     1   --> A_1  D_1  S_1  
     e(  9 -  9) =      5.54158  eV     1   --> B_2  D_4  S_4  

 **************************************************************************

 **************************************************************************

                    xk=(   0.25714,   0.14846,   0.00000  )

     Band symmetry, C_2v (mm2)  point group:

     e(  1 -  1) =     -5.97421  eV     1   --> A_1  D_1  S_1  
     e(  2 -  2) =     -3.43068  eV     1   --> A_1  D_1  S_1  
     e(  3 -  3) =     -3.36239  eV     1   --> B_2  D_4  S_4  
     e(  4 -  4) =     -2.72320  eV     1   --> A_1  D_1  S_1  
     e(  5 -  5) =     -1.86245  eV     1   --> B_1  D_3  S_3  
     e(  6 -  6) =     -1.63555  eV     1   --> A_2  D_2  S_2  
     e(  7 -  7) =      1.50534  eV     1   --> B_2  D_4  S_4  
     e(  8 -  8) =      4.35063  eV     1   --> A_1  D_1  S_1  
     e(  9 -  9) =      5.36973  eV     1   --> B_2  D_4  S_4  

 **************************************************************************

 **************************************************************************

                    xk=(   0.24762,   0.14296,   0.00000  )

     Band symmetry, C_2v (mm2)  point group:

     e(  1 -  1) =     -6.09407  eV     1   --> A_1  D_1  S_1  
     e(  2 -  2) =     -3.44382  eV     1   --> A_1  D_1  S_1  
     e(  3 -  3) =     -3.31737  eV     1   --> B_2  D_4  S_4  
     e(  4 -  4) =     -2.76551  eV     1   --> A_1  D_1  S_1  
     e(  5 -  5) =     -1.92796  eV     1   --> B_1  D_3  S_3  
     e(  6 -  6) =     -1.62344  eV     1   --> A_2  D_2  S_2  
     e(  7 -  7) =      1.33959  eV     1   --> B_2  D_4  S_4  
     e(  8 -  8) =      4.19556  eV     1   --> A_1  D_1  S_1  
     e(  9 -  9) =      5.20368  eV     1   --> B_2  D_4  S_4  

 **************************************************************************

 **************************************************************************

                    xk=(   0.23810,   0.13746,   0.00000  )

     Band symmetry, C_2v (mm2)  point group:

     e(  1 -  1) =     -6.21766  eV     1   --> A_1  D_1  S_1  
     e(  2 -  2) =     -3.44726  eV     1   --> A_1  D_1  S_1  
     e(  3 -  3) =     -3.27095  eV     1   --> B_2  D_4  S_4  
     e(  4 -  4) =     -2.80766  eV     1   --> A_1  D_1  S_1  
     e(  5 -  5) =     -1.99281  eV     1   --> B_1  D_3  S_3  
     e(  6 -  6) =     -1.61133  eV     1   --> A_2  D_2  S_2  
     e(  7 -  7) =      1.17837  eV     1   --> B_2  D_4  S_4  
     e(  8 -  8) =      4.04631  eV     1   --> A_1  D_1  S_1  
     e(  9 -  9) =      5.04344  eV     1   --> B_2  D_4  S_4  

 **************************************************************************

 **************************************************************************

                    xk=(   0.22857,   0.13197,   0.00000  )

     Band symmetry, C_2v (mm2)  point group:

     e(  1 -  1) =     -6.34337  eV     1   --> A_1  D_1  S_1  
     e(  2 -  2) =     -3.44264  eV     1   --> A_1  D_1  S_1  
     e(  3 -  3) =     -3.22318  eV     1   --> B_2  D_4  S_4  
     e(  4 -  4) =     -2.84949  eV     1   --> A_1  D_1  S_1  
     e(  5 -  5) =     -2.05679  eV     1   --> B_1  D_3  S_3  
     e(  6 -  6) =     -1.59926  eV     1   --> A_2  D_2  S_2  
     e(  7 -  7) =      1.02163  eV     1   --> B_2  D_4  S_4  
     e(  8 -  8) =      3.90289  eV     1   --> A_1  D_1  S_1  
     e(  9 -  9) =      4.88905  eV     1   --> B_2  D_4  S_4  

 **************************************************************************

 **************************************************************************

                    xk=(   0.21905,   0.12647,   0.00000  )

     Band symmetry, C_2v (mm2)  point group:

     e(  1 -  1) =     -6.46976  eV     1   --> A_1  D_1  S_1  
     e(  2 -  2) =     -3.43144  eV     1   --> A_1  D_1  S_1  
     e(  3 -  3) =     -3.17409  eV     1   --> B_2  D_4  S_4  
     e(  4 -  4) =     -2.89081  eV     1   --> A_1  D_1  S_1  
     e(  5 -  5) =     -2.11969  eV     1   --> B_1  D_3  S_3  
     e(  6 -  6) =     -1.58726  eV     1   --> A_2  D_2  S_2  
     e(  7 -  7) =      0.86932  eV     1   --> B_2  D_4  S_4  
     e(  8 -  8) =      3.76533  eV     1   --> A_1  D_1  S_1  
     e(  9 -  9) =      4.74053  eV     1   --> B_2  D_4  S_4  

 **************************************************************************

 **************************************************************************

                    xk=(   0.20952,   0.12097,   0.00000  )

     Band symmetry, C_2v (mm2)  point group:

     e(  1 -  1) =     -6.59562  eV     1   --> A_1  D_1  S_1  
     e(  2 -  2) =     -3.41498  eV     1   --> A_1  D_1  S_1  
     e(  3 -  3) =     -3.12371  eV     1   --> B_2  D_4  S_4  
     e(  4 -  4) =     -2.93144  eV     1   --> A_1  D_1  S_1  
     e(  5 -  5) =     -2.18131  eV     1   --> B_1  D_3  S_3  
     e(  6 -  6) =     -1.57539  eV     1   --> A_2  D_2  S_2  
     e(  7 -  7) =      0.72141  eV     1   --> B_2  D_4  S_4  
     e(  8 -  8) =      3.63363  eV     1   --> A_1  D_1  S_1  
     e(  9 -  9) =      4.59790  eV     1   --> B_2  D_4  S_4  

 **************************************************************************

 **************************************************************************

                    xk=(   0.20000,   0.11547,   0.00000  )

     Band symmetry, C_2v (mm2)  point group:

     e(  1 -  1) =     -6.71990  eV     1   --> A_1  D_1  S_1  
     e(  2 -  2) =     -3.39440  eV     1   --> A_1  D_1  S_1  
     e(  3 -  3) =     -3.07211  eV     1   --> B_2  D_4  S_4  
     e(  4 -  4) =     -2.97119  eV     1   --> A_1  D_1  S_1  
     e(  5 -  5) =     -2.24148  eV     1   --> B_1  D_3  S_3  
     e(  6 -  6) =     -1.56369  eV     1   --> A_2  D_2  S_2  
     e(  7 -  7) =      0.57782  eV     1   --> B_2  D_4  S_4  
     e(  8 -  8) =      3.50780  eV     1   --> A_1  D_1  S_1  
     e(  9 -  9) =      4.46119  eV     1   --> B_2  D_4  S_4  

 **************************************************************************

 **************************************************************************

                    xk=(   0.19048,   0.10997,   0.00000  )

     Band symmetry, C_2v (mm2)  point group:

     e(  1 -  1) =     -6.84175  eV     1   --> A_1  D_1  S_1  
     e(  2 -  2) =     -3.37078  eV     1   --> A_1  D_1  S_1  
     e(  3 -  3) =     -3.01930  eV     1   --> B_2  D_4  S_4  
     e(  4 -  4) =     -3.00981  eV     1   --> A_1  D_1  S_1  
     e(  5 -  5) =     -2.30001  eV     1   --> B_1  D_3  S_3  
     e(  6 -  6) =     -1.55220  eV     1   --> A_2  D_2  S_2  
     e(  7 -  7) =      0.43848  eV     1   --> B_2  D_4  S_4  
     e(  8 -  8) =      3.38784  eV     1   --> A_1  D_1  S_1  
     e(  9 -  9) =      4.33043  eV     1   --> B_2  D_4  S_4  

 **************************************************************************

 **************************************************************************

                    xk=(   0.18095,   0.10447,   0.00000  )

     Band symmetry, C_2v (mm2)  point group:

     e(  1 -  1) =     -6.96041  eV     1   --> A_1  D_1  S_1  
     e(  2 -  2) =     -3.34509  eV     1   --> A_1  D_1  S_1  
     e(  3 -  3) =     -3.04697  eV     1   --> A_1  D_1  S_1  
     e(  4 -  4) =     -2.96534  eV     1   --> B_2  D_4  S_4  
     e(  5 -  5) =     -2.35672  eV     1   --> B_1  D_3  S_3  
     e(  6 -  6) =     -1.54095  eV     1   --> A_2  D_2  S_2  
     e(  7 -  7) =      0.30335  eV     1   --> B_2  D_4  S_4  
     e(  8 -  8) =      3.27375  eV     1   --> A_1  D_1  S_1  
     e(  9 -  9) =      4.20565  eV     1   --> B_2  D_4  S_4  

 **************************************************************************

 **************************************************************************

                    xk=(   0.17143,   0.09897,   0.00000  )

     Band symmetry, C_2v (mm2)  point group:

     e(  1 -  1) =     -7.07529  eV     1   --> A_1  D_1  S_1  
     e(  2 -  2) =     -3.31842  eV     1   --> A_1  D_1  S_1  
     e(  3 -  3) =     -3.08217  eV     1   --> A_1  D_1  S_1  
     e(  4 -  4) =     -2.91027  eV     1   --> B_2  D_4  S_4  
     e(  5 -  5) =     -2.41147  eV     1   --> B_1  D_3  S_3  
     e(  6 -  6) =     -1.53001  eV     1   --> A_2  D_2  S_2  
     e(  7 -  7) =      0.17233  eV     1   --> B_2  D_4  S_4  
     e(  8 -  8) =      3.16553  eV     1   --> A_1  D_1  S_1  
     e(  9 -  9) =      4.08689  eV     1   --> B_2  D_4  S_4  

 **************************************************************************

 **************************************************************************

                    xk=(   0.16190,   0.09348,   0.00000  )

     Band symmetry, C_2v (mm2)  point group:

     e(  1 -  1) =     -7.18586  eV     1   --> A_1  D_1  S_1  
     e(  2 -  2) =     -3.29225  eV     1   --> A_1  D_1  S_1  
     e(  3 -  3) =     -3.11444  eV     1   --> A_1  D_1  S_1  
     e(  4 -  4) =     -2.85414  eV     1   --> B_2  D_4  S_4  
     e(  5 -  5) =     -2.46410  eV     1   --> B_1  D_3  S_3  
     e(  6 -  6) =     -1.51939  eV     1   --> A_2  D_2  S_2  
     e(  7 -  7) =      0.04536  eV     1   --> B_2  D_4  S_4  
     e(  8 -  8) =      3.06319  eV     1   --> A_1  D_1  S_1  
     e(  9 -  9) =      3.97419  eV     1   --> B_2  D_4  S_4  

 **************************************************************************

 **************************************************************************

                    xk=(   0.15238,   0.08798,   0.00000  )

     Band symmetry, C_2v (mm2)  point group:

     e(  1 -  1) =     -7.29169  eV     1   --> A_1  D_1  S_1  
     e(  2 -  2) =     -3.26937  eV     1   --> A_1  D_1  S_1  
     e(  3 -  3) =     -3.14138  eV     1   --> A_1  D_1  S_1  
     e(  4 -  4) =     -2.79699  eV     1   --> B_2  D_4  S_4  
     e(  5 -  5) =     -2.51448  eV     1   --> B_1  D_3  S_3  
     e(  6 -  6) =     -1.50915  eV     1   --> A_2  D_2  S_2  
     e(  7 -  7) =     -0.07765  eV     1   --> B_2  D_4  S_4  
     e(  8 -  8) =      2.96672  eV     1   --> A_1  D_1  S_1  
     e(  9 -  9) =      3.86758  eV     1   --> B_2  D_4  S_4  

 **************************************************************************

 **************************************************************************

                    xk=(   0.14286,   0.08248,   0.00000  )

     Band symmetry, C_2v (mm2)  point group:

     e(  1 -  1) =     -7.39241  eV     1   --> A_1  D_1  S_1  
     e(  2 -  2) =     -3.25617  eV     1   --> A_1  D_1  S_1  
     e(  3 -  3) =     -3.15696  eV     1   --> A_1  D_1  S_1  
     e(  4 -  4) =     -2.73887  eV     1   --> B_2  D_4  S_4  
     e(  5 -  5) =     -2.56246  eV     1   --> B_1  D_3  S_3  
     e(  6 -  6) =     -1.49932  eV     1   --> A_2  D_2  S_2  
     e(  7 -  7) =     -0.19676  eV     1   --> B_2  D_4  S_4  
     e(  8 -  8) =      2.87611  eV     1   --> A_1  D_1  S_1  
     e(  9 -  9) =      3.76710  eV     1   --> B_2  D_4  S_4  

 **************************************************************************

 **************************************************************************

                    xk=(   0.13333,   0.07698,   0.00000  )

     Band symmetry, C_2v (mm2)  point group:

     e(  1 -  1) =     -7.48771  eV     1   --> A_1  D_1  S_1  
     e(  2 -  2) =     -3.26059  eV     1   --> A_1  D_1  S_1  
     e(  3 -  3) =     -3.15357  eV     1   --> A_1  D_1  S_1  
     e(  4 -  4) =     -2.67984  eV     1   --> B_2  D_4  S_4  
     e(  5 -  5) =     -2.60791  eV     1   --> B_1  D_3  S_3  
     e(  6 -  6) =     -1.48994  eV     1   --> A_2  D_2  S_2  
     e(  7 -  7) =     -0.31206  eV     1   --> B_2  D_4  S_4  
     e(  8 -  8) =      2.79137  eV     1   --> A_1  D_1  S_1  
     e(  9 -  9) =      3.67280  eV     1   --> B_2  D_4  S_4  

 **************************************************************************

 **************************************************************************

                    xk=(   0.12381,   0.07148,   0.00000  )

     Band symmetry, C_2v (mm2)  point group:

     e(  1 -  1) =     -7.57733  eV     1   --> A_1  D_1  S_1  
     e(  2 -  2) =     -3.27848  eV     1   --> A_1  D_1  S_1  
     e(  3 -  3) =     -3.13561  eV     1   --> A_1  D_1  S_1  
     e(  4 -  4) =     -2.65073  eV     1   --> B_1  D_3  S_3  
     e(  5 -  5) =     -2.61996  eV     1   --> B_2  D_4  S_4  
     e(  6 -  6) =     -1.48105  eV     1   --> A_2  D_2  S_2  
     e(  7 -  7) =     -0.42361  eV     1   --> B_2  D_4  S_4  
     e(  8 -  8) =      2.71249  eV     1   --> A_1  D_1  S_1  
     e(  9 -  9) =      3.58472  eV     1   --> B_2  D_4  S_4  

 **************************************************************************

 **************************************************************************

                    xk=(   0.11429,   0.06598,   0.00000  )

     Band symmetry, C_2v (mm2)  point group:

     e(  1 -  1) =     -7.66104  eV     1   --> A_1  D_1  S_1  
     e(  2 -  2) =     -3.30110  eV     1   --> A_1  D_1  S_1  
     e(  3 -  3) =     -3.11207  eV     1   --> A_1  D_1  S_1  
     e(  4 -  4) =     -2.69080  eV     1   --> B_1  D_3  S_3  
     e(  5 -  5) =     -2.55929  eV     1   --> B_2  D_4  S_4  
     e(  6 -  6) =     -1.47266  eV     1   --> A_2  D_2  S_2  
     e(  7 -  7) =     -0.53147  eV     1   --> B_2  D_4  S_4  
     e(  8 -  8) =      2.63946  eV     1   --> A_1  D_1  S_1  
     e(  9 -  9) =      3.50291  eV     1   --> B_2  D_4  S_4  

 **************************************************************************

 **************************************************************************

                    xk=(   0.10476,   0.06048,   0.00000  )

     Band symmetry, C_2v (mm2)  point group:

     e(  1 -  1) =     -7.73864  eV     1   --> A_1  D_1  S_1  
     e(  2 -  2) =     -3.32443  eV     1   --> A_1  D_1  S_1  
     e(  3 -  3) =     -3.08718  eV     1   --> A_1  D_1  S_1  
     e(  4 -  4) =     -2.72803  eV     1   --> B_1  D_3  S_3  
     e(  5 -  5) =     -2.49793  eV     1   --> B_2  D_4  S_4  
     e(  6 -  6) =     -1.46483  eV     1   --> A_2  D_2  S_2  
     e(  7 -  7) =     -0.63569  eV     1   --> B_2  D_4  S_4  
     e(  8 -  8) =      2.57229  eV     1   --> A_1  D_1  S_1  
     e(  9 -  9) =      3.42741  eV     1   --> B_2  D_4  S_4  

 **************************************************************************

 **************************************************************************

                    xk=(   0.09524,   0.05499,   0.00000  )

     Band symmetry, C_2v (mm2)  point group:

     e(  1 -  1) =     -7.80997  eV     1   --> A_1  D_1  S_1  
     e(  2 -  2) =     -3.34697  eV     1   --> A_1  D_1  S_1  
     e(  3 -  3) =     -3.06264  eV     1   --> A_1  D_1  S_1  
     e(  4 -  4) =     -2.76233  eV     1   --> B_1  D_3  S_3  
     e(  5 -  5) =     -2.43599  eV     1   --> B_2  D_4  S_4  
     e(  6 -  6) =     -1.45757  eV     1   --> A_2  D_2  S_2  
     e(  7 -  7) =     -0.73626  eV     1   --> B_2  D_4  S_4  
     e(  8 -  8) =      2.51097  eV     1   --> A_1  D_1  S_1  
     e(  9 -  9) =      3.35828  eV     1   --> B_2  D_4  S_4  

 **************************************************************************

 **************************************************************************

                    xk=(   0.08571,   0.04949,   0.00000  )

     Band symmetry, C_2v (mm2)  point group:

     e(  1 -  1) =     -7.87489  eV     1   --> A_1  D_1  S_1  
     e(  2 -  2) =     -3.36806  eV     1   --> A_1  D_1  S_1  
     e(  3 -  3) =     -3.03926  eV     1   --> A_1  D_1  S_1  
     e(  4 -  4) =     -2.79360  eV     1   --> B_1  D_3  S_3  
     e(  5 -  5) =     -2.37362  eV     1   --> B_2  D_4  S_4  
     e(  6 -  6) =     -1.45092  eV     1   --> A_2  D_2  S_2  
     e(  7 -  7) =     -0.83318  eV     1   --> B_2  D_4  S_4  
     e(  8 -  8) =      2.45550  eV     1   --> A_1  D_1  S_1  
     e(  9 -  9) =      3.29556  eV     1   --> B_2  D_4  S_4  

 **************************************************************************

 **************************************************************************

                    xk=(   0.07619,   0.04399,   0.00000  )

     Band symmetry, C_2v (mm2)  point group:

     e(  1 -  1) =     -7.93326  eV     1   --> A_1  D_1  S_1  
     e(  2 -  2) =     -3.38738  eV     1   --> A_1  D_1  S_1  
     e(  3 -  3) =     -3.01750  eV     1   --> A_1  D_1  S_1  
     e(  4 -  4) =     -2.82178  eV     1   --> B_1  D_3  S_3  
     e(  5 -  5) =     -2.31103  eV     1   --> B_2  D_4  S_4  
     e(  6 -  6) =     -1.44490  eV     1   --> A_2  D_2  S_2  
     e(  7 -  7) =     -0.92633  eV     1   --> B_2  D_4  S_4  
     e(  8 -  8) =      2.40587  eV     1   --> A_1  D_1  S_1  
     e(  9 -  9) =      3.23929  eV     1   --> B_2  D_4  S_4  

 **************************************************************************

 **************************************************************************

                    xk=(   0.06667,   0.03849,   0.00000  )

     Band symmetry, C_2v (mm2)  point group:

     e(  1 -  1) =     -7.98500  eV     1   --> A_1  D_1  S_1  
     e(  2 -  2) =     -3.40471  eV     1   --> A_1  D_1  S_1  
     e(  3 -  3) =     -2.99772  eV     1   --> A_1  D_1  S_1  
     e(  4 -  4) =     -2.84680  eV     1   --> B_1  D_3  S_3  
     e(  5 -  5) =     -2.24853  eV     1   --> B_2  D_4  S_4  
     e(  6 -  6) =     -1.43954  eV     1   --> A_2  D_2  S_2  
     e(  7 -  7) =     -1.01550  eV     1   --> B_2  D_4  S_4  
     e(  8 -  8) =      2.36209  eV     1   --> A_1  D_1  S_1  
     e(  9 -  9) =      3.18953  eV     1   --> B_2  D_4  S_4  

 **************************************************************************

 **************************************************************************

                    xk=(   0.05714,   0.03299,   0.00000  )

     Band symmetry, C_2v (mm2)  point group:

     e(  1 -  1) =     -8.03000  eV     1   --> A_1  D_1  S_1  
     e(  2 -  2) =     -3.41993  eV     1   --> A_1  D_1  S_1  
     e(  3 -  3) =     -2.98015  eV     1   --> A_1  D_1  S_1  
     e(  4 -  4) =     -2.86860  eV     1   --> B_1  D_3  S_3  
     e(  5 -  5) =     -2.18661  eV     1   --> B_2  D_4  S_4  
     e(  6 -  6) =     -1.43484  eV     1   --> A_2  D_2  S_2  
     e(  7 -  7) =     -1.10033  eV     1   --> B_2  D_4  S_4  
     e(  8 -  8) =      2.32415  eV     1   --> A_1  D_1  S_1  
     e(  9 -  9) =      3.14630  eV     1   --> B_2  D_4  S_4  

 **************************************************************************

 **************************************************************************

                    xk=(   0.04762,   0.02749,   0.00000  )

     Band symmetry, C_2v (mm2)  point group:

     e(  1 -  1) =     -8.06819  eV     1   --> A_1  D_1  S_1  
     e(  2 -  2) =     -3.43294  eV     1   --> A_1  D_1  S_1  
     e(  3 -  3) =     -2.96498  eV     1   --> A_1  D_1  S_1  
     e(  4 -  4) =     -2.88713  eV     1   --> B_1  D_3  S_3  
     e(  5 -  5) =     -2.12605  eV     1   --> B_2  D_4  S_4  
     e(  6 -  6) =     -1.43084  eV     1   --> A_2  D_2  S_2  
     e(  7 -  7) =     -1.18011  eV     1   --> B_2  D_4  S_4  
     e(  8 -  8) =      2.29205  eV     1   --> A_1  D_1  S_1  
     e(  9 -  9) =      3.10966  eV     1   --> B_2  D_4  S_4  

 **************************************************************************

 **************************************************************************

                    xk=(   0.03810,   0.02199,   0.00000  )

     Band symmetry, C_2v (mm2)  point group:

     e(  1 -  1) =     -8.09952  eV     1   --> A_1  D_1  S_1  
     e(  2 -  2) =     -3.44367  eV     1   --> A_1  D_1  S_1  
     e(  3 -  3) =     -2.95237  eV     1   --> A_1  D_1  S_1  
     e(  4 -  4) =     -2.90235  eV     1   --> B_1  D_3  S_3  
     e(  5 -  5) =     -2.06811  eV     1   --> B_2  D_4  S_4  
     e(  6 -  6) =     -1.42754  eV     1   --> A_2  D_2  S_2  
     e(  7 -  7) =     -1.25366  eV     1   --> B_2  D_4  S_4  
     e(  8 -  8) =      2.26579  eV     1   --> A_1  D_1  S_1  
     e(  9 -  9) =      3.07963  eV     1   --> B_2  D_4  S_4  

 **************************************************************************

 **************************************************************************

                    xk=(   0.02857,   0.01650,   0.00000  )

     Band symmetry, C_2v (mm2)  point group:

     e(  1 -  1) =     -8.12394  eV     1   --> A_1  D_1  S_1  
     e(  2 -  2) =     -3.45207  eV     1   --> A_1  D_1  S_1  
     e(  3 -  3) =     -2.94245  eV     1   --> A_1  D_1  S_1  
     e(  4 -  4) =     -2.91422  eV     1   --> B_1  D_3  S_3  
     e(  5 -  5) =     -2.01495  eV     1   --> B_2  D_4  S_4  
     e(  6 -  6) =     -1.42496  eV     1   --> A_2  D_2  S_2  
     e(  7 -  7) =     -1.31890  eV     1   --> B_2  D_4  S_4  
     e(  8 -  8) =      2.24536  eV     1   --> A_1  D_1  S_1  
     e(  9 -  9) =      3.05624  eV     1   --> B_2  D_4  S_4  

 **************************************************************************

 **************************************************************************

                    xk=(   0.01905,   0.01100,   0.00000  )

     Band symmetry, C_2v (mm2)  point group:

     e(  1 -  1) =     -8.14141  eV     1   --> A_1  D_1  S_1  
     e(  2 -  2) =     -3.45810  eV     1   --> A_1  D_1  S_1  
     e(  3 -  3) =     -2.93531  eV     1   --> A_1  D_1  S_1  
     e(  4 -  4) =     -2.92273  eV     1   --> B_1  D_3  S_3  
     e(  5 -  5) =     -1.97012  eV     1   --> B_2  D_4  S_4  
     e(  6 -  6) =     -1.42311  eV     1   --> A_2  D_2  S_2  
     e(  7 -  7) =     -1.37232  eV     1   --> B_2  D_4  S_4  
     e(  8 -  8) =      2.23077  eV     1   --> A_1  D_1  S_1  
     e(  9 -  9) =      3.03951  eV     1   --> B_2  D_4  S_4  

 **************************************************************************

 **************************************************************************

                    xk=(   0.00952,   0.00550,   0.00000  )

     Band symmetry, C_2v (mm2)  point group:

     e(  1 -  1) =     -8.15190  eV     1   --> A_1  D_1  S_1  
     e(  2 -  2) =     -3.46173  eV     1   --> A_1  D_1  S_1  
     e(  3 -  3) =     -2.93099  eV     1   --> A_1  D_1  S_1  
     e(  4 -  4) =     -2.92785  eV     1   --> B_1  D_3  S_3  
     e(  5 -  5) =     -1.93900  eV     1   --> B_2  D_4  S_4  
     e(  6 -  6) =     -1.42200  eV     1   --> A_2  D_2  S_2  
     e(  7 -  7) =     -1.40857  eV     1   --> B_2  D_4  S_4  
     e(  8 -  8) =      2.22202  eV     1   --> A_1  D_1  S_1  
     e(  9 -  9) =      3.02947  eV     1   --> B_2  D_4  S_4  

 **************************************************************************

 **************************************************************************

                    xk=(   0.00000,   0.00000,   0.00000  )

     point group D_6h(6/mmm)
     there are 12 classes
     the character table:

       E     2C6   2C3   C2    3C2'  3C2'' i     2S3   2S6   s_h   3s_d  3s_v 
A_1g   1.00  1.00  1.00  1.00  1.00  1.00  1.00  1.00  1.00  1.00  1.00  1.00
A_2g   1.00  1.00  1.00  1.00 -1.00 -1.00  1.00  1.00  1.00  1.00 -1.00 -1.00
B_1g   1.00 -1.00  1.00 -1.00  1.00 -1.00  1.00 -1.00  1.00 -1.00  1.00 -1.00
B_2g   1.00 -1.00  1.00 -1.00 -1.00  1.00  1.00 -1.00  1.00 -1.00 -1.00  1.00
E_1g   2.00  1.00 -1.00 -2.00  0.00  0.00  2.00  1.00 -1.00 -2.00  0.00  0.00
E_2g   2.00 -1.00 -1.00  2.00  0.00  0.00  2.00 -1.00 -1.00  2.00  0.00  0.00
A_1u   1.00  1.00  1.00  1.00  1.00  1.00 -1.00 -1.00 -1.00 -1.00 -1.00 -1.00
A_2u   1.00  1.00  1.00  1.00 -1.00 -1.00 -1.00 -1.00 -1.00 -1.00  1.00  1.00
B_1u   1.00 -1.00  1.00 -1.00  1.00 -1.00 -1.00  1.00 -1.00  1.00 -1.00  1.00
B_2u   1.00 -1.00  1.00 -1.00 -1.00  1.00 -1.00  1.00 -1.00  1.00  1.00 -1.00
E_1u   2.00  1.00 -1.00 -2.00  0.00  0.00 -2.00 -1.00  1.00  2.00  0.00  0.00
E_2u   2.00 -1.00 -1.00  2.00  0.00  0.00 -2.00  1.00  1.00 -2.00  0.00  0.00

     the symmetry operations in each class and the name of the first element:

     E        1
                                                                 
     2C6      5    6
                                                                 
     2C3      7    8
                                                                 
     C2       2
                                                                 
     3C2'     4   12   11
                                                                 
     3C2''    3    9   10
                                                                 
     i       13
                                                                 
     2S3     17   18
                                                                 
     2S6     19   20
                                                                 
     s_h     14
                                                                 
     3s_d    16   24   23
                                                                 
     3s_v    15   21   22
                                                                 

     Band symmetry, D_6h(6/mmm) point group:

     e(  1 -  1) =     -8.15540  eV     1   --> A_1g           
     e(  2 -  2) =     -3.46294  eV     1   --> A_1g           
     e(  3 -  4) =     -2.92955  eV     2   --> E_2g           
     e(  5 -  5) =     -1.92765  eV     1   --> A_2u           
     e(  6 -  7) =     -1.42163  eV     2   --> E_1g           
     e(  8 -  8) =      2.21910  eV     1   --> A_1g           
     e(  9 -  9) =      3.02612  eV     1   --> A_2u           

 **************************************************************************
 
     BANDS        :      9.04s CPU     10.87s WALL

 
   This run was terminated on:  12:44:57  24Jul2025            

=------------------------------------------------------------------------------=
   JOB DONE.
=------------------------------------------------------------------------------=
