
     Program BANDS v.7.2 starts on 24Jul2025 at 12:43:53 

     This program is part of the open-source Quantum ESPRESSO suite
     for quantum simulation of materials; please cite
         "P. Giannozzi et al., J. Phys.:Condens. Matter 21 395502 (2009);
         "P. Giannozzi et al., J. Phys.:Condens. Matter 29 465901 (2017);
         "P. Giannozzi et al., J. Chem. Phys. 152 154105 (2020);
          URL http://www.quantum-espresso.org", 
     in publications or presentations arising from this work. More details at
     http://www.quantum-espresso.org/quote

     Parallel version (MPI), running on    16 processors

     MPI processes distributed on     1 nodes
     R & G space division:  proc/nbgrp/npool/nimage =      16
     27558 MiB available memory on the printing compute node when the environment starts
 

     Reading xml data from directory:

     ./tmp/scf.save/
     Message from routine  set_nelup_neldw :
     BEWARE: non-integer number of up and down electrons!
     file Co.pbe-n-kjpaw_psl.1.0.0.UPF: wavefunction(s)  4S 3D renormalized

     IMPORTANT: XC functional enforced from input :
     Exchange-correlation= PBE
                           (   1   4   3   4   0   0   0)
     Any further DFT definition will be discarded
     Please, verify this is what you really want

 
     Parallelization info
     --------------------
     sticks:   dense  smooth     PW     G-vecs:    dense   smooth      PW
     Min          64      26      7                10182     2582     413
     Max          65      27      8                10205     2595     436
     Sum        1027     421    121               163013    41407    6791
 
     Using Slab Decomposition
 

     negative rho (up, down):  2.796E-06 6.151E-07
     Reading collected, re-writing distributed wavefunctions
     high-symmetry point:  0.0000 0.0000 0.0000   x coordinate   0.0000
     high-symmetry point:  0.5000-0.2887 0.0000   x coordinate   0.5774
     high-symmetry point:  0.3333 0.1925 0.0000   x coordinate   1.0865
     high-symmetry point:  0.0000 0.0000 0.0000   x coordinate   1.4714

     Plottable bands (eV) written to file bands.dat.gnu
     Bands written to file bands.dat

 **************************************************************************

                    xk=(   0.00000,   0.00000,   0.00000  )

     point group D_6h(6/mmm)
     there are 12 classes
     the character table:

       E     2C6   2C3   C2    3C2'  3C2'' i     2S3   2S6   s_h   3s_d  3s_v 
A_1g   1.00  1.00  1.00  1.00  1.00  1.00  1.00  1.00  1.00  1.00  1.00  1.00
A_2g   1.00  1.00  1.00  1.00 -1.00 -1.00  1.00  1.00  1.00  1.00 -1.00 -1.00
B_1g   1.00 -1.00  1.00 -1.00  1.00 -1.00  1.00 -1.00  1.00 -1.00  1.00 -1.00
B_2g   1.00 -1.00  1.00 -1.00 -1.00  1.00  1.00 -1.00  1.00 -1.00 -1.00  1.00
E_1g   2.00  1.00 -1.00 -2.00  0.00  0.00  2.00  1.00 -1.00 -2.00  0.00  0.00
E_2g   2.00 -1.00 -1.00  2.00  0.00  0.00  2.00 -1.00 -1.00  2.00  0.00  0.00
A_1u   1.00  1.00  1.00  1.00  1.00  1.00 -1.00 -1.00 -1.00 -1.00 -1.00 -1.00
A_2u   1.00  1.00  1.00  1.00 -1.00 -1.00 -1.00 -1.00 -1.00 -1.00  1.00  1.00
B_1u   1.00 -1.00  1.00 -1.00  1.00 -1.00 -1.00  1.00 -1.00  1.00 -1.00  1.00
B_2u   1.00 -1.00  1.00 -1.00 -1.00  1.00 -1.00  1.00 -1.00  1.00  1.00 -1.00
E_1u   2.00  1.00 -1.00 -2.00  0.00  0.00 -2.00 -1.00  1.00  2.00  0.00  0.00
E_2u   2.00 -1.00 -1.00  2.00  0.00  0.00 -2.00  1.00  1.00 -2.00  0.00  0.00

     the symmetry operations in each class and the name of the first element:

     E        1
                                                                 
     2C6      5    6
                                                                 
     2C3      7    8
                                                                 
     C2       2
                                                                 
     3C2'     4   12   11
                                                                 
     3C2''    3    9   10
                                                                 
     i       13
                                                                 
     2S3     17   18
                                                                 
     2S6     19   20
                                                                 
     s_h     14
                                                                 
     3s_d    16   24   23
                                                                 
     3s_v    15   21   22
                                                                 

     Band symmetry, D_6h(6/mmm) point group:

     e(  1 -  1) =     -8.40000  eV     1   --> A_1g           
     e(  2 -  2) =     -5.07017  eV     1   --> A_1g           
     e(  3 -  4) =     -4.67164  eV     2   --> E_2g           
     e(  5 -  6) =     -3.65476  eV     2   --> E_1g           
     e(  7 -  7) =     -1.90075  eV     1   --> A_2u           
     e(  8 -  8) =      2.28473  eV     1   --> A_1g           
     e(  9 -  9) =      3.18156  eV     1   --> A_2u           

 **************************************************************************

 **************************************************************************

                    xk=(   0.01351,  -0.00780,   0.00000  )

     point group C_2v (mm2) 
     there are  4 classes
     the character table:

       E     C2    s_v   s_v' 
A_1    1.00  1.00  1.00  1.00
A_2    1.00  1.00 -1.00 -1.00
B_1    1.00 -1.00  1.00 -1.00
B_2    1.00 -1.00 -1.00  1.00

     the symmetry operations in each class and the name of the first element:

     E        1
                                                                 
     C2       2
                                                                 
     s_v      4
                                                                 
     s_v'     3
                                                                 

     Band symmetry, C_2v (mm2)  point group:

     e(  1 -  1) =     -8.39308  eV     1   --> A_1  D_1  S_1  
     e(  2 -  2) =     -5.06818  eV     1   --> A_1  D_1  S_1  
     e(  3 -  3) =     -4.67396  eV     1   --> A_1  D_1  S_1  
     e(  4 -  4) =     -4.66852  eV     1   --> B_2  D_4  S_4  
     e(  5 -  5) =     -3.66498  eV     1   --> B_1  D_3  S_3  
     e(  6 -  6) =     -3.65539  eV     1   --> A_2  D_2  S_2  
     e(  7 -  7) =     -1.88638  eV     1   --> B_1  D_3  S_3  
     e(  8 -  8) =      2.29067  eV     1   --> A_1  D_1  S_1  
     e(  9 -  9) =      3.18808  eV     1   --> B_1  D_3  S_3  

 **************************************************************************

 **************************************************************************

                    xk=(   0.02703,  -0.01560,   0.00000  )

     Band symmetry, C_2v (mm2)  point group:

     e(  1 -  1) =     -8.37232  eV     1   --> A_1  D_1  S_1  
     e(  2 -  2) =     -5.06222  eV     1   --> A_1  D_1  S_1  
     e(  3 -  3) =     -4.68084  eV     1   --> A_1  D_1  S_1  
     e(  4 -  4) =     -4.65916  eV     1   --> B_2  D_4  S_4  
     e(  5 -  5) =     -3.69469  eV     1   --> B_1  D_3  S_3  
     e(  6 -  6) =     -3.65728  eV     1   --> A_2  D_2  S_2  
     e(  7 -  7) =     -1.84419  eV     1   --> B_1  D_3  S_3  
     e(  8 -  8) =      2.30849  eV     1   --> A_1  D_1  S_1  
     e(  9 -  9) =      3.20761  eV     1   --> B_1  D_3  S_3  

 **************************************************************************

 **************************************************************************

                    xk=(   0.04054,  -0.02341,   0.00000  )

     Band symmetry, C_2v (mm2)  point group:

     e(  1 -  1) =     -8.33784  eV     1   --> A_1  D_1  S_1  
     e(  2 -  2) =     -5.05232  eV     1   --> A_1  D_1  S_1  
     e(  3 -  3) =     -4.69217  eV     1   --> A_1  D_1  S_1  
     e(  4 -  4) =     -4.64363  eV     1   --> B_2  D_4  S_4  
     e(  5 -  5) =     -3.74140  eV     1   --> B_1  D_3  S_3  
     e(  6 -  6) =     -3.66041  eV     1   --> A_2  D_2  S_2  
     e(  7 -  7) =     -1.77662  eV     1   --> B_1  D_3  S_3  
     e(  8 -  8) =      2.33820  eV     1   --> A_1  D_1  S_1  
     e(  9 -  9) =      3.24014  eV     1   --> B_1  D_3  S_3  

 **************************************************************************

 **************************************************************************

                    xk=(   0.05405,  -0.03121,   0.00000  )

     Band symmetry, C_2v (mm2)  point group:

     e(  1 -  1) =     -8.28978  eV     1   --> A_1  D_1  S_1  
     e(  2 -  2) =     -5.03852  eV     1   --> A_1  D_1  S_1  
     e(  3 -  3) =     -4.70773  eV     1   --> A_1  D_1  S_1  
     e(  4 -  4) =     -4.62200  eV     1   --> B_2  D_4  S_4  
     e(  5 -  5) =     -3.80185  eV     1   --> B_1  D_3  S_3  
     e(  6 -  6) =     -3.66477  eV     1   --> A_2  D_2  S_2  
     e(  7 -  7) =     -1.68686  eV     1   --> B_1  D_3  S_3  
     e(  8 -  8) =      2.37979  eV     1   --> A_1  D_1  S_1  
     e(  9 -  9) =      3.28565  eV     1   --> B_1  D_3  S_3  

 **************************************************************************

 **************************************************************************

                    xk=(   0.06757,  -0.03901,   0.00000  )

     Band symmetry, C_2v (mm2)  point group:

     e(  1 -  1) =     -8.22836  eV     1   --> A_1  D_1  S_1  
     e(  2 -  2) =     -5.02088  eV     1   --> A_1  D_1  S_1  
     e(  3 -  3) =     -4.72717  eV     1   --> A_1  D_1  S_1  
     e(  4 -  4) =     -4.59436  eV     1   --> B_2  D_4  S_4  
     e(  5 -  5) =     -3.87270  eV     1   --> B_1  D_3  S_3  
     e(  6 -  6) =     -3.67030  eV     1   --> A_2  D_2  S_2  
     e(  7 -  7) =     -1.57812  eV     1   --> B_1  D_3  S_3  
     e(  8 -  8) =      2.43327  eV     1   --> A_1  D_1  S_1  
     e(  9 -  9) =      3.34409  eV     1   --> B_1  D_3  S_3  

 **************************************************************************

 **************************************************************************

                    xk=(   0.08108,  -0.04681,   0.00000  )

     Band symmetry, C_2v (mm2)  point group:

     e(  1 -  1) =     -8.15389  eV     1   --> A_1  D_1  S_1  
     e(  2 -  2) =     -4.99949  eV     1   --> A_1  D_1  S_1  
     e(  3 -  3) =     -4.75005  eV     1   --> A_1  D_1  S_1  
     e(  4 -  4) =     -4.56085  eV     1   --> B_2  D_4  S_4  
     e(  5 -  5) =     -3.95103  eV     1   --> B_1  D_3  S_3  
     e(  6 -  6) =     -3.67698  eV     1   --> A_2  D_2  S_2  
     e(  7 -  7) =     -1.45318  eV     1   --> B_1  D_3  S_3  
     e(  8 -  8) =      2.49864  eV     1   --> A_1  D_1  S_1  
     e(  9 -  9) =      3.41542  eV     1   --> B_1  D_3  S_3  

 **************************************************************************

 **************************************************************************

                    xk=(   0.09459,  -0.05461,   0.00000  )

     Band symmetry, C_2v (mm2)  point group:

     e(  1 -  1) =     -8.06679  eV     1   --> A_1  D_1  S_1  
     e(  2 -  2) =     -4.97443  eV     1   --> A_1  D_1  S_1  
     e(  3 -  3) =     -4.77584  eV     1   --> A_1  D_1  S_1  
     e(  4 -  4) =     -4.52165  eV     1   --> B_2  D_4  S_4  
     e(  5 -  5) =     -4.03442  eV     1   --> B_1  D_3  S_3  
     e(  6 -  6) =     -3.68476  eV     1   --> A_2  D_2  S_2  
     e(  7 -  7) =     -1.31427  eV     1   --> B_1  D_3  S_3  
     e(  8 -  8) =      2.57592  eV     1   --> A_1  D_1  S_1  
     e(  9 -  9) =      3.49957  eV     1   --> B_1  D_3  S_3  

 **************************************************************************

 **************************************************************************

                    xk=(   0.10811,  -0.06242,   0.00000  )

     Band symmetry, C_2v (mm2)  point group:

     e(  1 -  1) =     -7.96758  eV     1   --> A_1  D_1  S_1  
     e(  2 -  2) =     -4.94579  eV     1   --> A_1  D_1  S_1  
     e(  3 -  3) =     -4.80383  eV     1   --> A_1  D_1  S_1  
     e(  4 -  4) =     -4.47696  eV     1   --> B_2  D_4  S_4  
     e(  5 -  5) =     -4.12101  eV     1   --> B_1  D_3  S_3  
     e(  6 -  6) =     -3.69357  eV     1   --> A_2  D_2  S_2  
     e(  7 -  7) =     -1.16308  eV     1   --> B_1  D_3  S_3  
     e(  8 -  8) =      2.66509  eV     1   --> A_1  D_1  S_1  
     e(  9 -  9) =      3.59648  eV     1   --> B_1  D_3  S_3  

 **************************************************************************

 **************************************************************************

                    xk=(   0.12162,  -0.07022,   0.00000  )

     Band symmetry, C_2v (mm2)  point group:

     e(  1 -  1) =     -7.85696  eV     1   --> A_1  D_1  S_1  
     e(  2 -  2) =     -4.91370  eV     1   --> A_1  D_1  S_1  
     e(  3 -  3) =     -4.83318  eV     1   --> A_1  D_1  S_1  
     e(  4 -  4) =     -4.42700  eV     1   --> B_2  D_4  S_4  
     e(  5 -  5) =     -4.20934  eV     1   --> B_1  D_3  S_3  
     e(  6 -  6) =     -3.70335  eV     1   --> A_2  D_2  S_2  
     e(  7 -  7) =     -1.00083  eV     1   --> B_1  D_3  S_3  
     e(  8 -  8) =      2.76618  eV     1   --> A_1  D_1  S_1  
     e(  9 -  9) =      3.70608  eV     1   --> B_1  D_3  S_3  

 **************************************************************************

 **************************************************************************

                    xk=(   0.13514,  -0.07802,   0.00000  )

     Band symmetry, C_2v (mm2)  point group:

     e(  1 -  1) =     -7.73586  eV     1   --> A_1  D_1  S_1  
     e(  2 -  2) =     -4.87865  eV     1   --> A_1  D_1  S_1  
     e(  3 -  3) =     -4.86242  eV     1   --> A_1  D_1  S_1  
     e(  4 -  4) =     -4.37204  eV     1   --> B_2  D_4  S_4  
     e(  5 -  5) =     -4.29833  eV     1   --> B_1  D_3  S_3  
     e(  6 -  6) =     -3.71402  eV     1   --> A_2  D_2  S_2  
     e(  7 -  7) =     -0.82841  eV     1   --> B_1  D_3  S_3  
     e(  8 -  8) =      2.87919  eV     1   --> A_1  D_1  S_1  
     e(  9 -  9) =      3.82831  eV     1   --> B_1  D_3  S_3  

 **************************************************************************

 **************************************************************************

                    xk=(   0.14865,  -0.08582,   0.00000  )

     Band symmetry, C_2v (mm2)  point group:

     e(  1 -  1) =     -7.60545  eV     1   --> A_1  D_1  S_1  
     e(  2 -  2) =     -4.89209  eV     1   --> A_1  D_1  S_1  
     e(  3 -  3) =     -4.83890  eV     1   --> A_1  D_1  S_1  
     e(  4 -  4) =     -4.38711  eV     1   --> B_1  D_3  S_3  
     e(  5 -  5) =     -4.31238  eV     1   --> B_2  D_4  S_4  
     e(  6 -  6) =     -3.72551  eV     1   --> A_2  D_2  S_2  
     e(  7 -  7) =     -0.64641  eV     1   --> B_1  D_3  S_3  
     e(  8 -  8) =      3.00411  eV     1   --> A_1  D_1  S_1  
     e(  9 -  9) =      3.96308  eV     1   --> B_1  D_3  S_3  

 **************************************************************************

 **************************************************************************

                    xk=(   0.16216,  -0.09362,   0.00000  )

     Band symmetry, C_2v (mm2)  point group:

     e(  1 -  1) =     -7.46732  eV     1   --> A_1  D_1  S_1  
     e(  2 -  2) =     -4.91832  eV     1   --> A_1  D_1  S_1  
     e(  3 -  3) =     -4.79670  eV     1   --> A_1  D_1  S_1  
     e(  4 -  4) =     -4.47504  eV     1   --> B_1  D_3  S_3  
     e(  5 -  5) =     -4.24832  eV     1   --> B_2  D_4  S_4  
     e(  6 -  6) =     -3.73773  eV     1   --> A_2  D_2  S_2  
     e(  7 -  7) =     -0.45526  eV     1   --> B_1  D_3  S_3  
     e(  8 -  8) =      3.14096  eV     1   --> A_1  D_1  S_1  
     e(  9 -  9) =      4.11033  eV     1   --> B_1  D_3  S_3  

 **************************************************************************

 **************************************************************************

                    xk=(   0.17568,  -0.10143,   0.00000  )

     Band symmetry, C_2v (mm2)  point group:

     e(  1 -  1) =     -7.32355  eV     1   --> A_1  D_1  S_1  
     e(  2 -  2) =     -4.94013  eV     1   --> A_1  D_1  S_1  
     e(  3 -  3) =     -4.75095  eV     1   --> A_1  D_1  S_1  
     e(  4 -  4) =     -4.56157  eV     1   --> B_1  D_3  S_3  
     e(  5 -  5) =     -4.18025  eV     1   --> B_2  D_4  S_4  
     e(  6 -  6) =     -3.75059  eV     1   --> A_2  D_2  S_2  
     e(  7 -  7) =     -0.25522  eV     1   --> B_1  D_3  S_3  
     e(  8 -  8) =      3.28973  eV     1   --> A_1  D_1  S_1  
     e(  9 -  9) =      4.26997  eV     1   --> B_1  D_3  S_3  

 **************************************************************************

 **************************************************************************

                    xk=(   0.18919,  -0.10923,   0.00000  )

     Band symmetry, C_2v (mm2)  point group:

     e(  1 -  1) =     -7.17691  eV     1   --> A_1  D_1  S_1  
     e(  2 -  2) =     -4.95502  eV     1   --> A_1  D_1  S_1  
     e(  3 -  3) =     -4.70143  eV     1   --> A_1  D_1  S_1  
     e(  4 -  4) =     -4.64631  eV     1   --> B_1  D_3  S_3  
     e(  5 -  5) =     -4.10855  eV     1   --> B_2  D_4  S_4  
     e(  6 -  6) =     -3.76399  eV     1   --> A_2  D_2  S_2  
     e(  7 -  7) =     -0.04645  eV     1   --> B_1  D_3  S_3  
     e(  8 -  8) =      3.45043  eV     1   --> A_1  D_1  S_1  
     e(  9 -  9) =      4.44193  eV     1   --> B_1  D_3  S_3  

 **************************************************************************

 **************************************************************************

                    xk=(   0.20270,  -0.11703,   0.00000  )

     Band symmetry, C_2v (mm2)  point group:

     e(  1 -  1) =     -7.03099  eV     1   --> A_1  D_1  S_1  
     e(  2 -  2) =     -4.95994  eV     1   --> A_1  D_1  S_1  
     e(  3 -  3) =     -4.72891  eV     1   --> B_1  D_3  S_3  
     e(  4 -  4) =     -4.64763  eV     1   --> A_1  D_1  S_1  
     e(  5 -  5) =     -4.03363  eV     1   --> B_2  D_4  S_4  
     e(  6 -  6) =     -3.77783  eV     1   --> A_2  D_2  S_2  
     e(  7 -  7) =      0.17095  eV     1   --> B_1  D_3  S_3  
     e(  8 -  8) =      3.62304  eV     1   --> A_1  D_1  S_1  
     e(  9 -  9) =      4.62613  eV     1   --> B_1  D_3  S_3  

 **************************************************************************

 **************************************************************************

                    xk=(   0.21622,  -0.12483,   0.00000  )

     Band symmetry, C_2v (mm2)  point group:

     e(  1 -  1) =     -6.89034  eV     1   --> A_1  D_1  S_1  
     e(  2 -  2) =     -4.95146  eV     1   --> A_1  D_1  S_1  
     e(  3 -  3) =     -4.80909  eV     1   --> B_1  D_3  S_3  
     e(  4 -  4) =     -4.58852  eV     1   --> A_1  D_1  S_1  
     e(  5 -  5) =     -3.95595  eV     1   --> B_2  D_4  S_4  
     e(  6 -  6) =     -3.79202  eV     1   --> A_2  D_2  S_2  
     e(  7 -  7) =      0.39695  eV     1   --> B_1  D_3  S_3  
     e(  8 -  8) =      3.80756  eV     1   --> A_1  D_1  S_1  
     e(  9 -  9) =      4.82251  eV     1   --> B_1  D_3  S_3  

 **************************************************************************

 **************************************************************************

                    xk=(   0.22973,  -0.13263,   0.00000  )

     Band symmetry, C_2v (mm2)  point group:

     e(  1 -  1) =     -6.76030  eV     1   --> A_1  D_1  S_1  
     e(  2 -  2) =     -4.92619  eV     1   --> A_1  D_1  S_1  
     e(  3 -  3) =     -4.88661  eV     1   --> B_1  D_3  S_3  
     e(  4 -  4) =     -4.52232  eV     1   --> A_1  D_1  S_1  
     e(  5 -  5) =     -3.87601  eV     1   --> B_2  D_4  S_4  
     e(  6 -  6) =     -3.80645  eV     1   --> A_2  D_2  S_2  
     e(  7 -  7) =      0.63153  eV     1   --> B_1  D_3  S_3  
     e(  8 -  8) =      4.00394  eV     1   --> A_1  D_1  S_1  
     e(  9 -  9) =      5.03100  eV     1   --> B_1  D_3  S_3  

 **************************************************************************

 **************************************************************************

                    xk=(   0.24324,  -0.14044,   0.00000  )

     Band symmetry, C_2v (mm2)  point group:

     e(  1 -  1) =     -6.64643  eV     1   --> A_1  D_1  S_1  
     e(  2 -  2) =     -4.96127  eV     1   --> B_1  D_3  S_3  
     e(  3 -  3) =     -4.88187  eV     1   --> A_1  D_1  S_1  
     e(  4 -  4) =     -4.44588  eV     1   --> A_1  D_1  S_1  
     e(  5 -  5) =     -3.82101  eV     1   --> A_2  D_2  S_2  
     e(  6 -  6) =     -3.79429  eV     1   --> B_2  D_4  S_4  
     e(  7 -  7) =      0.87470  eV     1   --> B_1  D_3  S_3  
     e(  8 -  8) =      4.21214  eV     1   --> A_1  D_1  S_1  
     e(  9 -  9) =      5.25153  eV     1   --> B_1  D_3  S_3  

 **************************************************************************

 **************************************************************************

                    xk=(   0.25676,  -0.14824,   0.00000  )

     Band symmetry, C_2v (mm2)  point group:

     e(  1 -  1) =     -6.55334  eV     1   --> A_1  D_1  S_1  
     e(  2 -  2) =     -5.03289  eV     1   --> B_1  D_3  S_3  
     e(  3 -  3) =     -4.81921  eV     1   --> A_1  D_1  S_1  
     e(  4 -  4) =     -4.35412  eV     1   --> A_1  D_1  S_1  
     e(  5 -  5) =     -3.83560  eV     1   --> A_2  D_2  S_2  
     e(  6 -  6) =     -3.71136  eV     1   --> B_2  D_4  S_4  
     e(  7 -  7) =      1.12649  eV     1   --> B_1  D_3  S_3  
     e(  8 -  8) =      4.43208  eV     1   --> A_1  D_1  S_1  
     e(  9 -  9) =      5.48402  eV     1   --> B_1  D_3  S_3  

 **************************************************************************

 **************************************************************************

                    xk=(   0.27027,  -0.15604,   0.00000  )

     Band symmetry, C_2v (mm2)  point group:

     e(  1 -  1) =     -6.48346  eV     1   --> A_1  D_1  S_1  
     e(  2 -  2) =     -5.10133  eV     1   --> B_1  D_3  S_3  
     e(  3 -  3) =     -4.74335  eV     1   --> A_1  D_1  S_1  
     e(  4 -  4) =     -4.23979  eV     1   --> A_1  D_1  S_1  
     e(  5 -  5) =     -3.85011  eV     1   --> A_2  D_2  S_2  
     e(  6 -  6) =     -3.62779  eV     1   --> B_2  D_4  S_4  
     e(  7 -  7) =      1.38690  eV     1   --> B_1  D_3  S_3  
     e(  8 -  8) =      4.66363  eV     1   --> A_1  D_1  S_1  
     e(  9 -  9) =      5.72841  eV     1   --> B_1  D_3  S_3  

 **************************************************************************

 **************************************************************************

                    xk=(   0.28378,  -0.16384,   0.00000  )

     Band symmetry, C_2v (mm2)  point group:

     e(  1 -  1) =     -6.43640  eV     1   --> A_1  D_1  S_1  
     e(  2 -  2) =     -5.16646  eV     1   --> B_1  D_3  S_3  
     e(  3 -  3) =     -4.66282  eV     1   --> A_1  D_1  S_1  
     e(  4 -  4) =     -4.09511  eV     1   --> A_1  D_1  S_1  
     e(  5 -  5) =     -3.86445  eV     1   --> A_2  D_2  S_2  
     e(  6 -  6) =     -3.54416  eV     1   --> B_2  D_4  S_4  
     e(  7 -  7) =      1.65595  eV     1   --> B_1  D_3  S_3  
     e(  8 -  8) =      4.90658  eV     1   --> A_1  D_1  S_1  
     e(  9 -  9) =      5.98462  eV     1   --> B_1  D_3  S_3  

 **************************************************************************

 **************************************************************************

                    xk=(   0.29730,  -0.17164,   0.00000  )

     Band symmetry, C_2v (mm2)  point group:

     e(  1 -  1) =     -6.40945  eV     1   --> A_1  D_1  S_1  
     e(  2 -  2) =     -5.22814  eV     1   --> B_1  D_3  S_3  
     e(  3 -  3) =     -4.58556  eV     1   --> A_1  D_1  S_1  
     e(  4 -  4) =     -3.91531  eV     1   --> A_1  D_1  S_1  
     e(  5 -  5) =     -3.87850  eV     1   --> A_2  D_2  S_2  
     e(  6 -  6) =     -3.46109  eV     1   --> B_2  D_4  S_4  
     e(  7 -  7) =      1.93361  eV     1   --> B_1  D_3  S_3  
     e(  8 -  8) =      5.16059  eV     1   --> A_1  D_1  S_1  
     e(  9 -  9) =      6.25256  eV     1   --> B_1  D_3  S_3  

 **************************************************************************

 **************************************************************************

                    xk=(   0.31081,  -0.17945,   0.00000  )

     Band symmetry, C_2v (mm2)  point group:

     e(  1 -  1) =     -6.39870  eV     1   --> A_1  D_1  S_1  
     e(  2 -  2) =     -5.28628  eV     1   --> B_1  D_3  S_3  
     e(  3 -  3) =     -4.51560  eV     1   --> A_1  D_1  S_1  
     e(  4 -  4) =     -3.89217  eV     1   --> A_2  D_2  S_2  
     e(  5 -  5) =     -3.70081  eV     1   --> A_1  D_1  S_1  
     e(  6 -  6) =     -3.37921  eV     1   --> B_2  D_4  S_4  
     e(  7 -  7) =      2.21983  eV     1   --> B_1  D_3  S_3  
     e(  8 -  8) =      5.42504  eV     1   --> A_1  D_1  S_1  
     e(  9 -  9) =      6.53214  eV     1   --> B_1  D_3  S_3  

 **************************************************************************

 **************************************************************************

                    xk=(   0.32432,  -0.18725,   0.00000  )

     Band symmetry, C_2v (mm2)  point group:

     e(  1 -  1) =     -6.40018  eV     1   --> A_1  D_1  S_1  
     e(  2 -  2) =     -5.34078  eV     1   --> B_1  D_3  S_3  
     e(  3 -  3) =     -4.45347  eV     1   --> A_1  D_1  S_1  
     e(  4 -  4) =     -3.90537  eV     1   --> A_2  D_2  S_2  
     e(  5 -  5) =     -3.45582  eV     1   --> A_1  D_1  S_1  
     e(  6 -  6) =     -3.29916  eV     1   --> B_2  D_4  S_4  
     e(  7 -  7) =      2.51452  eV     1   --> B_1  D_3  S_3  
     e(  8 -  8) =      5.69882  eV     1   --> A_1  D_1  S_1  
     e(  9 -  9) =      6.82319  eV     1   --> B_1  D_3  S_3  

 **************************************************************************

 **************************************************************************

                    xk=(   0.33784,  -0.19505,   0.00000  )

     Band symmetry, C_2v (mm2)  point group:

     e(  1 -  1) =     -6.41035  eV     1   --> A_1  D_1  S_1  
     e(  2 -  2) =     -5.39155  eV     1   --> B_1  D_3  S_3  
     e(  3 -  3) =     -4.39825  eV     1   --> A_1  D_1  S_1  
     e(  4 -  4) =     -3.91799  eV     1   --> A_2  D_2  S_2  
     e(  5 -  5) =     -3.22161  eV     1   --> B_2  D_4  S_4  
     e(  6 -  6) =     -3.18569  eV     1   --> A_1  D_1  S_1  
     e(  7 -  7) =      2.81750  eV     1   --> B_1  D_3  S_3  
     e(  8 -  8) =      5.97963  eV     1   --> A_1  D_1  S_1  
     e(  9 -  9) =      7.12553  eV     1   --> B_1  D_3  S_3  

 **************************************************************************

 **************************************************************************

                    xk=(   0.35135,  -0.20285,   0.00000  )

     Band symmetry, C_2v (mm2)  point group:

     e(  1 -  1) =     -6.42630  eV     1   --> A_1  D_1  S_1  
     e(  2 -  2) =     -5.43851  eV     1   --> B_1  D_3  S_3  
     e(  3 -  3) =     -4.34888  eV     1   --> A_1  D_1  S_1  
     e(  4 -  4) =     -3.92995  eV     1   --> A_2  D_2  S_2  
     e(  5 -  5) =     -3.14721  eV     1   --> B_2  D_4  S_4  
     e(  6 -  6) =     -2.89549  eV     1   --> A_1  D_1  S_1  
     e(  7 -  7) =      3.12853  eV     1   --> B_1  D_3  S_3  
     e(  8 -  8) =      6.26208  eV     1   --> A_1  D_1  S_1  
     e(  9 -  9) =      7.44105  eV     1   -->   ?

 **************************************************************************

 **************************************************************************

                    xk=(   0.36486,  -0.21065,   0.00000  )

     Band symmetry, C_2v (mm2)  point group:

     e(  1 -  1) =     -6.44578  eV     1   --> A_1  D_1  S_1  
     e(  2 -  2) =     -5.48161  eV     1   --> B_1  D_3  S_3  
     e(  3 -  3) =     -4.30459  eV     1   --> A_1  D_1  S_1  
     e(  4 -  4) =     -3.94116  eV     1   --> A_2  D_2  S_2  
     e(  5 -  5) =     -3.07660  eV     1   --> B_2  D_4  S_4  
     e(  6 -  6) =     -2.58972  eV     1   --> A_1  D_1  S_1  
     e(  7 -  7) =      3.44720  eV     1   --> B_1  D_3  S_3  
     e(  8 -  8) =      6.53065  eV     1   --> A_1  D_1  S_1  
     e(  9 -  9) =      7.63993  eV     1   --> A_1  D_1  S_1  

 **************************************************************************

 **************************************************************************

                    xk=(   0.37838,  -0.21846,   0.00000  )

     Band symmetry, C_2v (mm2)  point group:

     e(  1 -  1) =     -6.46702  eV     1   --> A_1  D_1  S_1  
     e(  2 -  2) =     -5.52078  eV     1   --> B_1  D_3  S_3  
     e(  3 -  3) =     -4.26487  eV     1   --> A_1  D_1  S_1  
     e(  4 -  4) =     -3.95156  eV     1   --> A_2  D_2  S_2  
     e(  5 -  5) =     -3.01042  eV     1   --> B_2  D_4  S_4  
     e(  6 -  6) =     -2.27254  eV     1   --> A_1  D_1  S_1  
     e(  7 -  7) =      3.77290  eV     1   --> B_1  D_3  S_3  
     e(  8 -  8) =      6.72930  eV     1   --> A_1  D_1  S_1  
     e(  9 -  9) =      7.65571  eV     1   --> A_1  D_1  S_1  

 **************************************************************************

 **************************************************************************

                    xk=(   0.39189,  -0.22626,   0.00000  )

     Band symmetry, C_2v (mm2)  point group:

     e(  1 -  1) =     -6.48868  eV     1   --> A_1  D_1  S_1  
     e(  2 -  2) =     -5.55596  eV     1   --> B_1  D_3  S_3  
     e(  3 -  3) =     -4.22945  eV     1   --> A_1  D_1  S_1  
     e(  4 -  4) =     -3.96107  eV     1   --> A_2  D_2  S_2  
     e(  5 -  5) =     -2.94929  eV     1   --> B_2  D_4  S_4  
     e(  6 -  6) =     -1.94813  eV     1   --> A_1  D_1  S_1  
     e(  7 -  7) =      4.10474  eV     1   --> B_1  D_3  S_3  
     e(  8 -  8) =      6.69727  eV     1   --> A_1  D_1  S_1  
     e(  9 -  9) =      7.66088  eV     1   --> A_1  D_1  S_1  

 **************************************************************************

 **************************************************************************

                    xk=(   0.40541,  -0.23406,   0.00000  )

     Band symmetry, C_2v (mm2)  point group:

     e(  1 -  1) =     -6.50969  eV     1   --> A_1  D_1  S_1  
     e(  2 -  2) =     -5.58710  eV     1   --> B_1  D_3  S_3  
     e(  3 -  3) =     -4.19818  eV     1   --> A_1  D_1  S_1  
     e(  4 -  4) =     -3.96961  eV     1   --> A_2  D_2  S_2  
     e(  5 -  5) =     -2.89380  eV     1   --> B_2  D_4  S_4  
     e(  6 -  6) =     -1.62114  eV     1   --> A_1  D_1  S_1  
     e(  7 -  7) =      4.44131  eV     1   --> B_1  D_3  S_3  
     e(  8 -  8) =      6.40209  eV     1   --> A_1  D_1  S_1  
     e(  9 -  9) =      7.87222  eV     1   --> A_1  D_1  S_1  

 **************************************************************************

 **************************************************************************

                    xk=(   0.41892,  -0.24186,   0.00000  )

     Band symmetry, C_2v (mm2)  point group:

     e(  1 -  1) =     -6.52925  eV     1   --> A_1  D_1  S_1  
     e(  2 -  2) =     -5.61418  eV     1   --> B_1  D_3  S_3  
     e(  3 -  3) =     -4.17102  eV     1   --> A_1  D_1  S_1  
     e(  4 -  4) =     -3.97714  eV     1   --> A_2  D_2  S_2  
     e(  5 -  5) =     -2.84449  eV     1   --> B_2  D_4  S_4  
     e(  6 -  6) =     -1.29723  eV     1   --> A_1  D_1  S_1  
     e(  7 -  7) =      4.78037  eV     1   --> B_1  D_3  S_3  
     e(  8 -  8) =      6.01620  eV     1   --> A_1  D_1  S_1  
     e(  9 -  9) =      8.18458  eV     1   --> A_1  D_1  S_1  

 **************************************************************************

 **************************************************************************

                    xk=(   0.43243,  -0.24966,   0.00000  )

     Band symmetry, C_2v (mm2)  point group:

     e(  1 -  1) =     -6.54671  eV     1   --> A_1  D_1  S_1  
     e(  2 -  2) =     -5.63715  eV     1   --> B_1  D_3  S_3  
     e(  3 -  3) =     -4.14795  eV     1   --> A_1  D_1  S_1  
     e(  4 -  4) =     -3.98360  eV     1   --> A_2  D_2  S_2  
     e(  5 -  5) =     -2.80186  eV     1   --> B_2  D_4  S_4  
     e(  6 -  6) =     -0.98378  eV     1   --> A_1  D_1  S_1  
     e(  7 -  7) =      5.11827  eV     1   --> B_1  D_3  S_3  
     e(  8 -  8) =      5.62308  eV     1   --> A_1  D_1  S_1  
     e(  9 -  9) =      8.53737  eV     1   --> A_1  D_1  S_1  

 **************************************************************************

 **************************************************************************

                    xk=(   0.44595,  -0.25747,   0.00000  )

     Band symmetry, C_2v (mm2)  point group:

     e(  1 -  1) =     -6.56160  eV     1   --> A_1  D_1  S_1  
     e(  2 -  2) =     -5.65598  eV     1   --> B_1  D_3  S_3  
     e(  3 -  3) =     -4.12900  eV     1   --> A_1  D_1  S_1  
     e(  4 -  4) =     -3.98895  eV     1   --> A_2  D_2  S_2  
     e(  5 -  5) =     -2.76635  eV     1   --> B_2  D_4  S_4  
     e(  6 -  6) =     -0.69078  eV     1   --> A_1  D_1  S_1  
     e(  7 -  7) =      5.25526  eV     1   --> A_1  D_1  S_1  
     e(  8 -  8) =      5.44873  eV     1   --> B_1  D_3  S_3  
     e(  9 -  9) =      8.91267  eV     1   --> A_1  D_1  S_1  

 **************************************************************************

 **************************************************************************

                    xk=(   0.45946,  -0.26527,   0.00000  )

     Band symmetry, C_2v (mm2)  point group:

     e(  1 -  1) =     -6.57354  eV     1   --> A_1  D_1  S_1  
     e(  2 -  2) =     -5.67065  eV     1   --> B_1  D_3  S_3  
     e(  3 -  3) =     -4.11422  eV     1   --> A_1  D_1  S_1  
     e(  4 -  4) =     -3.99314  eV     1   --> A_2  D_2  S_2  
     e(  5 -  5) =     -2.73832  eV     1   --> B_2  D_4  S_4  
     e(  6 -  6) =     -0.43175  eV     1   --> A_1  D_1  S_1  
     e(  7 -  7) =      4.93427  eV     1   --> A_1  D_1  S_1  
     e(  8 -  8) =      5.76049  eV     1   --> B_1  D_3  S_3  
     e(  9 -  9) =      9.16644  eV     1   --> B_1  D_3  S_3  

 **************************************************************************

 **************************************************************************

                    xk=(   0.47297,  -0.27307,   0.00000  )

     Band symmetry, C_2v (mm2)  point group:

     e(  1 -  1) =     -6.58224  eV     1   --> A_1  D_1  S_1  
     e(  2 -  2) =     -5.68114  eV     1   --> B_1  D_3  S_3  
     e(  3 -  3) =     -4.10362  eV     1   --> A_1  D_1  S_1  
     e(  4 -  4) =     -3.99616  eV     1   --> A_2  D_2  S_2  
     e(  5 -  5) =     -2.71808  eV     1   --> B_2  D_4  S_4  
     e(  6 -  6) =     -0.22418  eV     1   --> A_1  D_1  S_1  
     e(  7 -  7) =      4.68098  eV     1   --> A_1  D_1  S_1  
     e(  8 -  8) =      6.03287  eV     1   --> B_1  D_3  S_3  
     e(  9 -  9) =      8.88753  eV     1   --> B_1  D_3  S_3  

 **************************************************************************

 **************************************************************************

                    xk=(   0.48649,  -0.28087,   0.00000  )

     Band symmetry, C_2v (mm2)  point group:

     e(  1 -  1) =     -6.58754  eV     1   --> A_1  D_1  S_1  
     e(  2 -  2) =     -5.68744  eV     1   --> B_1  D_3  S_3  
     e(  3 -  3) =     -4.09725  eV     1   --> A_1  D_1  S_1  
     e(  4 -  4) =     -3.99798  eV     1   --> A_2  D_2  S_2  
     e(  5 -  5) =     -2.70585  eV     1   --> B_2  D_4  S_4  
     e(  6 -  6) =     -0.08794  eV     1   --> A_1  D_1  S_1  
     e(  7 -  7) =      4.51684  eV     1   --> A_1  D_1  S_1  
     e(  8 -  8) =      6.22997  eV     1   --> B_1  D_3  S_3  
     e(  9 -  9) =      8.67707  eV     1   --> B_1  D_3  S_3  

 **************************************************************************

 **************************************************************************

                    xk=(   0.50000,  -0.28868,   0.00000  )

     point group D_2h (mmm) 
     there are  8 classes
     the character table:

       E     C2    C2'   C2''  i     s_v   s_v'  s_v''
A_g    1.00  1.00  1.00  1.00  1.00  1.00  1.00  1.00
B_1g   1.00  1.00 -1.00 -1.00  1.00  1.00 -1.00 -1.00
B_2g   1.00 -1.00  1.00 -1.00  1.00 -1.00  1.00 -1.00
B_3g   1.00 -1.00 -1.00  1.00  1.00 -1.00 -1.00  1.00
A_u    1.00  1.00  1.00  1.00 -1.00 -1.00 -1.00 -1.00
B_1u   1.00  1.00 -1.00 -1.00 -1.00 -1.00  1.00  1.00
B_2u   1.00 -1.00  1.00 -1.00 -1.00  1.00 -1.00  1.00
B_3u   1.00 -1.00 -1.00  1.00 -1.00  1.00  1.00 -1.00

     the symmetry operations in each class and the name of the first element:

     E        1
                                                                 
     C2       2
                                                                 
     C2'      3
                                                                 
     C2''     4
                                                                 
     i        5
                                                                 
     s_v      6
                                                                 
     s_v'     7
                                                                 
     s_v''    8
                                                                 

     Band symmetry, D_2h (mmm)  point group:

     e(  1 -  1) =     -6.58933  eV     1   --> A_g            
     e(  2 -  2) =     -5.68955  eV     1   --> B_3g           
     e(  3 -  3) =     -4.09512  eV     1   --> A_g            
     e(  4 -  4) =     -3.99859  eV     1   --> B_2g           
     e(  5 -  5) =     -2.70176  eV     1   --> B_1g           
     e(  6 -  6) =     -0.04020  eV     1   --> B_2u           
     e(  7 -  7) =      4.45972  eV     1   --> A_g            
     e(  8 -  8) =      6.30422  eV     1   --> B_1u           
     e(  9 -  9) =      8.59737  eV     1   --> B_3g           

 **************************************************************************

 **************************************************************************

                    xk=(   0.49383,  -0.27086,   0.00000  )

     point group C_s (m)    
     there are  2 classes
     the character table:

       E     s    
A'     1.00  1.00
A''    1.00 -1.00

     the symmetry operations in each class and the name of the first element:

     E        1
                                                                 
     s        2
                                                                 

     Band symmetry, C_s (m)     point group:

     e(  1 -  1) =     -6.58466  eV     1   --> A'             
     e(  2 -  2) =     -5.68668  eV     1   --> A''            
     e(  3 -  3) =     -4.09681  eV     1   --> A'             
     e(  4 -  4) =     -4.00028  eV     1   --> A''            
     e(  5 -  5) =     -2.71555  eV     1   --> A'             
     e(  6 -  6) =     -0.06629  eV     1   --> A'             
     e(  7 -  7) =      4.50929  eV     1   --> A'             
     e(  8 -  8) =      6.24683  eV     1   --> A''            
     e(  9 -  9) =      8.66749  eV     1   --> A''            

 **************************************************************************

 **************************************************************************

                    xk=(   0.48765,  -0.25304,   0.00000  )

     Band symmetry, C_s (m)     point group:

     e(  1 -  1) =     -6.57071  eV     1   --> A'             
     e(  2 -  2) =     -5.67816  eV     1   --> A''            
     e(  3 -  3) =     -4.10194  eV     1   --> A'             
     e(  4 -  4) =     -4.00533  eV     1   --> A''            
     e(  5 -  5) =     -2.75684  eV     1   --> A'             
     e(  6 -  6) =     -0.14032  eV     1   --> A'             
     e(  7 -  7) =      4.65363  eV     1   --> A'             
     e(  8 -  8) =      6.09283  eV     1   --> A''            
     e(  9 -  9) =      8.85776  eV     1   --> A''            

 **************************************************************************

 **************************************************************************

                    xk=(   0.48148,  -0.23522,   0.00000  )

     Band symmetry, C_s (m)     point group:

     e(  1 -  1) =     -6.54748  eV     1   --> A'             
     e(  2 -  2) =     -5.66413  eV     1   --> A''            
     e(  3 -  3) =     -4.11066  eV     1   --> A'             
     e(  4 -  4) =     -4.01355  eV     1   --> A''            
     e(  5 -  5) =     -2.82524  eV     1   --> A'             
     e(  6 -  6) =     -0.25141  eV     1   --> A'             
     e(  7 -  7) =      4.88140  eV     1   --> A'             
     e(  8 -  8) =      5.87815  eV     1   --> A''            
     e(  9 -  9) =      9.12369  eV     1   --> A''            

 **************************************************************************

 **************************************************************************

                    xk=(   0.47531,  -0.21740,   0.00000  )

     Band symmetry, C_s (m)     point group:

     e(  1 -  1) =     -6.51502  eV     1   --> A'             
     e(  2 -  2) =     -5.64488  eV     1   --> A''            
     e(  3 -  3) =     -4.12330  eV     1   --> A'             
     e(  4 -  4) =     -4.02469  eV     1   --> A''            
     e(  5 -  5) =     -2.91980  eV     1   --> A'             
     e(  6 -  6) =     -0.38627  eV     1   --> A'             
     e(  7 -  7) =      5.17805  eV     1   --> A'             
     e(  8 -  8) =      5.63252  eV     1   --> A''            
     e(  9 -  9) =      9.10601  eV     1   --> A'             

 **************************************************************************

 **************************************************************************

                    xk=(   0.46914,  -0.19958,   0.00000  )

     Band symmetry, C_s (m)     point group:

     e(  1 -  1) =     -6.47340  eV     1   --> A'             
     e(  2 -  2) =     -5.62079  eV     1   --> A''            
     e(  3 -  3) =     -4.14046  eV     1   --> A'             
     e(  4 -  4) =     -4.03838  eV     1   --> A''            
     e(  5 -  5) =     -3.03853  eV     1   --> A'             
     e(  6 -  6) =     -0.53278  eV     1   --> A'             
     e(  7 -  7) =      5.37449  eV     1   --> A''            
     e(  8 -  8) =      5.52872  eV     1   --> A'             
     e(  9 -  9) =      8.78978  eV     1   --> A'             

 **************************************************************************

 **************************************************************************

                    xk=(   0.46296,  -0.18176,   0.00000  )

     Band symmetry, C_s (m)     point group:

     e(  1 -  1) =     -6.42270  eV     1   --> A'             
     e(  2 -  2) =     -5.59239  eV     1   --> A''            
     e(  3 -  3) =     -4.16328  eV     1   --> A'             
     e(  4 -  4) =     -4.05411  eV     1   --> A''            
     e(  5 -  5) =     -3.17794  eV     1   --> A'             
     e(  6 -  6) =     -0.68184  eV     1   --> A'             
     e(  7 -  7) =      5.11474  eV     1   --> A''            
     e(  8 -  8) =      5.91879  eV     1   --> A'             
     e(  9 -  9) =      8.49557  eV     1   --> A'             

 **************************************************************************

 **************************************************************************

                    xk=(   0.45679,  -0.16394,   0.00000  )

     Band symmetry, C_s (m)     point group:

     e(  1 -  1) =     -6.36304  eV     1   --> A'             
     e(  2 -  2) =     -5.56033  eV     1   --> A''            
     e(  3 -  3) =     -4.19378  eV     1   --> A'             
     e(  4 -  4) =     -4.07128  eV     1   --> A''            
     e(  5 -  5) =     -3.33255  eV     1   --> A'             
     e(  6 -  6) =     -0.82775  eV     1   --> A'             
     e(  7 -  7) =      4.85948  eV     1   --> A''            
     e(  8 -  8) =      6.33119  eV     1   --> A'             
     e(  9 -  9) =      8.23040  eV     1   --> A'             

 **************************************************************************

 **************************************************************************

                    xk=(   0.45062,  -0.14612,   0.00000  )

     Band symmetry, C_s (m)     point group:

     e(  1 -  1) =     -6.29454  eV     1   --> A'             
     e(  2 -  2) =     -5.52541  eV     1   --> A''            
     e(  3 -  3) =     -4.23575  eV     1   --> A'             
     e(  4 -  4) =     -4.08915  eV     1   --> A''            
     e(  5 -  5) =     -3.49427  eV     1   --> A'             
     e(  6 -  6) =     -0.96766  eV     1   --> A'             
     e(  7 -  7) =      4.61242  eV     1   --> A''            
     e(  8 -  8) =      6.73528  eV     1   --> A'             
     e(  9 -  9) =      8.01382  eV     1   --> A'             

 **************************************************************************

 **************************************************************************

                    xk=(   0.44444,  -0.12830,   0.00000  )

     Band symmetry, C_s (m)     point group:

     e(  1 -  1) =     -6.21737  eV     1   --> A'             
     e(  2 -  2) =     -5.48859  eV     1   --> A''            
     e(  3 -  3) =     -4.29579  eV     1   --> A'             
     e(  4 -  4) =     -4.10686  eV     1   --> A''            
     e(  5 -  5) =     -3.65170  eV     1   --> A'             
     e(  6 -  6) =     -1.10082  eV     1   --> A'             
     e(  7 -  7) =      4.37585  eV     1   --> A''            
     e(  8 -  8) =      7.04539  eV     1   --> A'             
     e(  9 -  9) =      7.91255  eV     1   --> A'             

 **************************************************************************

 **************************************************************************

                    xk=(   0.43827,  -0.11048,   0.00000  )

     Band symmetry, C_s (m)     point group:

     e(  1 -  1) =     -6.13172  eV     1   --> A'             
     e(  2 -  2) =     -5.45099  eV     1   --> A''            
     e(  3 -  3) =     -4.38329  eV     1   --> A'             
     e(  4 -  4) =     -4.12341  eV     1   --> A''            
     e(  5 -  5) =     -3.79053  eV     1   --> A'             
     e(  6 -  6) =     -1.22772  eV     1   --> A'             
     e(  7 -  7) =      4.15127  eV     1   --> A''            
     e(  8 -  8) =      7.11051  eV     1   --> A'             
     e(  9 -  9) =      8.01935  eV     1   --> A'             

 **************************************************************************

 **************************************************************************

                    xk=(   0.43210,  -0.09266,   0.00000  )

     Band symmetry, C_s (m)     point group:

     e(  1 -  1) =     -6.03781  eV     1   --> A'             
     e(  2 -  2) =     -5.41387  eV     1   --> A''            
     e(  3 -  3) =     -4.50526  eV     1   --> A'             
     e(  4 -  4) =     -4.13772  eV     1   --> A''            
     e(  5 -  5) =     -3.89900  eV     1   --> A'             
     e(  6 -  6) =     -1.34948  eV     1   --> A'             
     e(  7 -  7) =      3.93968  eV     1   --> A''            
     e(  8 -  8) =      6.99443  eV     1   --> A'             
     e(  9 -  9) =      8.10250  eV     1   --> A'             

 **************************************************************************

 **************************************************************************

                    xk=(   0.42593,  -0.07484,   0.00000  )

     Band symmetry, C_s (m)     point group:

     e(  1 -  1) =     -5.93596  eV     1   --> A'             
     e(  2 -  2) =     -5.37856  eV     1   --> A''            
     e(  3 -  3) =     -4.65845  eV     1   --> A'             
     e(  4 -  4) =     -4.14864  eV     1   --> A''            
     e(  5 -  5) =     -3.97605  eV     1   --> A'             
     e(  6 -  6) =     -1.46742  eV     1   --> A'             
     e(  7 -  7) =      3.74179  eV     1   --> A''            
     e(  8 -  8) =      6.83105  eV     1   --> A'             
     e(  9 -  9) =      8.01028  eV     1   -->   ?

 **************************************************************************

 **************************************************************************

                    xk=(   0.41975,  -0.05702,   0.00000  )

     Band symmetry, C_s (m)     point group:

     e(  1 -  1) =     -5.82657  eV     1   --> A'             
     e(  2 -  2) =     -5.34649  eV     1   --> A''            
     e(  3 -  3) =     -4.83112  eV     1   --> A'             
     e(  4 -  4) =     -4.15504  eV     1   --> A''            
     e(  5 -  5) =     -4.02945  eV     1   --> A'             
     e(  6 -  6) =     -1.58283  eV     1   --> A'             
     e(  7 -  7) =      3.55814  eV     1   --> A''            
     e(  8 -  8) =      6.66360  eV     1   --> A'             
     e(  9 -  9) =      7.82710  eV     1   --> A''            

 **************************************************************************

 **************************************************************************

                    xk=(   0.41358,  -0.03920,   0.00000  )

     Band symmetry, C_s (m)     point group:

     e(  1 -  1) =     -5.71034  eV     1   --> A'             
     e(  2 -  2) =     -5.31895  eV     1   --> A''            
     e(  3 -  3) =     -5.01141  eV     1   --> A'             
     e(  4 -  4) =     -4.15594  eV     1   --> A''            
     e(  5 -  5) =     -4.06737  eV     1   --> A'             
     e(  6 -  6) =     -1.69684  eV     1   --> A'             
     e(  7 -  7) =      3.38917  eV     1   --> A''            
     e(  8 -  8) =      6.50448  eV     1   --> A'             
     e(  9 -  9) =      7.65432  eV     1   --> A''            

 **************************************************************************

 **************************************************************************

                    xk=(   0.40741,  -0.02138,   0.00000  )

     Band symmetry, C_s (m)     point group:

     e(  1 -  1) =     -5.58902  eV     1   --> A'             
     e(  2 -  2) =     -5.29703  eV     1   --> A''            
     e(  3 -  3) =     -5.18991  eV     1   --> A'             
     e(  4 -  4) =     -4.15067  eV     1   --> A''            
     e(  5 -  5) =     -4.09496  eV     1   --> A'             
     e(  6 -  6) =     -1.81039  eV     1   --> A'             
     e(  7 -  7) =      3.23526  eV     1   --> A''            
     e(  8 -  8) =      6.35817  eV     1   --> A'             
     e(  9 -  9) =      7.49878  eV     1   --> A''            

 **************************************************************************

 **************************************************************************

                    xk=(   0.40123,  -0.00356,   0.00000  )

     Band symmetry, C_s (m)     point group:

     e(  1 -  1) =     -5.47732  eV     1   --> A'             
     e(  2 -  2) =     -5.34724  eV     1   --> A'             
     e(  3 -  3) =     -5.28142  eV     1   --> A''            
     e(  4 -  4) =     -4.13900  eV     1   --> A''            
     e(  5 -  5) =     -4.11479  eV     1   --> A'             
     e(  6 -  6) =     -1.92423  eV     1   --> A'             
     e(  7 -  7) =      3.09680  eV     1   --> A''            
     e(  8 -  8) =      6.22665  eV     1   --> A'             
     e(  9 -  9) =      7.36067  eV     1   --> A''            

 **************************************************************************

 **************************************************************************

                    xk=(   0.39506,   0.01426,   0.00000  )

     Band symmetry, C_s (m)     point group:

     e(  1 -  1) =     -5.55159  eV     1   --> A'             
     e(  2 -  2) =     -5.30443  eV     1   --> A'             
     e(  3 -  3) =     -5.27234  eV     1   --> A''            
     e(  4 -  4) =     -4.12773  eV     1   --> A'             
     e(  5 -  5) =     -4.12121  eV     1   --> A''            
     e(  6 -  6) =     -2.03894  eV     1   --> A'             
     e(  7 -  7) =      2.97417  eV     1   --> A''            
     e(  8 -  8) =      6.11090  eV     1   --> A'             
     e(  9 -  9) =      7.24014  eV     1   --> A''            

 **************************************************************************

 **************************************************************************

                    xk=(   0.38889,   0.03208,   0.00000  )

     Band symmetry, C_s (m)     point group:

     e(  1 -  1) =     -5.70132  eV     1   --> A'             
     e(  2 -  2) =     -5.26954  eV     1   --> A''            
     e(  3 -  3) =     -5.17096  eV     1   --> A'             
     e(  4 -  4) =     -4.13343  eV     1   --> A'             
     e(  5 -  5) =     -4.09820  eV     1   --> A''            
     e(  6 -  6) =     -2.15495  eV     1   --> A'             
     e(  7 -  7) =      2.86777  eV     1   --> A''            
     e(  8 -  8) =      6.01147  eV     1   --> A'             
     e(  9 -  9) =      7.13730  eV     1   --> A''            

 **************************************************************************

 **************************************************************************

                    xk=(   0.38272,   0.04989,   0.00000  )

     Band symmetry, C_s (m)     point group:

     e(  1 -  1) =     -5.84239  eV     1   --> A'             
     e(  2 -  2) =     -5.27232  eV     1   --> A''            
     e(  3 -  3) =     -5.03142  eV     1   --> A'             
     e(  4 -  4) =     -4.13029  eV     1   --> A'             
     e(  5 -  5) =     -4.07129  eV     1   --> A''            
     e(  6 -  6) =     -2.27252  eV     1   --> A'             
     e(  7 -  7) =      2.77804  eV     1   --> A''            
     e(  8 -  8) =      5.92873  eV     1   --> A'             
     e(  9 -  9) =      7.05229  eV     1   --> A''            

 **************************************************************************

 **************************************************************************

                    xk=(   0.37654,   0.06771,   0.00000  )

     Band symmetry, C_s (m)     point group:

     e(  1 -  1) =     -5.96994  eV     1   --> A'             
     e(  2 -  2) =     -5.27972  eV     1   --> A''            
     e(  3 -  3) =     -4.89306  eV     1   --> A'             
     e(  4 -  4) =     -4.11503  eV     1   --> A'             
     e(  5 -  5) =     -4.04212  eV     1   --> A''            
     e(  6 -  6) =     -2.39182  eV     1   --> A'             
     e(  7 -  7) =      2.70545  eV     1   --> A''            
     e(  8 -  8) =      5.86288  eV     1   --> A'             
     e(  9 -  9) =      6.98518  eV     1   --> A''            

 **************************************************************************

 **************************************************************************

                    xk=(   0.37037,   0.08553,   0.00000  )

     Band symmetry, C_s (m)     point group:

     e(  1 -  1) =     -6.08241  eV     1   --> A'             
     e(  2 -  2) =     -5.29065  eV     1   --> A''            
     e(  3 -  3) =     -4.76258  eV     1   --> A'             
     e(  4 -  4) =     -4.08193  eV     1   --> A'             
     e(  5 -  5) =     -4.01250  eV     1   --> A''            
     e(  6 -  6) =     -2.51285  eV     1   --> A'             
     e(  7 -  7) =      2.65048  eV     1   --> A''            
     e(  8 -  8) =      5.81410  eV     1   --> A'             
     e(  9 -  9) =      6.93608  eV     1   --> A''            

 **************************************************************************

 **************************************************************************

                    xk=(   0.36420,   0.10335,   0.00000  )

     Band symmetry, C_s (m)     point group:

     e(  1 -  1) =     -6.17882  eV     1   --> A'             
     e(  2 -  2) =     -5.30400  eV     1   --> A''            
     e(  3 -  3) =     -4.64880  eV     1   --> A'             
     e(  4 -  4) =     -4.02269  eV     1   --> A'             
     e(  5 -  5) =     -3.98421  eV     1   --> A''            
     e(  6 -  6) =     -2.63553  eV     1   --> A'             
     e(  7 -  7) =      2.61362  eV     1   --> A''            
     e(  8 -  8) =      5.78252  eV     1   --> A'             
     e(  9 -  9) =      6.90507  eV     1   --> A''            

 **************************************************************************

 **************************************************************************

                    xk=(   0.35802,   0.12117,   0.00000  )

     Band symmetry, C_s (m)     point group:

     e(  1 -  1) =     -6.25860  eV     1   --> A'             
     e(  2 -  2) =     -5.31873  eV     1   --> A''            
     e(  3 -  3) =     -4.56000  eV     1   --> A'             
     e(  4 -  4) =     -3.95894  eV     1   --> A''            
     e(  5 -  5) =     -3.92946  eV     1   --> A'             
     e(  6 -  6) =     -2.75962  eV     1   --> A'             
     e(  7 -  7) =      2.59536  eV     1   --> A''            
     e(  8 -  8) =      5.76823  eV     1   --> A'             
     e(  9 -  9) =      6.89221  eV     1   --> A''            

 **************************************************************************

 **************************************************************************

                    xk=(   0.35185,   0.13899,   0.00000  )

     Band symmetry, C_s (m)     point group:

     e(  1 -  1) =     -6.32133  eV     1   --> A'             
     e(  2 -  2) =     -5.33393  eV     1   --> A''            
     e(  3 -  3) =     -4.49810  eV     1   --> A'             
     e(  4 -  4) =     -3.93817  eV     1   --> A''            
     e(  5 -  5) =     -3.80077  eV     1   --> A'             
     e(  6 -  6) =     -2.88474  eV     1   --> A'             
     e(  7 -  7) =      2.59610  eV     1   --> A''            
     e(  8 -  8) =      5.77132  eV     1   --> A'             
     e(  9 -  9) =      6.89759  eV     1   --> A''            

 **************************************************************************

 **************************************************************************

                    xk=(   0.34568,   0.15681,   0.00000  )

     Band symmetry, C_s (m)     point group:

     e(  1 -  1) =     -6.36684  eV     1   --> A'             
     e(  2 -  2) =     -5.34880  eV     1   --> A''            
     e(  3 -  3) =     -4.45780  eV     1   --> A'             
     e(  4 -  4) =     -3.92314  eV     1   --> A''            
     e(  5 -  5) =     -3.64244  eV     1   --> A'             
     e(  6 -  6) =     -3.01033  eV     1   --> A'             
     e(  7 -  7) =      2.61623  eV     1   --> A''            
     e(  8 -  8) =      5.79186  eV     1   --> A'             
     e(  9 -  9) =      6.92124  eV     1   --> A''            

 **************************************************************************

 **************************************************************************

                    xk=(   0.33951,   0.17463,   0.00000  )

     Band symmetry, C_s (m)     point group:

     e(  1 -  1) =     -6.39508  eV     1   --> A'             
     e(  2 -  2) =     -5.36268  eV     1   --> A''            
     e(  3 -  3) =     -4.43209  eV     1   --> A'             
     e(  4 -  4) =     -3.91481  eV     1   --> A''            
     e(  5 -  5) =     -3.46230  eV     1   --> A'             
     e(  6 -  6) =     -3.13548  eV     1   --> A'             
     e(  7 -  7) =      2.65601  eV     1   --> A''            
     e(  8 -  8) =      5.82989  eV     1   --> A'             
     e(  9 -  9) =      6.96320  eV     1   --> A''            

 **************************************************************************

 **************************************************************************

                    xk=(   0.33333,   0.19245,   0.00000  )

     point group C_2v (mm2) 
     there are  4 classes
     the character table:

       E     C2    s_v   s_v' 
A_1    1.00  1.00  1.00  1.00
A_2    1.00  1.00 -1.00 -1.00
B_1    1.00 -1.00  1.00 -1.00
B_2    1.00 -1.00 -1.00  1.00

     the symmetry operations in each class and the name of the first element:

     E        1
                                                                 
     C2       2
                                                                 
     s_v      3
                                                                 
     s_v'     4
                                                                 

     Band symmetry, C_2v (mm2)  point group:

     e(  1 -  1) =     -6.40619  eV     1   --> A_1  D_1  S_1  
     e(  2 -  2) =     -5.37505  eV     1   --> B_2  D_4  S_4  
     e(  3 -  3) =     -4.41596  eV     1   --> A_1  D_1  S_1  
     e(  4 -  4) =     -3.91385  eV     1   --> A_2  D_2  S_2  
     e(  5 -  5) =     -3.27821  eV     1   --> A_1  D_1  S_1  
     e(  6 -  6) =     -3.24715  eV     1   --> B_1  D_3  S_3  
     e(  7 -  7) =      2.71560  eV     1   --> B_2  D_4  S_4  
     e(  8 -  8) =      5.88548  eV     1   --> A_1  D_1  S_1  
     e(  9 -  9) =      7.02351  eV     1   --> B_2  D_4  S_4  

 **************************************************************************

 **************************************************************************

                    xk=(   0.32381,   0.18695,   0.00000  )

     Band symmetry, C_2v (mm2)  point group:

     e(  1 -  1) =     -6.39995  eV     1   --> A_1  D_1  S_1  
     e(  2 -  2) =     -5.33877  eV     1   --> B_2  D_4  S_4  
     e(  3 -  3) =     -4.45570  eV     1   --> A_1  D_1  S_1  
     e(  4 -  4) =     -3.90488  eV     1   --> A_2  D_2  S_2  
     e(  5 -  5) =     -3.46565  eV     1   --> A_1  D_1  S_1  
     e(  6 -  6) =     -3.30217  eV     1   --> B_1  D_3  S_3  
     e(  7 -  7) =      2.50314  eV     1   --> B_2  D_4  S_4  
     e(  8 -  8) =      5.68824  eV     1   --> A_1  D_1  S_1  
     e(  9 -  9) =      6.81190  eV     1   -->   ?

 **************************************************************************

 **************************************************************************

                    xk=(   0.31429,   0.18145,   0.00000  )

     Band symmetry, C_2v (mm2)  point group:

     e(  1 -  1) =     -6.39807  eV     1   --> A_1  D_1  S_1  
     e(  2 -  2) =     -5.30064  eV     1   --> B_2  D_4  S_4  
     e(  3 -  3) =     -4.49890  eV     1   --> A_1  D_1  S_1  
     e(  4 -  4) =     -3.89562  eV     1   --> A_2  D_2  S_2  
     e(  5 -  5) =     -3.64052  eV     1   --> A_1  D_1  S_1  
     e(  6 -  6) =     -3.35842  eV     1   --> B_1  D_3  S_3  
     e(  7 -  7) =      2.29480  eV     1   --> B_2  D_4  S_4  
     e(  8 -  8) =      5.49461  eV     1   --> A_1  D_1  S_1  
     e(  9 -  9) =      6.60589  eV     1   --> B_2  D_4  S_4  

 **************************************************************************

 **************************************************************************

                    xk=(   0.30476,   0.17595,   0.00000  )

     Band symmetry, C_2v (mm2)  point group:

     e(  1 -  1) =     -6.40177  eV     1   --> A_1  D_1  S_1  
     e(  2 -  2) =     -5.26070  eV     1   --> B_2  D_4  S_4  
     e(  3 -  3) =     -4.54592  eV     1   --> A_1  D_1  S_1  
     e(  4 -  4) =     -3.88611  eV     1   --> A_2  D_2  S_2  
     e(  5 -  5) =     -3.80090  eV     1   --> A_1  D_1  S_1  
     e(  6 -  6) =     -3.41567  eV     1   --> B_1  D_3  S_3  
     e(  7 -  7) =      2.09066  eV     1   --> B_2  D_4  S_4  
     e(  8 -  8) =      5.30543  eV     1   --> A_1  D_1  S_1  
     e(  9 -  9) =      6.40556  eV     1   --> B_2  D_4  S_4  

 **************************************************************************

 **************************************************************************

                    xk=(   0.29524,   0.17046,   0.00000  )

     Band symmetry, C_2v (mm2)  point group:

     e(  1 -  1) =     -6.41240  eV     1   --> A_1  D_1  S_1  
     e(  2 -  2) =     -5.21897  eV     1   --> B_2  D_4  S_4  
     e(  3 -  3) =     -4.59691  eV     1   --> A_1  D_1  S_1  
     e(  4 -  4) =     -3.94502  eV     1   --> A_1  D_1  S_1  
     e(  5 -  5) =     -3.87638  eV     1   --> A_2  D_2  S_2  
     e(  6 -  6) =     -3.47368  eV     1   --> B_1  D_3  S_3  
     e(  7 -  7) =      1.89074  eV     1   --> B_2  D_4  S_4  
     e(  8 -  8) =      5.12119  eV     1   --> A_1  D_1  S_1  
     e(  9 -  9) =      6.21098  eV     1   --> B_2  D_4  S_4  

 **************************************************************************

 **************************************************************************

                    xk=(   0.28571,   0.16496,   0.00000  )

     Band symmetry, C_2v (mm2)  point group:

     e(  1 -  1) =     -6.43140  eV     1   --> A_1  D_1  S_1  
     e(  2 -  2) =     -5.17549  eV     1   --> B_2  D_4  S_4  
     e(  3 -  3) =     -4.65144  eV     1   --> A_1  D_1  S_1  
     e(  4 -  4) =     -4.07162  eV     1   --> A_1  D_1  S_1  
     e(  5 -  5) =     -3.86648  eV     1   --> A_2  D_2  S_2  
     e(  6 -  6) =     -3.53224  eV     1   --> B_1  D_3  S_3  
     e(  7 -  7) =      1.69509  eV     1   --> B_2  D_4  S_4  
     e(  8 -  8) =      4.94220  eV     1   --> A_1  D_1  S_1  
     e(  9 -  9) =      6.02219  eV     1   --> B_2  D_4  S_4  

 **************************************************************************

 **************************************************************************

                    xk=(   0.27619,   0.15946,   0.00000  )

     Band symmetry, C_2v (mm2)  point group:

     e(  1 -  1) =     -6.46015  eV     1   --> A_1  D_1  S_1  
     e(  2 -  2) =     -5.13028  eV     1   --> B_2  D_4  S_4  
     e(  3 -  3) =     -4.70811  eV     1   --> A_1  D_1  S_1  
     e(  4 -  4) =     -4.18054  eV     1   --> A_1  D_1  S_1  
     e(  5 -  5) =     -3.85642  eV     1   --> A_2  D_2  S_2  
     e(  6 -  6) =     -3.59112  eV     1   --> B_1  D_3  S_3  
     e(  7 -  7) =      1.50371  eV     1   --> B_2  D_4  S_4  
     e(  8 -  8) =      4.76868  eV     1   --> A_1  D_1  S_1  
     e(  9 -  9) =      5.83921  eV     1   --> B_2  D_4  S_4  

 **************************************************************************

 **************************************************************************

                    xk=(   0.26667,   0.15396,   0.00000  )

     Band symmetry, C_2v (mm2)  point group:

     e(  1 -  1) =     -6.49980  eV     1   --> A_1  D_1  S_1  
     e(  2 -  2) =     -5.08340  eV     1   --> B_2  D_4  S_4  
     e(  3 -  3) =     -4.76442  eV     1   --> A_1  D_1  S_1  
     e(  4 -  4) =     -4.27295  eV     1   --> A_1  D_1  S_1  
     e(  5 -  5) =     -3.84626  eV     1   --> A_2  D_2  S_2  
     e(  6 -  6) =     -3.65010  eV     1   --> B_1  D_3  S_3  
     e(  7 -  7) =      1.31661  eV     1   --> B_2  D_4  S_4  
     e(  8 -  8) =      4.60076  eV     1   --> A_1  D_1  S_1  
     e(  9 -  9) =      5.66208  eV     1   --> B_2  D_4  S_4  

 **************************************************************************

 **************************************************************************

                    xk=(   0.25714,   0.14846,   0.00000  )

     Band symmetry, C_2v (mm2)  point group:

     e(  1 -  1) =     -6.55101  eV     1   --> A_1  D_1  S_1  
     e(  2 -  2) =     -5.03489  eV     1   --> B_2  D_4  S_4  
     e(  3 -  3) =     -4.81720  eV     1   --> A_1  D_1  S_1  
     e(  4 -  4) =     -4.35120  eV     1   --> A_1  D_1  S_1  
     e(  5 -  5) =     -3.83601  eV     1   --> A_2  D_2  S_2  
     e(  6 -  6) =     -3.70898  eV     1   --> B_1  D_3  S_3  
     e(  7 -  7) =      1.13381  eV     1   --> B_2  D_4  S_4  
     e(  8 -  8) =      4.43853  eV     1   --> A_1  D_1  S_1  
     e(  9 -  9) =      5.49084  eV     1   --> B_2  D_4  S_4  

 **************************************************************************

 **************************************************************************

                    xk=(   0.24762,   0.14296,   0.00000  )

     Band symmetry, C_2v (mm2)  point group:

     e(  1 -  1) =     -6.61384  eV     1   --> A_1  D_1  S_1  
     e(  2 -  2) =     -4.98480  eV     1   --> B_2  D_4  S_4  
     e(  3 -  3) =     -4.86344  eV     1   --> A_1  D_1  S_1  
     e(  4 -  4) =     -4.41816  eV     1   --> A_1  D_1  S_1  
     e(  5 -  5) =     -3.82573  eV     1   --> A_2  D_2  S_2  
     e(  6 -  6) =     -3.76754  eV     1   --> B_1  D_3  S_3  
     e(  7 -  7) =      0.95529  eV     1   --> B_2  D_4  S_4  
     e(  8 -  8) =      4.28208  eV     1   --> A_1  D_1  S_1  
     e(  9 -  9) =      5.32550  eV     1   --> B_2  D_4  S_4  

 **************************************************************************

 **************************************************************************

                    xk=(   0.23810,   0.13746,   0.00000  )

     Band symmetry, C_2v (mm2)  point group:

     e(  1 -  1) =     -6.68757  eV     1   --> A_1  D_1  S_1  
     e(  2 -  2) =     -4.93317  eV     1   --> B_2  D_4  S_4  
     e(  3 -  3) =     -4.90104  eV     1   --> A_1  D_1  S_1  
     e(  4 -  4) =     -4.47648  eV     1   --> A_1  D_1  S_1  
     e(  5 -  5) =     -3.82559  eV     1   --> B_1  D_3  S_3  
     e(  6 -  6) =     -3.81545  eV     1   --> A_2  D_2  S_2  
     e(  7 -  7) =      0.78105  eV     1   --> B_2  D_4  S_4  
     e(  8 -  8) =      4.13144  eV     1   --> A_1  D_1  S_1  
     e(  9 -  9) =      5.16610  eV     1   --> B_2  D_4  S_4  

 **************************************************************************

 **************************************************************************

                    xk=(   0.22857,   0.13197,   0.00000  )

     Band symmetry, C_2v (mm2)  point group:

     e(  1 -  1) =     -6.77089  eV     1   --> A_1  D_1  S_1  
     e(  2 -  2) =     -4.92908  eV     1   --> A_1  D_1  S_1  
     e(  3 -  3) =     -4.88007  eV     1   --> B_2  D_4  S_4  
     e(  4 -  4) =     -4.52834  eV     1   --> A_1  D_1  S_1  
     e(  5 -  5) =     -3.88293  eV     1   --> B_1  D_3  S_3  
     e(  6 -  6) =     -3.80520  eV     1   --> A_2  D_2  S_2  
     e(  7 -  7) =      0.61109  eV     1   --> B_2  D_4  S_4  
     e(  8 -  8) =      3.98664  eV     1   --> A_1  D_1  S_1  
     e(  9 -  9) =      5.01266  eV     1   --> B_2  D_4  S_4  

 **************************************************************************

 **************************************************************************

                    xk=(   0.21905,   0.12647,   0.00000  )

     Band symmetry, C_2v (mm2)  point group:

     e(  1 -  1) =     -6.86203  eV     1   --> A_1  D_1  S_1  
     e(  2 -  2) =     -4.94766  eV     1   --> A_1  D_1  S_1  
     e(  3 -  3) =     -4.82556  eV     1   --> B_2  D_4  S_4  
     e(  4 -  4) =     -4.57532  eV     1   --> A_1  D_1  S_1  
     e(  5 -  5) =     -3.93937  eV     1   --> B_1  D_3  S_3  
     e(  6 -  6) =     -3.79503  eV     1   --> A_2  D_2  S_2  
     e(  7 -  7) =      0.44539  eV     1   --> B_2  D_4  S_4  
     e(  8 -  8) =      3.84772  eV     1   --> A_1  D_1  S_1  
     e(  9 -  9) =      4.86520  eV     1   --> B_2  D_4  S_4  

 **************************************************************************

 **************************************************************************

                    xk=(   0.20952,   0.12097,   0.00000  )

     Band symmetry, C_2v (mm2)  point group:

     e(  1 -  1) =     -6.95902  eV     1   --> A_1  D_1  S_1  
     e(  2 -  2) =     -4.95756  eV     1   --> A_1  D_1  S_1  
     e(  3 -  3) =     -4.76970  eV     1   --> B_2  D_4  S_4  
     e(  4 -  4) =     -4.61855  eV     1   --> A_1  D_1  S_1  
     e(  5 -  5) =     -3.99474  eV     1   --> B_1  D_3  S_3  
     e(  6 -  6) =     -3.78496  eV     1   --> A_2  D_2  S_2  
     e(  7 -  7) =      0.28396  eV     1   --> B_2  D_4  S_4  
     e(  8 -  8) =      3.71469  eV     1   --> A_1  D_1  S_1  
     e(  9 -  9) =      4.72374  eV     1   --> B_2  D_4  S_4  

 **************************************************************************

 **************************************************************************

                    xk=(   0.20000,   0.11547,   0.00000  )

     Band symmetry, C_2v (mm2)  point group:

     e(  1 -  1) =     -7.05991  eV     1   --> A_1  D_1  S_1  
     e(  2 -  2) =     -4.95991  eV     1   --> A_1  D_1  S_1  
     e(  3 -  3) =     -4.71258  eV     1   --> B_2  D_4  S_4  
     e(  4 -  4) =     -4.65877  eV     1   --> A_1  D_1  S_1  
     e(  5 -  5) =     -4.04885  eV     1   --> B_1  D_3  S_3  
     e(  6 -  6) =     -3.77503  eV     1   --> A_2  D_2  S_2  
     e(  7 -  7) =      0.12679  eV     1   --> B_2  D_4  S_4  
     e(  8 -  8) =      3.58757  eV     1   --> A_1  D_1  S_1  
     e(  9 -  9) =      4.58831  eV     1   --> B_2  D_4  S_4  

 **************************************************************************

 **************************************************************************

                    xk=(   0.19048,   0.10997,   0.00000  )

     Band symmetry, C_2v (mm2)  point group:

     e(  1 -  1) =     -7.16292  eV     1   --> A_1  D_1  S_1  
     e(  2 -  2) =     -4.95597  eV     1   --> A_1  D_1  S_1  
     e(  3 -  3) =     -4.69651  eV     1   --> A_1  D_1  S_1  
     e(  4 -  4) =     -4.65428  eV     1   --> B_2  D_4  S_4  
     e(  5 -  5) =     -4.10155  eV     1   --> B_1  D_3  S_3  
     e(  6 -  6) =     -3.76529  eV     1   --> A_2  D_2  S_2  
     e(  7 -  7) =     -0.02611  eV     1   --> B_2  D_4  S_4  
     e(  8 -  8) =      3.46636  eV     1   --> A_1  D_1  S_1  
     e(  9 -  9) =      4.45894  eV     1   --> B_2  D_4  S_4  

 **************************************************************************

 **************************************************************************

                    xk=(   0.18095,   0.10447,   0.00000  )

     Band symmetry, C_2v (mm2)  point group:

     e(  1 -  1) =     -7.26646  eV     1   --> A_1  D_1  S_1  
     e(  2 -  2) =     -4.94693  eV     1   --> A_1  D_1  S_1  
     e(  3 -  3) =     -4.73208  eV     1   --> A_1  D_1  S_1  
     e(  4 -  4) =     -4.59489  eV     1   --> B_2  D_4  S_4  
     e(  5 -  5) =     -4.15266  eV     1   --> B_1  D_3  S_3  
     e(  6 -  6) =     -3.75576  eV     1   --> A_2  D_2  S_2  
     e(  7 -  7) =     -0.17473  eV     1   --> B_2  D_4  S_4  
     e(  8 -  8) =      3.35106  eV     1   --> A_1  D_1  S_1  
     e(  9 -  9) =      4.33565  eV     1   --> B_2  D_4  S_4  

 **************************************************************************

 **************************************************************************

                    xk=(   0.17143,   0.09897,   0.00000  )

     Band symmetry, C_2v (mm2)  point group:

     e(  1 -  1) =     -7.36919  eV     1   --> A_1  D_1  S_1  
     e(  2 -  2) =     -4.93390  eV     1   --> A_1  D_1  S_1  
     e(  3 -  3) =     -4.76572  eV     1   --> A_1  D_1  S_1  
     e(  4 -  4) =     -4.53455  eV     1   --> B_2  D_4  S_4  
     e(  5 -  5) =     -4.20206  eV     1   --> B_1  D_3  S_3  
     e(  6 -  6) =     -3.74649  eV     1   --> A_2  D_2  S_2  
     e(  7 -  7) =     -0.31903  eV     1   --> B_2  D_4  S_4  
     e(  8 -  8) =      3.24169  eV     1   --> A_1  D_1  S_1  
     e(  9 -  9) =      4.21846  eV     1   --> B_2  D_4  S_4  

 **************************************************************************

 **************************************************************************

                    xk=(   0.16190,   0.09348,   0.00000  )

     Band symmetry, C_2v (mm2)  point group:

     e(  1 -  1) =     -7.47001  eV     1   --> A_1  D_1  S_1  
     e(  2 -  2) =     -4.91785  eV     1   --> A_1  D_1  S_1  
     e(  3 -  3) =     -4.79754  eV     1   --> A_1  D_1  S_1  
     e(  4 -  4) =     -4.47337  eV     1   --> B_2  D_4  S_4  
     e(  5 -  5) =     -4.24958  eV     1   --> B_1  D_3  S_3  
     e(  6 -  6) =     -3.73749  eV     1   --> A_2  D_2  S_2  
     e(  7 -  7) =     -0.45898  eV     1   --> B_2  D_4  S_4  
     e(  8 -  8) =      3.13824  eV     1   --> A_1  D_1  S_1  
     e(  9 -  9) =      4.10741  eV     1   --> B_2  D_4  S_4  

 **************************************************************************

 **************************************************************************

                    xk=(   0.15238,   0.08798,   0.00000  )

     Band symmetry, C_2v (mm2)  point group:

     e(  1 -  1) =     -7.56800  eV     1   --> A_1  D_1  S_1  
     e(  2 -  2) =     -4.89964  eV     1   --> A_1  D_1  S_1  
     e(  3 -  3) =     -4.82761  eV     1   --> A_1  D_1  S_1  
     e(  4 -  4) =     -4.41151  eV     1   --> B_2  D_4  S_4  
     e(  5 -  5) =     -4.29511  eV     1   --> B_1  D_3  S_3  
     e(  6 -  6) =     -3.72882  eV     1   --> A_2  D_2  S_2  
     e(  7 -  7) =     -0.59452  eV     1   --> B_2  D_4  S_4  
     e(  8 -  8) =      3.04071  eV     1   --> A_1  D_1  S_1  
     e(  9 -  9) =      4.00251  eV     1   --> B_2  D_4  S_4  

 **************************************************************************

 **************************************************************************

                    xk=(   0.14286,   0.08248,   0.00000  )

     Band symmetry, C_2v (mm2)  point group:

     e(  1 -  1) =     -7.66239  eV     1   --> A_1  D_1  S_1  
     e(  2 -  2) =     -4.88016  eV     1   --> A_1  D_1  S_1  
     e(  3 -  3) =     -4.85577  eV     1   --> A_1  D_1  S_1  
     e(  4 -  4) =     -4.34914  eV     1   --> B_2  D_4  S_4  
     e(  5 -  5) =     -4.33851  eV     1   --> B_1  D_3  S_3  
     e(  6 -  6) =     -3.72050  eV     1   --> A_2  D_2  S_2  
     e(  7 -  7) =     -0.72555  eV     1   --> B_2  D_4  S_4  
     e(  8 -  8) =      2.94911  eV     1   --> A_1  D_1  S_1  
     e(  9 -  9) =      3.90379  eV     1   --> B_2  D_4  S_4  

 **************************************************************************

 **************************************************************************

                    xk=(   0.13333,   0.07698,   0.00000  )

     Band symmetry, C_2v (mm2)  point group:

     e(  1 -  1) =     -7.75257  eV     1   --> A_1  D_1  S_1  
     e(  2 -  2) =     -4.88336  eV     1   --> A_1  D_1  S_1  
     e(  3 -  3) =     -4.85871  eV     1   --> A_1  D_1  S_1  
     e(  4 -  4) =     -4.37965  eV     1   --> B_1  D_3  S_3  
     e(  5 -  5) =     -4.28646  eV     1   --> B_2  D_4  S_4  
     e(  6 -  6) =     -3.71255  eV     1   --> A_2  D_2  S_2  
     e(  7 -  7) =     -0.85196  eV     1   --> B_2  D_4  S_4  
     e(  8 -  8) =      2.86343  eV     1   --> A_1  D_1  S_1  
     e(  9 -  9) =      3.81129  eV     1   --> B_2  D_4  S_4  

 **************************************************************************

 **************************************************************************

                    xk=(   0.12381,   0.07148,   0.00000  )

     Band symmetry, C_2v (mm2)  point group:

     e(  1 -  1) =     -7.83804  eV     1   --> A_1  D_1  S_1  
     e(  2 -  2) =     -4.90819  eV     1   --> A_1  D_1  S_1  
     e(  3 -  3) =     -4.83799  eV     1   --> A_1  D_1  S_1  
     e(  4 -  4) =     -4.41844  eV     1   --> B_1  D_3  S_3  
     e(  5 -  5) =     -4.22373  eV     1   --> B_2  D_4  S_4  
     e(  6 -  6) =     -3.70502  eV     1   --> A_2  D_2  S_2  
     e(  7 -  7) =     -0.97359  eV     1   --> B_2  D_4  S_4  
     e(  8 -  8) =      2.78367  eV     1   --> A_1  D_1  S_1  
     e(  9 -  9) =      3.72502  eV     1   --> B_2  D_4  S_4  

 **************************************************************************

 **************************************************************************

                    xk=(   0.11429,   0.06598,   0.00000  )

     Band symmetry, C_2v (mm2)  point group:

     e(  1 -  1) =     -7.91838  eV     1   --> A_1  D_1  S_1  
     e(  2 -  2) =     -4.93154  eV     1   --> A_1  D_1  S_1  
     e(  3 -  3) =     -4.81714  eV     1   --> A_1  D_1  S_1  
     e(  4 -  4) =     -4.45476  eV     1   --> B_1  D_3  S_3  
     e(  5 -  5) =     -4.16124  eV     1   --> B_2  D_4  S_4  
     e(  6 -  6) =     -3.69792  eV     1   --> A_2  D_2  S_2  
     e(  7 -  7) =     -1.09022  eV     1   --> B_2  D_4  S_4  
     e(  8 -  8) =      2.70983  eV     1   --> A_1  D_1  S_1  
     e(  9 -  9) =      3.64501  eV     1   --> B_2  D_4  S_4  

 **************************************************************************

 **************************************************************************

                    xk=(   0.10476,   0.06048,   0.00000  )

     Band symmetry, C_2v (mm2)  point group:

     e(  1 -  1) =     -7.99323  eV     1   --> A_1  D_1  S_1  
     e(  2 -  2) =     -4.95321  eV     1   --> A_1  D_1  S_1  
     e(  3 -  3) =     -4.79673  eV     1   --> A_1  D_1  S_1  
     e(  4 -  4) =     -4.48853  eV     1   --> B_1  D_3  S_3  
     e(  5 -  5) =     -4.09935  eV     1   --> B_2  D_4  S_4  
     e(  6 -  6) =     -3.69130  eV     1   --> A_2  D_2  S_2  
     e(  7 -  7) =     -1.20158  eV     1   --> B_2  D_4  S_4  
     e(  8 -  8) =      2.64190  eV     1   --> A_1  D_1  S_1  
     e(  9 -  9) =      3.57129  eV     1   --> B_2  D_4  S_4  

 **************************************************************************

 **************************************************************************

                    xk=(   0.09524,   0.05499,   0.00000  )

     Band symmetry, C_2v (mm2)  point group:

     e(  1 -  1) =     -8.06233  eV     1   --> A_1  D_1  S_1  
     e(  2 -  2) =     -4.97315  eV     1   --> A_1  D_1  S_1  
     e(  3 -  3) =     -4.77712  eV     1   --> A_1  D_1  S_1  
     e(  4 -  4) =     -4.51965  eV     1   --> B_1  D_3  S_3  
     e(  5 -  5) =     -4.03849  eV     1   --> B_2  D_4  S_4  
     e(  6 -  6) =     -3.68516  eV     1   --> A_2  D_2  S_2  
     e(  7 -  7) =     -1.30733  eV     1   --> B_2  D_4  S_4  
     e(  8 -  8) =      2.57989  eV     1   --> A_1  D_1  S_1  
     e(  9 -  9) =      3.50389  eV     1   --> B_2  D_4  S_4  

 **************************************************************************

 **************************************************************************

                    xk=(   0.08571,   0.04949,   0.00000  )

     Band symmetry, C_2v (mm2)  point group:

     e(  1 -  1) =     -8.12543  eV     1   --> A_1  D_1  S_1  
     e(  2 -  2) =     -4.99131  eV     1   --> A_1  D_1  S_1  
     e(  3 -  3) =     -4.75860  eV     1   --> A_1  D_1  S_1  
     e(  4 -  4) =     -4.54805  eV     1   --> B_1  D_3  S_3  
     e(  5 -  5) =     -3.97915  eV     1   --> B_2  D_4  S_4  
     e(  6 -  6) =     -3.67953  eV     1   --> A_2  D_2  S_2  
     e(  7 -  7) =     -1.40703  eV     1   --> B_2  D_4  S_4  
     e(  8 -  8) =      2.52380  eV     1   --> A_1  D_1  S_1  
     e(  9 -  9) =      3.44282  eV     1   --> B_2  D_4  S_4  

 **************************************************************************

 **************************************************************************

                    xk=(   0.07619,   0.04399,   0.00000  )

     Band symmetry, C_2v (mm2)  point group:

     e(  1 -  1) =     -8.18233  eV     1   --> A_1  D_1  S_1  
     e(  2 -  2) =     -5.00766  eV     1   --> A_1  D_1  S_1  
     e(  3 -  3) =     -4.74140  eV     1   --> A_1  D_1  S_1  
     e(  4 -  4) =     -4.57364  eV     1   --> B_1  D_3  S_3  
     e(  5 -  5) =     -3.92198  eV     1   --> B_2  D_4  S_4  
     e(  6 -  6) =     -3.67444  eV     1   --> A_2  D_2  S_2  
     e(  7 -  7) =     -1.50011  eV     1   --> B_2  D_4  S_4  
     e(  8 -  8) =      2.47361  eV     1   --> A_1  D_1  S_1  
     e(  9 -  9) =      3.38812  eV     1   --> B_2  D_4  S_4  

 **************************************************************************

 **************************************************************************

                    xk=(   0.06667,   0.03849,   0.00000  )

     Band symmetry, C_2v (mm2)  point group:

     e(  1 -  1) =     -8.23286  eV     1   --> A_1  D_1  S_1  
     e(  2 -  2) =     -5.02218  eV     1   --> A_1  D_1  S_1  
     e(  3 -  3) =     -4.72576  eV     1   --> A_1  D_1  S_1  
     e(  4 -  4) =     -4.59638  eV     1   --> B_1  D_3  S_3  
     e(  5 -  5) =     -3.86771  eV     1   --> B_2  D_4  S_4  
     e(  6 -  6) =     -3.66990  eV     1   --> A_2  D_2  S_2  
     e(  7 -  7) =     -1.58590  eV     1   --> B_2  D_4  S_4  
     e(  8 -  8) =      2.42934  eV     1   --> A_1  D_1  S_1  
     e(  9 -  9) =      3.33979  eV     1   --> B_2  D_4  S_4  

 **************************************************************************

 **************************************************************************

                    xk=(   0.05714,   0.03299,   0.00000  )

     Band symmetry, C_2v (mm2)  point group:

     e(  1 -  1) =     -8.27691  eV     1   --> A_1  D_1  S_1  
     e(  2 -  2) =     -5.03482  eV     1   --> A_1  D_1  S_1  
     e(  3 -  3) =     -4.71184  eV     1   --> A_1  D_1  S_1  
     e(  4 -  4) =     -4.61620  eV     1   --> B_1  D_3  S_3  
     e(  5 -  5) =     -3.81724  eV     1   --> B_2  D_4  S_4  
     e(  6 -  6) =     -3.66593  eV     1   --> A_2  D_2  S_2  
     e(  7 -  7) =     -1.66357  eV     1   --> B_2  D_4  S_4  
     e(  8 -  8) =      2.39097  eV     1   --> A_1  D_1  S_1  
     e(  9 -  9) =      3.29787  eV     1   --> B_2  D_4  S_4  

 **************************************************************************

 **************************************************************************

                    xk=(   0.04762,   0.02749,   0.00000  )

     Band symmetry, C_2v (mm2)  point group:

     e(  1 -  1) =     -8.31435  eV     1   --> A_1  D_1  S_1  
     e(  2 -  2) =     -5.04557  eV     1   --> A_1  D_1  S_1  
     e(  3 -  3) =     -4.69981  eV     1   --> A_1  D_1  S_1  
     e(  4 -  4) =     -4.63305  eV     1   --> B_1  D_3  S_3  
     e(  5 -  5) =     -3.77157  eV     1   --> B_2  D_4  S_4  
     e(  6 -  6) =     -3.66254  eV     1   --> A_2  D_2  S_2  
     e(  7 -  7) =     -1.73216  eV     1   --> B_2  D_4  S_4  
     e(  8 -  8) =      2.35850  eV     1   --> A_1  D_1  S_1  
     e(  9 -  9) =      3.26237  eV     1   --> B_2  D_4  S_4  

 **************************************************************************

 **************************************************************************

                    xk=(   0.03810,   0.02199,   0.00000  )

     Band symmetry, C_2v (mm2)  point group:

     e(  1 -  1) =     -8.34509  eV     1   --> A_1  D_1  S_1  
     e(  2 -  2) =     -5.05440  eV     1   --> A_1  D_1  S_1  
     e(  3 -  3) =     -4.68980  eV     1   --> A_1  D_1  S_1  
     e(  4 -  4) =     -4.64689  eV     1   --> B_1  D_3  S_3  
     e(  5 -  5) =     -3.73183  eV     1   --> B_2  D_4  S_4  
     e(  6 -  6) =     -3.65975  eV     1   --> A_2  D_2  S_2  
     e(  7 -  7) =     -1.79059  eV     1   --> B_2  D_4  S_4  
     e(  8 -  8) =      2.33194  eV     1   --> A_1  D_1  S_1  
     e(  9 -  9) =      3.23329  eV     1   --> B_2  D_4  S_4  

 **************************************************************************

 **************************************************************************

                    xk=(   0.02857,   0.01650,   0.00000  )

     Band symmetry, C_2v (mm2)  point group:

     e(  1 -  1) =     -8.36908  eV     1   --> A_1  D_1  S_1  
     e(  2 -  2) =     -5.06129  eV     1   --> A_1  D_1  S_1  
     e(  3 -  3) =     -4.68191  eV     1   --> A_1  D_1  S_1  
     e(  4 -  4) =     -4.65769  eV     1   --> B_1  D_3  S_3  
     e(  5 -  5) =     -3.69922  eV     1   --> B_2  D_4  S_4  
     e(  6 -  6) =     -3.65757  eV     1   --> A_2  D_2  S_2  
     e(  7 -  7) =     -1.83770  eV     1   --> B_2  D_4  S_4  
     e(  8 -  8) =      2.31129  eV     1   --> A_1  D_1  S_1  
     e(  9 -  9) =      3.21067  eV     1   --> B_2  D_4  S_4  

 **************************************************************************

 **************************************************************************

                    xk=(   0.01905,   0.01100,   0.00000  )

     Band symmetry, C_2v (mm2)  point group:

     e(  1 -  1) =     -8.38625  eV     1   --> A_1  D_1  S_1  
     e(  2 -  2) =     -5.06622  eV     1   --> A_1  D_1  S_1  
     e(  3 -  3) =     -4.67623  eV     1   --> A_1  D_1  S_1  
     e(  4 -  4) =     -4.66544  eV     1   --> B_1  D_3  S_3  
     e(  5 -  5) =     -3.67490  eV     1   --> B_2  D_4  S_4  
     e(  6 -  6) =     -3.65601  eV     1   --> A_2  D_2  S_2  
     e(  7 -  7) =     -1.87236  eV     1   --> B_2  D_4  S_4  
     e(  8 -  8) =      2.29653  eV     1   --> A_1  D_1  S_1  
     e(  9 -  9) =      3.19450  eV     1   --> B_2  D_4  S_4  

 **************************************************************************

 **************************************************************************

                    xk=(   0.00952,   0.00550,   0.00000  )

     Band symmetry, C_2v (mm2)  point group:

     e(  1 -  1) =     -8.39656  eV     1   --> A_1  D_1  S_1  
     e(  2 -  2) =     -5.06918  eV     1   --> A_1  D_1  S_1  
     e(  3 -  3) =     -4.67279  eV     1   --> A_1  D_1  S_1  
     e(  4 -  4) =     -4.67009  eV     1   --> B_1  D_3  S_3  
     e(  5 -  5) =     -3.65985  eV     1   --> B_2  D_4  S_4  
     e(  6 -  6) =     -3.65507  eV     1   --> A_2  D_2  S_2  
     e(  7 -  7) =     -1.89359  eV     1   --> B_2  D_4  S_4  
     e(  8 -  8) =      2.28768  eV     1   --> A_1  D_1  S_1  
     e(  9 -  9) =      3.18480  eV     1   --> B_2  D_4  S_4  

 **************************************************************************

 **************************************************************************

                    xk=(   0.00000,   0.00000,   0.00000  )

     point group D_6h(6/mmm)
     there are 12 classes
     the character table:

       E     2C6   2C3   C2    3C2'  3C2'' i     2S3   2S6   s_h   3s_d  3s_v 
A_1g   1.00  1.00  1.00  1.00  1.00  1.00  1.00  1.00  1.00  1.00  1.00  1.00
A_2g   1.00  1.00  1.00  1.00 -1.00 -1.00  1.00  1.00  1.00  1.00 -1.00 -1.00
B_1g   1.00 -1.00  1.00 -1.00  1.00 -1.00  1.00 -1.00  1.00 -1.00  1.00 -1.00
B_2g   1.00 -1.00  1.00 -1.00 -1.00  1.00  1.00 -1.00  1.00 -1.00 -1.00  1.00
E_1g   2.00  1.00 -1.00 -2.00  0.00  0.00  2.00  1.00 -1.00 -2.00  0.00  0.00
E_2g   2.00 -1.00 -1.00  2.00  0.00  0.00  2.00 -1.00 -1.00  2.00  0.00  0.00
A_1u   1.00  1.00  1.00  1.00  1.00  1.00 -1.00 -1.00 -1.00 -1.00 -1.00 -1.00
A_2u   1.00  1.00  1.00  1.00 -1.00 -1.00 -1.00 -1.00 -1.00 -1.00  1.00  1.00
B_1u   1.00 -1.00  1.00 -1.00  1.00 -1.00 -1.00  1.00 -1.00  1.00 -1.00  1.00
B_2u   1.00 -1.00  1.00 -1.00 -1.00  1.00 -1.00  1.00 -1.00  1.00  1.00 -1.00
E_1u   2.00  1.00 -1.00 -2.00  0.00  0.00 -2.00 -1.00  1.00  2.00  0.00  0.00
E_2u   2.00 -1.00 -1.00  2.00  0.00  0.00 -2.00  1.00  1.00 -2.00  0.00  0.00

     the symmetry operations in each class and the name of the first element:

     E        1
                                                                 
     2C6      5    6
                                                                 
     2C3      7    8
                                                                 
     C2       2
                                                                 
     3C2'     4   12   11
                                                                 
     3C2''    3    9   10
                                                                 
     i       13
                                                                 
     2S3     17   18
                                                                 
     2S6     19   20
                                                                 
     s_h     14
                                                                 
     3s_d    16   24   23
                                                                 
     3s_v    15   21   22
                                                                 

     Band symmetry, D_6h(6/mmm) point group:

     e(  1 -  1) =     -8.40000  eV     1   --> A_1g           
     e(  2 -  2) =     -5.07017  eV     1   --> A_1g           
     e(  3 -  4) =     -4.67164  eV     2   --> E_2g           
     e(  5 -  6) =     -3.65476  eV     2   --> E_1g           
     e(  7 -  7) =     -1.90075  eV     1   --> A_2u           
     e(  8 -  8) =      2.28473  eV     1   --> A_1g           
     e(  9 -  9) =      3.18156  eV     1   --> A_2u           

 **************************************************************************
 
     BANDS        :      9.14s CPU     11.03s WALL

 
   This run was terminated on:  12:44: 4  24Jul2025            

=------------------------------------------------------------------------------=
   JOB DONE.
=------------------------------------------------------------------------------=
