
     Program BANDS v.7.2 starts on 10Jul2025 at 17: 9:12 

     This program is part of the open-source Quantum ESPRESSO suite
     for quantum simulation of materials; please cite
         "P. Giannozzi et al., J. Phys.:Condens. Matter 21 395502 (2009);
         "P. Giannozzi et al., J. Phys.:Condens. Matter 29 465901 (2017);
         "P. Giannozzi et al., J. Chem. Phys. 152 154105 (2020);
          URL http://www.quantum-espresso.org", 
     in publications or presentations arising from this work. More details at
     http://www.quantum-espresso.org/quote

     Parallel version (MPI), running on    16 processors

     MPI processes distributed on     1 nodes
     R & G space division:  proc/nbgrp/npool/nimage =      16
     24383 MiB available memory on the printing compute node when the environment starts
 

     Reading xml data from directory:

     ./tmp/pwscf.save/
     Message from routine  set_nelup_neldw :
     BEWARE: non-integer number of up and down electrons!
     file Co.pbe-n-kjpaw_psl.1.0.0.UPF: wavefunction(s)  4S 3D renormalized

     IMPORTANT: XC functional enforced from input :
     Exchange-correlation= PBE
                           (   1   4   3   4   0   0   0)
     Any further DFT definition will be discarded
     Please, verify this is what you really want

 
     Parallelization info
     --------------------
     sticks:   dense  smooth     PW     G-vecs:    dense   smooth      PW
     Min          21      21      6                 2055     2055     341
     Max          23      23      8                 2067     2067     350
     Sum         349     349    109                32989    32989    5553
 
     Using Slab Decomposition
 

     Check: negative core charge=   -0.000002

     negative rho (up, down):  1.211E-04 5.100E-05
     Reading collected, re-writing distributed wavefunctions
     high-symmetry point:  0.0000 0.0000 0.0000   x coordinate   0.0000
     high-symmetry point:  0.5000-0.2887 0.0000   x coordinate   0.5774
     high-symmetry point:  0.3333 0.1925 0.0000   x coordinate   1.0865
     high-symmetry point:  0.0000 0.0000 0.0000   x coordinate   1.4714

     Plottable bands (eV) written to file bands_up.dat.gnu
     Bands written to file bands_up.dat

 **************************************************************************

                    xk=(   0.00000,   0.00000,   0.00000  )

     point group D_6h(6/mmm)
     there are 12 classes
     the character table:

       E     2C6   2C3   C2    3C2'  3C2'' i     2S3   2S6   s_h   3s_d  3s_v 
A_1g   1.00  1.00  1.00  1.00  1.00  1.00  1.00  1.00  1.00  1.00  1.00  1.00
A_2g   1.00  1.00  1.00  1.00 -1.00 -1.00  1.00  1.00  1.00  1.00 -1.00 -1.00
B_1g   1.00 -1.00  1.00 -1.00  1.00 -1.00  1.00 -1.00  1.00 -1.00  1.00 -1.00
B_2g   1.00 -1.00  1.00 -1.00 -1.00  1.00  1.00 -1.00  1.00 -1.00 -1.00  1.00
E_1g   2.00  1.00 -1.00 -2.00  0.00  0.00  2.00  1.00 -1.00 -2.00  0.00  0.00
E_2g   2.00 -1.00 -1.00  2.00  0.00  0.00  2.00 -1.00 -1.00  2.00  0.00  0.00
A_1u   1.00  1.00  1.00  1.00  1.00  1.00 -1.00 -1.00 -1.00 -1.00 -1.00 -1.00
A_2u   1.00  1.00  1.00  1.00 -1.00 -1.00 -1.00 -1.00 -1.00 -1.00  1.00  1.00
B_1u   1.00 -1.00  1.00 -1.00  1.00 -1.00 -1.00  1.00 -1.00  1.00 -1.00  1.00
B_2u   1.00 -1.00  1.00 -1.00 -1.00  1.00 -1.00  1.00 -1.00  1.00  1.00 -1.00
E_1u   2.00  1.00 -1.00 -2.00  0.00  0.00 -2.00 -1.00  1.00  2.00  0.00  0.00
E_2u   2.00 -1.00 -1.00  2.00  0.00  0.00 -2.00  1.00  1.00 -2.00  0.00  0.00

     the symmetry operations in each class and the name of the first element:

     E        1
                                                                 
     2C6      5    6
                                                                 
     2C3      7    8
                                                                 
     C2       2
                                                                 
     3C2'     4   12   11
                                                                 
     3C2''    3    9   10
                                                                 
     i       13
                                                                 
     2S3     17   18
                                                                 
     2S6     19   20
                                                                 
     s_h     14
                                                                 
     3s_d    16   24   23
                                                                 
     3s_v    15   21   22
                                                                 

     Band symmetry, D_6h(6/mmm) point group:

     e(  1 -  1) =     -8.80615  eV     1   --> A_1g           
     e(  2 -  2) =     -5.09286  eV     1   --> A_1g           
     e(  3 -  4) =     -4.62125  eV     2   --> E_2g           
     e(  5 -  6) =     -3.18575  eV     2   --> E_1g           
     e(  7 -  7) =     -1.98737  eV     1   --> A_2u           
     e(  8 -  8) =      2.38103  eV     1   --> A_1g           
     e(  9 -  9) =      3.25898  eV     1   --> A_2u           

 **************************************************************************

 **************************************************************************

                    xk=(   0.01351,  -0.00780,   0.00000  )

     point group C_2v (mm2) 
     there are  4 classes
     the character table:

       E     C2    s_v   s_v' 
A_1    1.00  1.00  1.00  1.00
A_2    1.00  1.00 -1.00 -1.00
B_1    1.00 -1.00  1.00 -1.00
B_2    1.00 -1.00 -1.00  1.00

     the symmetry operations in each class and the name of the first element:

     E        1
                                                                 
     C2       2
                                                                 
     s_v      4
                                                                 
     s_v'     3
                                                                 

     Band symmetry, C_2v (mm2)  point group:

     e(  1 -  1) =     -8.79820  eV     1   --> A_1  D_1  S_1  
     e(  2 -  2) =     -5.09023  eV     1   --> A_1  D_1  S_1  
     e(  3 -  3) =     -4.62432  eV     1   --> A_1  D_1  S_1  
     e(  4 -  4) =     -4.61726  eV     1   --> B_2  D_4  S_4  
     e(  5 -  5) =     -3.20498  eV     1   --> B_1  D_3  S_3  
     e(  6 -  6) =     -3.18658  eV     1   --> A_2  D_2  S_2  
     e(  7 -  7) =     -1.96420  eV     1   --> B_1  D_3  S_3  
     e(  8 -  8) =      2.38774  eV     1   --> A_1  D_1  S_1  
     e(  9 -  9) =      3.26630  eV     1   --> B_1  D_3  S_3  

 **************************************************************************

 **************************************************************************

                    xk=(   0.02703,  -0.01560,   0.00000  )

     Band symmetry, C_2v (mm2)  point group:

     e(  1 -  1) =     -8.77439  eV     1   --> A_1  D_1  S_1  
     e(  2 -  2) =     -5.08235  eV     1   --> A_1  D_1  S_1  
     e(  3 -  3) =     -4.63347  eV     1   --> A_1  D_1  S_1  
     e(  4 -  4) =     -4.60531  eV     1   --> B_2  D_4  S_4  
     e(  5 -  5) =     -3.25878  eV     1   --> B_1  D_3  S_3  
     e(  6 -  6) =     -3.18907  eV     1   --> A_2  D_2  S_2  
     e(  7 -  7) =     -1.89855  eV     1   --> B_1  D_3  S_3  
     e(  8 -  8) =      2.40785  eV     1   --> A_1  D_1  S_1  
     e(  9 -  9) =      3.28825  eV     1   --> B_1  D_3  S_3  

 **************************************************************************

 **************************************************************************

                    xk=(   0.04054,  -0.02341,   0.00000  )

     Band symmetry, C_2v (mm2)  point group:

     e(  1 -  1) =     -8.73485  eV     1   --> A_1  D_1  S_1  
     e(  2 -  2) =     -5.06926  eV     1   --> A_1  D_1  S_1  
     e(  3 -  3) =     -4.64851  eV     1   --> A_1  D_1  S_1  
     e(  4 -  4) =     -4.58545  eV     1   --> B_2  D_4  S_4  
     e(  5 -  5) =     -3.33842  eV     1   --> B_1  D_3  S_3  
     e(  6 -  6) =     -3.19321  eV     1   --> A_2  D_2  S_2  
     e(  7 -  7) =     -1.79906  eV     1   --> B_1  D_3  S_3  
     e(  8 -  8) =      2.44138  eV     1   --> A_1  D_1  S_1  
     e(  9 -  9) =      3.32481  eV     1   --> B_1  D_3  S_3  

 **************************************************************************

 **************************************************************************

                    xk=(   0.05405,  -0.03121,   0.00000  )

     Band symmetry, C_2v (mm2)  point group:

     e(  1 -  1) =     -8.67977  eV     1   --> A_1  D_1  S_1  
     e(  2 -  2) =     -5.05102  eV     1   --> A_1  D_1  S_1  
     e(  3 -  3) =     -4.66911  eV     1   --> A_1  D_1  S_1  
     e(  4 -  4) =     -4.55778  eV     1   --> B_2  D_4  S_4  
     e(  5 -  5) =     -3.43509  eV     1   --> B_1  D_3  S_3  
     e(  6 -  6) =     -3.19895  eV     1   --> A_2  D_2  S_2  
     e(  7 -  7) =     -1.67440  eV     1   --> B_1  D_3  S_3  
     e(  8 -  8) =      2.48832  eV     1   --> A_1  D_1  S_1  
     e(  9 -  9) =      3.37593  eV     1   --> B_1  D_3  S_3  

 **************************************************************************

 **************************************************************************

                    xk=(   0.06757,  -0.03901,   0.00000  )

     Band symmetry, C_2v (mm2)  point group:

     e(  1 -  1) =     -8.60947  eV     1   --> A_1  D_1  S_1  
     e(  2 -  2) =     -5.02773  eV     1   --> A_1  D_1  S_1  
     e(  3 -  3) =     -4.69484  eV     1   --> A_1  D_1  S_1  
     e(  4 -  4) =     -4.52243  eV     1   --> B_2  D_4  S_4  
     e(  5 -  5) =     -3.54216  eV     1   --> B_1  D_3  S_3  
     e(  6 -  6) =     -3.20625  eV     1   --> A_2  D_2  S_2  
     e(  7 -  7) =     -1.53102  eV     1   --> B_1  D_3  S_3  
     e(  8 -  8) =      2.54868  eV     1   --> A_1  D_1  S_1  
     e(  9 -  9) =      3.44156  eV     1   --> B_1  D_3  S_3  

 **************************************************************************

 **************************************************************************

                    xk=(   0.08108,  -0.04681,   0.00000  )

     Band symmetry, C_2v (mm2)  point group:

     e(  1 -  1) =     -8.52435  eV     1   --> A_1  D_1  S_1  
     e(  2 -  2) =     -4.99948  eV     1   --> A_1  D_1  S_1  
     e(  3 -  3) =     -4.72509  eV     1   --> A_1  D_1  S_1  
     e(  4 -  4) =     -4.47958  eV     1   --> B_2  D_4  S_4  
     e(  5 -  5) =     -3.65516  eV     1   --> B_1  D_3  S_3  
     e(  6 -  6) =     -3.21507  eV     1   --> A_2  D_2  S_2  
     e(  7 -  7) =     -1.37314  eV     1   --> B_1  D_3  S_3  
     e(  8 -  8) =      2.62245  eV     1   --> A_1  D_1  S_1  
     e(  9 -  9) =      3.52162  eV     1   --> B_1  D_3  S_3  

 **************************************************************************

 **************************************************************************

                    xk=(   0.09459,  -0.05461,   0.00000  )

     Band symmetry, C_2v (mm2)  point group:

     e(  1 -  1) =     -8.42498  eV     1   --> A_1  D_1  S_1  
     e(  2 -  2) =     -4.96642  eV     1   --> A_1  D_1  S_1  
     e(  3 -  3) =     -4.75910  eV     1   --> A_1  D_1  S_1  
     e(  4 -  4) =     -4.42943  eV     1   --> B_2  D_4  S_4  
     e(  5 -  5) =     -3.77122  eV     1   --> B_1  D_3  S_3  
     e(  6 -  6) =     -3.22532  eV     1   --> A_2  D_2  S_2  
     e(  7 -  7) =     -1.20338  eV     1   --> B_1  D_3  S_3  
     e(  8 -  8) =      2.70963  eV     1   --> A_1  D_1  S_1  
     e(  9 -  9) =      3.61604  eV     1   --> B_1  D_3  S_3  

 **************************************************************************

 **************************************************************************

                    xk=(   0.10811,  -0.06242,   0.00000  )

     Band symmetry, C_2v (mm2)  point group:

     e(  1 -  1) =     -8.31207  eV     1   --> A_1  D_1  S_1  
     e(  2 -  2) =     -4.92870  eV     1   --> A_1  D_1  S_1  
     e(  3 -  3) =     -4.79589  eV     1   --> A_1  D_1  S_1  
     e(  4 -  4) =     -4.37223  eV     1   --> B_2  D_4  S_4  
     e(  5 -  5) =     -3.88844  eV     1   --> B_1  D_3  S_3  
     e(  6 -  6) =     -3.23694  eV     1   --> A_2  D_2  S_2  
     e(  7 -  7) =     -1.02329  eV     1   --> B_1  D_3  S_3  
     e(  8 -  8) =      2.81024  eV     1   --> A_1  D_1  S_1  
     e(  9 -  9) =      3.72473  eV     1   --> B_1  D_3  S_3  

 **************************************************************************

 **************************************************************************

                    xk=(   0.12162,  -0.07022,   0.00000  )

     Band symmetry, C_2v (mm2)  point group:

     e(  1 -  1) =     -8.18658  eV     1   --> A_1  D_1  S_1  
     e(  2 -  2) =     -4.88662  eV     1   --> A_1  D_1  S_1  
     e(  3 -  3) =     -4.83417  eV     1   --> A_1  D_1  S_1  
     e(  4 -  4) =     -4.30828  eV     1   --> B_2  D_4  S_4  
     e(  5 -  5) =     -4.00556  eV     1   --> B_1  D_3  S_3  
     e(  6 -  6) =     -3.24983  eV     1   --> A_2  D_2  S_2  
     e(  7 -  7) =     -0.83381  eV     1   --> B_1  D_3  S_3  
     e(  8 -  8) =      2.92426  eV     1   --> A_1  D_1  S_1  
     e(  9 -  9) =      3.84759  eV     1   --> B_1  D_3  S_3  

 **************************************************************************

 **************************************************************************

                    xk=(   0.13514,  -0.07802,   0.00000  )

     Band symmetry, C_2v (mm2)  point group:

     e(  1 -  1) =     -8.04975  eV     1   --> A_1  D_1  S_1  
     e(  2 -  2) =     -4.87382  eV     1   --> A_1  D_1  S_1  
     e(  3 -  3) =     -4.83896  eV     1   --> A_1  D_1  S_1  
     e(  4 -  4) =     -4.23789  eV     1   --> B_2  D_4  S_4  
     e(  5 -  5) =     -4.12170  eV     1   --> B_1  D_3  S_3  
     e(  6 -  6) =     -3.26390  eV     1   --> A_2  D_2  S_2  
     e(  7 -  7) =     -0.63545  eV     1   --> B_1  D_3  S_3  
     e(  8 -  8) =      3.05171  eV     1   --> A_1  D_1  S_1  
     e(  9 -  9) =      3.98453  eV     1   --> B_1  D_3  S_3  

 **************************************************************************

 **************************************************************************

                    xk=(   0.14865,  -0.08582,   0.00000  )

     Band symmetry, C_2v (mm2)  point group:

     e(  1 -  1) =     -7.90322  eV     1   --> A_1  D_1  S_1  
     e(  2 -  2) =     -4.91052  eV     1   --> A_1  D_1  S_1  
     e(  3 -  3) =     -4.78840  eV     1   --> A_1  D_1  S_1  
     e(  4 -  4) =     -4.23622  eV     1   --> B_1  D_3  S_3  
     e(  5 -  5) =     -4.16144  eV     1   --> B_2  D_4  S_4  
     e(  6 -  6) =     -3.27904  eV     1   --> A_2  D_2  S_2  
     e(  7 -  7) =     -0.42848  eV     1   --> B_1  D_3  S_3  
     e(  8 -  8) =      3.19258  eV     1   --> A_1  D_1  S_1  
     e(  9 -  9) =      4.13544  eV     1   --> B_1  D_3  S_3  

 **************************************************************************

 **************************************************************************

                    xk=(   0.16216,  -0.09362,   0.00000  )

     Band symmetry, C_2v (mm2)  point group:

     e(  1 -  1) =     -7.74915  eV     1   --> A_1  D_1  S_1  
     e(  2 -  2) =     -4.94368  eV     1   --> A_1  D_1  S_1  
     e(  3 -  3) =     -4.73332  eV     1   --> A_1  D_1  S_1  
     e(  4 -  4) =     -4.34864  eV     1   --> B_1  D_3  S_3  
     e(  5 -  5) =     -4.07934  eV     1   --> B_2  D_4  S_4  
     e(  6 -  6) =     -3.29513  eV     1   --> A_2  D_2  S_2  
     e(  7 -  7) =     -0.21298  eV     1   --> B_1  D_3  S_3  
     e(  8 -  8) =      3.34687  eV     1   --> A_1  D_1  S_1  
     e(  9 -  9) =      4.30025  eV     1   --> B_1  D_3  S_3  

 **************************************************************************

 **************************************************************************

                    xk=(   0.17568,  -0.10143,   0.00000  )

     Band symmetry, C_2v (mm2)  point group:

     e(  1 -  1) =     -7.59041  eV     1   --> A_1  D_1  S_1  
     e(  2 -  2) =     -4.97016  eV     1   --> A_1  D_1  S_1  
     e(  3 -  3) =     -4.67402  eV     1   --> A_1  D_1  S_1  
     e(  4 -  4) =     -4.45857  eV     1   --> B_1  D_3  S_3  
     e(  5 -  5) =     -3.99203  eV     1   --> B_2  D_4  S_4  
     e(  6 -  6) =     -3.31206  eV     1   --> A_2  D_2  S_2  
     e(  7 -  7) =      0.01104  eV     1   --> B_1  D_3  S_3  
     e(  8 -  8) =      3.51458  eV     1   --> A_1  D_1  S_1  
     e(  9 -  9) =      4.47884  eV     1   --> B_1  D_3  S_3  

 **************************************************************************

 **************************************************************************

                    xk=(   0.18919,  -0.10923,   0.00000  )

     Band symmetry, C_2v (mm2)  point group:

     e(  1 -  1) =     -7.43078  eV     1   --> A_1  D_1  S_1  
     e(  2 -  2) =     -4.98631  eV     1   --> A_1  D_1  S_1  
     e(  3 -  3) =     -4.61042  eV     1   --> A_1  D_1  S_1  
     e(  4 -  4) =     -4.56570  eV     1   --> B_1  D_3  S_3  
     e(  5 -  5) =     -3.90002  eV     1   --> B_2  D_4  S_4  
     e(  6 -  6) =     -3.32970  eV     1   --> A_2  D_2  S_2  
     e(  7 -  7) =      0.24367  eV     1   --> B_1  D_3  S_3  
     e(  8 -  8) =      3.69571  eV     1   --> A_1  D_1  S_1  
     e(  9 -  9) =      4.67114  eV     1   --> B_1  D_3  S_3  

 **************************************************************************

 **************************************************************************

                    xk=(   0.20270,  -0.11703,   0.00000  )

     Band symmetry, C_2v (mm2)  point group:

     e(  1 -  1) =     -7.27510  eV     1   --> A_1  D_1  S_1  
     e(  2 -  2) =     -4.98775  eV     1   --> A_1  D_1  S_1  
     e(  3 -  3) =     -4.66976  eV     1   --> B_1  D_3  S_3  
     e(  4 -  4) =     -4.54215  eV     1   --> A_1  D_1  S_1  
     e(  5 -  5) =     -3.80382  eV     1   --> B_2  D_4  S_4  
     e(  6 -  6) =     -3.34791  eV     1   --> A_2  D_2  S_2  
     e(  7 -  7) =      0.48502  eV     1   --> B_1  D_3  S_3  
     e(  8 -  8) =      3.89024  eV     1   --> A_1  D_1  S_1  
     e(  9 -  9) =      4.87707  eV     1   --> B_1  D_3  S_3  

 **************************************************************************

 **************************************************************************

                    xk=(   0.21622,  -0.12483,   0.00000  )

     Band symmetry, C_2v (mm2)  point group:

     e(  1 -  1) =     -7.12928  eV     1   --> A_1  D_1  S_1  
     e(  2 -  2) =     -4.96951  eV     1   --> A_1  D_1  S_1  
     e(  3 -  3) =     -4.77053  eV     1   --> B_1  D_3  S_3  
     e(  4 -  4) =     -4.46845  eV     1   --> A_1  D_1  S_1  
     e(  5 -  5) =     -3.70402  eV     1   --> B_2  D_4  S_4  
     e(  6 -  6) =     -3.36657  eV     1   --> A_2  D_2  S_2  
     e(  7 -  7) =      0.73523  eV     1   --> B_1  D_3  S_3  
     e(  8 -  8) =      4.09816  eV     1   --> A_1  D_1  S_1  
     e(  9 -  9) =      5.09654  eV     1   --> B_1  D_3  S_3  

 **************************************************************************

 **************************************************************************

                    xk=(   0.22973,  -0.13263,   0.00000  )

     Band symmetry, C_2v (mm2)  point group:

     e(  1 -  1) =     -6.99982  eV     1   --> A_1  D_1  S_1  
     e(  2 -  2) =     -4.92678  eV     1   --> A_1  D_1  S_1  
     e(  3 -  3) =     -4.86780  eV     1   --> B_1  D_3  S_3  
     e(  4 -  4) =     -4.38781  eV     1   --> A_1  D_1  S_1  
     e(  5 -  5) =     -3.60122  eV     1   --> B_2  D_4  S_4  
     e(  6 -  6) =     -3.38554  eV     1   --> A_2  D_2  S_2  
     e(  7 -  7) =      0.99443  eV     1   --> B_1  D_3  S_3  
     e(  8 -  8) =      4.31944  eV     1   --> A_1  D_1  S_1  
     e(  9 -  9) =      5.32948  eV     1   --> B_1  D_3  S_3  

 **************************************************************************

 **************************************************************************

                    xk=(   0.24324,  -0.14044,   0.00000  )

     Band symmetry, C_2v (mm2)  point group:

     e(  1 -  1) =     -6.89272  eV     1   --> A_1  D_1  S_1  
     e(  2 -  2) =     -4.96138  eV     1   --> B_1  D_3  S_3  
     e(  3 -  3) =     -4.85667  eV     1   --> A_1  D_1  S_1  
     e(  4 -  4) =     -4.29744  eV     1   --> A_1  D_1  S_1  
     e(  5 -  5) =     -3.49609  eV     1   --> B_2  D_4  S_4  
     e(  6 -  6) =     -3.40468  eV     1   --> A_2  D_2  S_2  
     e(  7 -  7) =      1.26277  eV     1   --> B_1  D_3  S_3  
     e(  8 -  8) =      4.55405  eV     1   --> A_1  D_1  S_1  
     e(  9 -  9) =      5.57582  eV     1   --> B_1  D_3  S_3  

 **************************************************************************

 **************************************************************************

                    xk=(   0.25676,  -0.14824,   0.00000  )

     Band symmetry, C_2v (mm2)  point group:

     e(  1 -  1) =     -6.81189  eV     1   --> A_1  D_1  S_1  
     e(  2 -  2) =     -5.05110  eV     1   --> B_1  D_3  S_3  
     e(  3 -  3) =     -4.76052  eV     1   --> A_1  D_1  S_1  
     e(  4 -  4) =     -4.19241  eV     1   --> A_1  D_1  S_1  
     e(  5 -  5) =     -3.42385  eV     1   --> A_2  D_2  S_2  
     e(  6 -  6) =     -3.38930  eV     1   --> B_2  D_4  S_4  
     e(  7 -  7) =      1.54037  eV     1   --> B_1  D_3  S_3  
     e(  8 -  8) =      4.80193  eV     1   --> A_1  D_1  S_1  
     e(  9 -  9) =      5.83550  eV     1   --> B_1  D_3  S_3  

 **************************************************************************

 **************************************************************************

                    xk=(   0.27027,  -0.15604,   0.00000  )

     Band symmetry, C_2v (mm2)  point group:

     e(  1 -  1) =     -6.75808  eV     1   --> A_1  D_1  S_1  
     e(  2 -  2) =     -5.13680  eV     1   --> B_1  D_3  S_3  
     e(  3 -  3) =     -4.64589  eV     1   --> A_1  D_1  S_1  
     e(  4 -  4) =     -4.06490  eV     1   --> A_1  D_1  S_1  
     e(  5 -  5) =     -3.44291  eV     1   --> A_2  D_2  S_2  
     e(  6 -  6) =     -3.28159  eV     1   --> B_2  D_4  S_4  
     e(  7 -  7) =      1.82735  eV     1   --> B_1  D_3  S_3  
     e(  8 -  8) =      5.06297  eV     1   --> A_1  D_1  S_1  
     e(  9 -  9) =      6.10846  eV     1   --> B_1  D_3  S_3  

 **************************************************************************

 **************************************************************************

                    xk=(   0.28378,  -0.16384,   0.00000  )

     Band symmetry, C_2v (mm2)  point group:

     e(  1 -  1) =     -6.72891  eV     1   --> A_1  D_1  S_1  
     e(  2 -  2) =     -5.21835  eV     1   --> B_1  D_3  S_3  
     e(  3 -  3) =     -4.52555  eV     1   --> A_1  D_1  S_1  
     e(  4 -  4) =     -3.90501  eV     1   --> A_1  D_1  S_1  
     e(  5 -  5) =     -3.46173  eV     1   --> A_2  D_2  S_2  
     e(  6 -  6) =     -3.17372  eV     1   --> B_2  D_4  S_4  
     e(  7 -  7) =      2.12378  eV     1   --> B_1  D_3  S_3  
     e(  8 -  8) =      5.33704  eV     1   --> A_1  D_1  S_1  
     e(  9 -  9) =      6.39462  eV     1   --> B_1  D_3  S_3  

 **************************************************************************

 **************************************************************************

                    xk=(   0.29730,  -0.17164,   0.00000  )

     Band symmetry, C_2v (mm2)  point group:

     e(  1 -  1) =     -6.72014  eV     1   --> A_1  D_1  S_1  
     e(  2 -  2) =     -5.29560  eV     1   --> B_1  D_3  S_3  
     e(  3 -  3) =     -4.41203  eV     1   --> A_1  D_1  S_1  
     e(  4 -  4) =     -3.70517  eV     1   --> A_1  D_1  S_1  
     e(  5 -  5) =     -3.48017  eV     1   --> A_2  D_2  S_2  
     e(  6 -  6) =     -3.06648  eV     1   --> B_2  D_4  S_4  
     e(  7 -  7) =      2.42971  eV     1   --> B_1  D_3  S_3  
     e(  8 -  8) =      5.62389  eV     1   --> A_1  D_1  S_1  
     e(  9 -  9) =      6.69393  eV     1   --> B_1  D_3  S_3  

 **************************************************************************

 **************************************************************************

                    xk=(   0.31081,  -0.17945,   0.00000  )

     Band symmetry, C_2v (mm2)  point group:

     e(  1 -  1) =     -6.72699  eV     1   --> A_1  D_1  S_1  
     e(  2 -  2) =     -5.36844  eV     1   --> B_1  D_3  S_3  
     e(  3 -  3) =     -4.31157  eV     1   --> A_1  D_1  S_1  
     e(  4 -  4) =     -3.49811  eV     1   --> A_2  D_2  S_2  
     e(  5 -  5) =     -3.46470  eV     1   --> A_1  D_1  S_1  
     e(  6 -  6) =     -2.96068  eV     1   --> B_2  D_4  S_4  
     e(  7 -  7) =      2.74515  eV     1   --> B_1  D_3  S_3  
     e(  8 -  8) =      5.92316  eV     1   --> A_1  D_1  S_1  
     e(  9 -  9) =      7.00629  eV     1   --> B_1  D_3  S_3  

 **************************************************************************

 **************************************************************************

                    xk=(   0.32432,  -0.18725,   0.00000  )

     Band symmetry, C_2v (mm2)  point group:

     e(  1 -  1) =     -6.74506  eV     1   --> A_1  D_1  S_1  
     e(  2 -  2) =     -5.43674  eV     1   --> B_1  D_3  S_3  
     e(  3 -  3) =     -4.22424  eV     1   --> A_1  D_1  S_1  
     e(  4 -  4) =     -3.51541  eV     1   --> A_2  D_2  S_2  
     e(  5 -  5) =     -3.18894  eV     1   --> A_1  D_1  S_1  
     e(  6 -  6) =     -2.85716  eV     1   --> B_2  D_4  S_4  
     e(  7 -  7) =      3.07003  eV     1   --> B_1  D_3  S_3  
     e(  8 -  8) =      6.23416  eV     1   --> A_1  D_1  S_1  
     e(  9 -  9) =      7.33161  eV     1   -->   ?

 **************************************************************************

 **************************************************************************

                    xk=(   0.33784,  -0.19505,   0.00000  )

     Band symmetry, C_2v (mm2)  point group:

     e(  1 -  1) =     -6.77068  eV     1   --> A_1  D_1  S_1  
     e(  2 -  2) =     -5.50040  eV     1   --> B_1  D_3  S_3  
     e(  3 -  3) =     -4.14775  eV     1   --> A_1  D_1  S_1  
     e(  4 -  4) =     -3.53196  eV     1   --> A_2  D_2  S_2  
     e(  5 -  5) =     -2.88505  eV     1   --> A_1  D_1  S_1  
     e(  6 -  6) =     -2.75677  eV     1   --> B_2  D_4  S_4  
     e(  7 -  7) =      3.40423  eV     1   --> B_1  D_3  S_3  
     e(  8 -  8) =      6.55568  eV     1   --> A_1  D_1  S_1  
     e(  9 -  9) =      7.65759  eV     1   -->   ?

 **************************************************************************

 **************************************************************************

                    xk=(   0.35135,  -0.20285,   0.00000  )

     Band symmetry, C_2v (mm2)  point group:

     e(  1 -  1) =     -6.80093  eV     1   --> A_1  D_1  S_1  
     e(  2 -  2) =     -5.55932  eV     1   --> B_1  D_3  S_3  
     e(  3 -  3) =     -4.07993  eV     1   --> A_1  D_1  S_1  
     e(  4 -  4) =     -3.54764  eV     1   --> A_2  D_2  S_2  
     e(  5 -  5) =     -2.66036  eV     1   --> B_2  D_4  S_4  
     e(  6 -  6) =     -2.55965  eV     1   --> A_1  D_1  S_1  
     e(  7 -  7) =      3.74751  eV     1   --> B_1  D_3  S_3  
     e(  8 -  8) =      6.88524  eV     1   --> A_1  D_1  S_1  
     e(  9 -  9) =      7.97235  eV     1   --> A_1  D_1  S_1  

 **************************************************************************

 **************************************************************************

                    xk=(   0.36486,  -0.21065,   0.00000  )

     Band symmetry, C_2v (mm2)  point group:

     e(  1 -  1) =     -6.83353  eV     1   --> A_1  D_1  S_1  
     e(  2 -  2) =     -5.61341  eV     1   --> B_1  D_3  S_3  
     e(  3 -  3) =     -4.01930  eV     1   --> A_1  D_1  S_1  
     e(  4 -  4) =     -3.56233  eV     1   --> A_2  D_2  S_2  
     e(  5 -  5) =     -2.56879  eV     1   --> B_2  D_4  S_4  
     e(  6 -  6) =     -2.21837  eV     1   --> A_1  D_1  S_1  
     e(  7 -  7) =      4.09948  eV     1   --> B_1  D_3  S_3  
     e(  8 -  8) =      7.21702  eV     1   --> A_1  D_1  S_1  
     e(  9 -  9) =      8.27797  eV     1   --> A_1  D_1  S_1  

 **************************************************************************

 **************************************************************************

                    xk=(   0.37838,  -0.21846,   0.00000  )

     Band symmetry, C_2v (mm2)  point group:

     e(  1 -  1) =     -6.86673  eV     1   --> A_1  D_1  S_1  
     e(  2 -  2) =     -5.66259  eV     1   --> B_1  D_3  S_3  
     e(  3 -  3) =     -3.96501  eV     1   --> A_1  D_1  S_1  
     e(  4 -  4) =     -3.57595  eV     1   --> A_2  D_2  S_2  
     e(  5 -  5) =     -2.48289  eV     1   --> B_2  D_4  S_4  
     e(  6 -  6) =     -1.86628  eV     1   --> A_1  D_1  S_1  
     e(  7 -  7) =      4.45954  eV     1   --> B_1  D_3  S_3  
     e(  8 -  8) =      7.53452  eV     1   --> A_1  D_1  S_1  
     e(  9 -  9) =      8.53825  eV     1   --> A_1  D_1  S_1  

 **************************************************************************

 **************************************************************************

                    xk=(   0.39189,  -0.22626,   0.00000  )

     Band symmetry, C_2v (mm2)  point group:

     e(  1 -  1) =     -6.89917  eV     1   --> A_1  D_1  S_1  
     e(  2 -  2) =     -5.70679  eV     1   --> B_1  D_3  S_3  
     e(  3 -  3) =     -3.91658  eV     1   --> A_1  D_1  S_1  
     e(  4 -  4) =     -3.58840  eV     1   --> A_2  D_2  S_2  
     e(  5 -  5) =     -2.40348  eV     1   --> B_2  D_4  S_4  
     e(  6 -  6) =     -1.50839  eV     1   --> A_1  D_1  S_1  
     e(  7 -  7) =      4.82677  eV     1   --> B_1  D_3  S_3  
     e(  8 -  8) =      7.77976  eV     1   --> A_1  D_1  S_1  
     e(  9 -  9) =      8.67784  eV     1   --> A_1  D_1  S_1  

 **************************************************************************

 **************************************************************************

                    xk=(   0.40541,  -0.23406,   0.00000  )

     Band symmetry, C_2v (mm2)  point group:

     e(  1 -  1) =     -6.92977  eV     1   --> A_1  D_1  S_1  
     e(  2 -  2) =     -5.74594  eV     1   --> B_1  D_3  S_3  
     e(  3 -  3) =     -3.87380  eV     1   --> A_1  D_1  S_1  
     e(  4 -  4) =     -3.59959  eV     1   --> A_2  D_2  S_2  
     e(  5 -  5) =     -2.33133  eV     1   --> B_2  D_4  S_4  
     e(  6 -  6) =     -1.15021  eV     1   --> A_1  D_1  S_1  
     e(  7 -  7) =      5.19973  eV     1   --> B_1  D_3  S_3  
     e(  8 -  8) =      7.79264  eV     1   --> A_1  D_1  S_1  
     e(  9 -  9) =      8.78809  eV     1   --> A_1  D_1  S_1  

 **************************************************************************

 **************************************************************************

                    xk=(   0.41892,  -0.24186,   0.00000  )

     Band symmetry, C_2v (mm2)  point group:

     e(  1 -  1) =     -6.95770  eV     1   --> A_1  D_1  S_1  
     e(  2 -  2) =     -5.77999  eV     1   --> B_1  D_3  S_3  
     e(  3 -  3) =     -3.83659  eV     1   --> A_1  D_1  S_1  
     e(  4 -  4) =     -3.60945  eV     1   --> A_2  D_2  S_2  
     e(  5 -  5) =     -2.26717  eV     1   --> B_2  D_4  S_4  
     e(  6 -  6) =     -0.79835  eV     1   --> A_1  D_1  S_1  
     e(  7 -  7) =      5.57610  eV     1   --> B_1  D_3  S_3  
     e(  8 -  8) =      7.53404  eV     1   --> A_1  D_1  S_1  
     e(  9 -  9) =      9.06068  eV     1   --> A_1  D_1  S_1  

 **************************************************************************

 **************************************************************************

                    xk=(   0.43243,  -0.24966,   0.00000  )

     Band symmetry, C_2v (mm2)  point group:

     e(  1 -  1) =     -6.98230  eV     1   --> A_1  D_1  S_1  
     e(  2 -  2) =     -5.80888  eV     1   --> B_1  D_3  S_3  
     e(  3 -  3) =     -3.80495  eV     1   --> A_1  D_1  S_1  
     e(  4 -  4) =     -3.61790  eV     1   --> A_2  D_2  S_2  
     e(  5 -  5) =     -2.21166  eV     1   --> B_2  D_4  S_4  
     e(  6 -  6) =     -0.46119  eV     1   --> A_1  D_1  S_1  
     e(  7 -  7) =      5.95205  eV     1   --> B_1  D_3  S_3  
     e(  8 -  8) =      7.17691  eV     1   --> A_1  D_1  S_1  
     e(  9 -  9) =      9.42918  eV     1   --> A_1  D_1  S_1  

 **************************************************************************

 **************************************************************************

                    xk=(   0.44595,  -0.25747,   0.00000  )

     Band symmetry, C_2v (mm2)  point group:

     e(  1 -  1) =     -7.00305  eV     1   --> A_1  D_1  S_1  
     e(  2 -  2) =     -5.83257  eV     1   --> B_1  D_3  S_3  
     e(  3 -  3) =     -3.77895  eV     1   --> A_1  D_1  S_1  
     e(  4 -  4) =     -3.62490  eV     1   --> A_2  D_2  S_2  
     e(  5 -  5) =     -2.16539  eV     1   --> B_2  D_4  S_4  
     e(  6 -  6) =     -0.14968  eV     1   --> A_1  D_1  S_1  
     e(  7 -  7) =      6.32093  eV     1   --> B_1  D_3  S_3  
     e(  8 -  8) =      6.81742  eV     1   --> A_1  D_1  S_1  
     e(  9 -  9) =      9.83891  eV     1   --> A_1  D_1  S_1  

 **************************************************************************

 **************************************************************************

                    xk=(   0.45946,  -0.26527,   0.00000  )

     Band symmetry, C_2v (mm2)  point group:

     e(  1 -  1) =     -7.01957  eV     1   --> A_1  D_1  S_1  
     e(  2 -  2) =     -5.85104  eV     1   --> B_1  D_3  S_3  
     e(  3 -  3) =     -3.75863  eV     1   --> A_1  D_1  S_1  
     e(  4 -  4) =     -3.63039  eV     1   --> A_2  D_2  S_2  
     e(  5 -  5) =     -2.12886  eV     1   --> B_2  D_4  S_4  
     e(  6 -  6) =      0.12203  eV     1   --> A_1  D_1  S_1  
     e(  7 -  7) =      6.49732  eV     1   --> A_1  D_1  S_1  
     e(  8 -  8) =      6.67065  eV     1   --> B_1  D_3  S_3  
     e(  9 -  9) =     10.27142  eV     1   --> A_1  D_1  S_1  

 **************************************************************************

 **************************************************************************

                    xk=(   0.47297,  -0.27307,   0.00000  )

     Band symmetry, C_2v (mm2)  point group:

     e(  1 -  1) =     -7.03157  eV     1   --> A_1  D_1  S_1  
     e(  2 -  2) =     -5.86425  eV     1   --> B_1  D_3  S_3  
     e(  3 -  3) =     -3.74407  eV     1   --> A_1  D_1  S_1  
     e(  4 -  4) =     -3.63434  eV     1   --> A_2  D_2  S_2  
     e(  5 -  5) =     -2.10247  eV     1   --> B_2  D_4  S_4  
     e(  6 -  6) =      0.33667  eV     1   --> A_1  D_1  S_1  
     e(  7 -  7) =      6.24413  eV     1   --> A_1  D_1  S_1  
     e(  8 -  8) =      6.97845  eV     1   --> B_1  D_3  S_3  
     e(  9 -  9) =     10.03622  eV     1   --> B_1  D_3  S_3  

 **************************************************************************

 **************************************************************************

                    xk=(   0.48649,  -0.28087,   0.00000  )

     Band symmetry, C_2v (mm2)  point group:

     e(  1 -  1) =     -7.03885  eV     1   --> A_1  D_1  S_1  
     e(  2 -  2) =     -5.87218  eV     1   --> B_1  D_3  S_3  
     e(  3 -  3) =     -3.73531  eV     1   --> A_1  D_1  S_1  
     e(  4 -  4) =     -3.63672  eV     1   --> A_2  D_2  S_2  
     e(  5 -  5) =     -2.08652  eV     1   --> B_2  D_4  S_4  
     e(  6 -  6) =      0.47574  eV     1   --> A_1  D_1  S_1  
     e(  7 -  7) =      6.08069  eV     1   --> A_1  D_1  S_1  
     e(  8 -  8) =      7.20336  eV     1   --> B_1  D_3  S_3  
     e(  9 -  9) =      9.80104  eV     1   --> B_1  D_3  S_3  

 **************************************************************************

 **************************************************************************

                    xk=(   0.50000,  -0.28868,   0.00000  )

     point group D_2h (mmm) 
     there are  8 classes
     the character table:

       E     C2    C2'   C2''  i     s_v   s_v'  s_v''
A_g    1.00  1.00  1.00  1.00  1.00  1.00  1.00  1.00
B_1g   1.00  1.00 -1.00 -1.00  1.00  1.00 -1.00 -1.00
B_2g   1.00 -1.00  1.00 -1.00  1.00 -1.00  1.00 -1.00
B_3g   1.00 -1.00 -1.00  1.00  1.00 -1.00 -1.00  1.00
A_u    1.00  1.00  1.00  1.00 -1.00 -1.00 -1.00 -1.00
B_1u   1.00  1.00 -1.00 -1.00 -1.00 -1.00  1.00  1.00
B_2u   1.00 -1.00  1.00 -1.00 -1.00  1.00 -1.00  1.00
B_3u   1.00 -1.00 -1.00  1.00 -1.00  1.00  1.00 -1.00

     the symmetry operations in each class and the name of the first element:

     E        1
                                                                 
     C2       2
                                                                 
     C2'      3
                                                                 
     C2''     4
                                                                 
     i        5
                                                                 
     s_v      6
                                                                 
     s_v'     7
                                                                 
     s_v''    8
                                                                 

     Band symmetry, D_2h (mmm)  point group:

     e(  1 -  1) =     -7.04129  eV     1   --> A_g            
     e(  2 -  2) =     -5.87483  eV     1   --> B_3g           
     e(  3 -  3) =     -3.73238  eV     1   --> A_g            
     e(  4 -  4) =     -3.63751  eV     1   --> B_2g           
     e(  5 -  5) =     -2.08118  eV     1   --> B_1g           
     e(  6 -  6) =      0.52409  eV     1   --> B_2u           
     e(  7 -  7) =      6.02404  eV     1   --> A_g            
     e(  8 -  8) =      7.28881  eV     1   --> B_1u           
     e(  9 -  9) =      9.71052  eV     1   --> B_3g           

 **************************************************************************

 **************************************************************************

                    xk=(   0.49383,  -0.27086,   0.00000  )

     point group C_s (m)    
     there are  2 classes
     the character table:

       E     s    
A'     1.00  1.00
A''    1.00 -1.00

     the symmetry operations in each class and the name of the first element:

     E        1
                                                                 
     s        2
                                                                 

     Band symmetry, C_s (m)     point group:

     e(  1 -  1) =     -7.03530  eV     1   --> A'             
     e(  2 -  2) =     -5.87118  eV     1   --> A''            
     e(  3 -  3) =     -3.73469  eV     1   --> A'             
     e(  4 -  4) =     -3.63984  eV     1   --> A''            
     e(  5 -  5) =     -2.10066  eV     1   --> A'             
     e(  6 -  6) =      0.50227  eV     1   --> A'             
     e(  7 -  7) =      6.07333  eV     1   --> A'             
     e(  8 -  8) =      7.22278  eV     1   --> A''            
     e(  9 -  9) =      9.79011  eV     1   --> A''            

 **************************************************************************

 **************************************************************************

                    xk=(   0.48765,  -0.25304,   0.00000  )

     Band symmetry, C_s (m)     point group:

     e(  1 -  1) =     -7.01733  eV     1   --> A'             
     e(  2 -  2) =     -5.86032  eV     1   --> A''            
     e(  3 -  3) =     -3.74170  eV     1   --> A'             
     e(  4 -  4) =     -3.64675  eV     1   --> A''            
     e(  5 -  5) =     -2.15879  eV     1   --> A'             
     e(  6 -  6) =      0.44011  eV     1   --> A'             
     e(  7 -  7) =      6.21740  eV     1   --> A'             
     e(  8 -  8) =      7.04695  eV     1   --> A''            
     e(  9 -  9) =     10.00349  eV     1   --> A''            

 **************************************************************************

 **************************************************************************

                    xk=(   0.48148,  -0.23522,   0.00000  )

     Band symmetry, C_s (m)     point group:

     e(  1 -  1) =     -6.98744  eV     1   --> A'             
     e(  2 -  2) =     -5.84246  eV     1   --> A''            
     e(  3 -  3) =     -3.75363  eV     1   --> A'             
     e(  4 -  4) =     -3.65801  eV     1   --> A''            
     e(  5 -  5) =     -2.25438  eV     1   --> A'             
     e(  6 -  6) =      0.34622  eV     1   --> A'             
     e(  7 -  7) =      6.44591  eV     1   --> A'             
     e(  8 -  8) =      6.80419  eV     1   --> A''            
     e(  9 -  9) =     10.29238  eV     1   --> A''            

 **************************************************************************

 **************************************************************************

                    xk=(   0.47531,  -0.21740,   0.00000  )

     Band symmetry, C_s (m)     point group:

     e(  1 -  1) =     -6.94569  eV     1   --> A'             
     e(  2 -  2) =     -5.81794  eV     1   --> A''            
     e(  3 -  3) =     -3.77096  eV     1   --> A'             
     e(  4 -  4) =     -3.67327  eV     1   --> A''            
     e(  5 -  5) =     -2.38503  eV     1   --> A'             
     e(  6 -  6) =      0.23130  eV     1   --> A'             
     e(  7 -  7) =      6.52862  eV     1   --> A''            
     e(  8 -  8) =      6.74431  eV     1   --> A'             
     e(  9 -  9) =     10.05313  eV     1   --> A'             

 **************************************************************************

 **************************************************************************

                    xk=(   0.46914,  -0.19958,   0.00000  )

     Band symmetry, C_s (m)     point group:

     e(  1 -  1) =     -6.89221  eV     1   --> A'             
     e(  2 -  2) =     -5.78727  eV     1   --> A''            
     e(  3 -  3) =     -3.79462  eV     1   --> A'             
     e(  4 -  4) =     -3.69200  eV     1   --> A''            
     e(  5 -  5) =     -2.54657  eV     1   --> A'             
     e(  6 -  6) =      0.10514  eV     1   --> A'             
     e(  7 -  7) =      6.24080  eV     1   --> A''            
     e(  8 -  8) =      7.09517  eV     1   --> A'             
     e(  9 -  9) =      9.70555  eV     1   --> A'             

 **************************************************************************

 **************************************************************************

                    xk=(   0.46296,  -0.18176,   0.00000  )

     Band symmetry, C_s (m)     point group:

     e(  1 -  1) =     -6.82713  eV     1   --> A'             
     e(  2 -  2) =     -5.75112  eV     1   --> A''            
     e(  3 -  3) =     -3.82635  eV     1   --> A'             
     e(  4 -  4) =     -3.71351  eV     1   --> A''            
     e(  5 -  5) =     -2.73264  eV     1   --> A'             
     e(  6 -  6) =     -0.02507  eV     1   --> A'             
     e(  7 -  7) =      5.95225  eV     1   --> A''            
     e(  8 -  8) =      7.47577  eV     1   --> A'             
     e(  9 -  9) =      9.39000  eV     1   --> A'             

 **************************************************************************

 **************************************************************************

                    xk=(   0.45679,  -0.16394,   0.00000  )

     Band symmetry, C_s (m)     point group:

     e(  1 -  1) =     -6.75062  eV     1   --> A'             
     e(  2 -  2) =     -5.71032  eV     1   --> A''            
     e(  3 -  3) =     -3.86954  eV     1   --> A'             
     e(  4 -  4) =     -3.73696  eV     1   --> A''            
     e(  5 -  5) =     -2.93415  eV     1   --> A'             
     e(  6 -  6) =     -0.15503  eV     1   --> A'             
     e(  7 -  7) =      5.66954  eV     1   --> A''            
     e(  8 -  8) =      7.84490  eV     1   --> A'             
     e(  9 -  9) =      9.12834  eV     1   --> A'             

 **************************************************************************

 **************************************************************************

                    xk=(   0.45062,  -0.14612,   0.00000  )

     Band symmetry, C_s (m)     point group:

     e(  1 -  1) =     -6.66292  eV     1   --> A'             
     e(  2 -  2) =     -5.66592  eV     1   --> A''            
     e(  3 -  3) =     -3.93066  eV     1   --> A'             
     e(  4 -  4) =     -3.76134  eV     1   --> A''            
     e(  5 -  5) =     -3.13832  eV     1   --> A'             
     e(  6 -  6) =     -0.28284  eV     1   --> A'             
     e(  7 -  7) =      5.39650  eV     1   --> A''            
     e(  8 -  8) =      8.09950  eV     1   --> A'             
     e(  9 -  9) =      8.98484  eV     1   --> A'             

 **************************************************************************

 **************************************************************************

                    xk=(   0.44444,  -0.12830,   0.00000  )

     Band symmetry, C_s (m)     point group:

     e(  1 -  1) =     -6.56427  eV     1   --> A'             
     e(  2 -  2) =     -5.61914  eV     1   --> A''            
     e(  3 -  3) =     -4.02086  eV     1   --> A'             
     e(  4 -  4) =     -3.78546  eV     1   --> A''            
     e(  5 -  5) =     -3.32763  eV     1   --> A'             
     e(  6 -  6) =     -0.40816  eV     1   --> A'             
     e(  7 -  7) =      5.13549  eV     1   --> A''            
     e(  8 -  8) =      8.10124  eV     1   --> A'             
     e(  9 -  9) =      8.99537  eV     1   --> A'             

 **************************************************************************

 **************************************************************************

                    xk=(   0.43827,  -0.11048,   0.00000  )

     Band symmetry, C_s (m)     point group:

     e(  1 -  1) =     -6.45501  eV     1   --> A'             
     e(  2 -  2) =     -5.57141  eV     1   --> A''            
     e(  3 -  3) =     -4.15331  eV     1   --> A'             
     e(  4 -  4) =     -3.80798  eV     1   --> A''            
     e(  5 -  5) =     -3.48285  eV     1   --> A'             
     e(  6 -  6) =     -0.53152  eV     1   --> A'             
     e(  7 -  7) =      4.88797  eV     1   --> A''            
     e(  8 -  8) =      7.93678  eV     1   --> A'             
     e(  9 -  9) =      8.94695  eV     1   --> A'             

 **************************************************************************

 **************************************************************************

                    xk=(   0.43210,  -0.09266,   0.00000  )

     Band symmetry, C_s (m)     point group:

     e(  1 -  1) =     -6.33556  eV     1   --> A'             
     e(  2 -  2) =     -5.52434  eV     1   --> A''            
     e(  3 -  3) =     -4.33112  eV     1   --> A'             
     e(  4 -  4) =     -3.82742  eV     1   --> A''            
     e(  5 -  5) =     -3.59534  eV     1   --> A'             
     e(  6 -  6) =     -0.65379  eV     1   --> A'             
     e(  7 -  7) =      4.65493  eV     1   --> A''            
     e(  8 -  8) =      7.73011  eV     1   --> A'             
     e(  9 -  9) =      8.79376  eV     1   --> A'             

 **************************************************************************

 **************************************************************************

                    xk=(   0.42593,  -0.07484,   0.00000  )

     Band symmetry, C_s (m)     point group:

     e(  1 -  1) =     -6.20651  eV     1   --> A'             
     e(  2 -  2) =     -5.47968  eV     1   --> A''            
     e(  3 -  3) =     -4.54145  eV     1   --> A'             
     e(  4 -  4) =     -3.84225  eV     1   --> A''            
     e(  5 -  5) =     -3.67291  eV     1   --> A'             
     e(  6 -  6) =     -0.77591  eV     1   --> A'             
     e(  7 -  7) =      4.43703  eV     1   --> A''            
     e(  8 -  8) =      7.52151  eV     1   --> A'             
     e(  9 -  9) =      8.60840  eV     1   -->   ?

 **************************************************************************

 **************************************************************************

                    xk=(   0.41975,  -0.05702,   0.00000  )

     Band symmetry, C_s (m)     point group:

     e(  1 -  1) =     -6.06878  eV     1   --> A'             
     e(  2 -  2) =     -5.43920  eV     1   --> A''            
     e(  3 -  3) =     -4.76702  eV     1   --> A'             
     e(  4 -  4) =     -3.85098  eV     1   --> A''            
     e(  5 -  5) =     -3.72813  eV     1   --> A'             
     e(  6 -  6) =     -0.89875  eV     1   --> A'             
     e(  7 -  7) =      4.23477  eV     1   --> A''            
     e(  8 -  8) =      7.32313  eV     1   --> A'             
     e(  9 -  9) =      8.42202  eV     1   --> A'             

 **************************************************************************

 **************************************************************************

                    xk=(   0.41358,  -0.03920,   0.00000  )

     Band symmetry, C_s (m)     point group:

     e(  1 -  1) =     -5.92424  eV     1   --> A'             
     e(  2 -  2) =     -5.40456  eV     1   --> A''            
     e(  3 -  3) =     -4.99415  eV     1   --> A'             
     e(  4 -  4) =     -3.85232  eV     1   --> A''            
     e(  5 -  5) =     -3.76961  eV     1   --> A'             
     e(  6 -  6) =     -1.02305  eV     1   --> A'             
     e(  7 -  7) =      4.04853  eV     1   --> A''            
     e(  8 -  8) =      7.13950  eV     1   --> A'             
     e(  9 -  9) =      8.24547  eV     1   -->   ?

 **************************************************************************

 **************************************************************************

                    xk=(   0.40741,  -0.02138,   0.00000  )

     Band symmetry, C_s (m)     point group:

     e(  1 -  1) =     -5.77851  eV     1   --> A'             
     e(  2 -  2) =     -5.37712  eV     1   --> A''            
     e(  3 -  3) =     -5.21004  eV     1   --> A'             
     e(  4 -  4) =     -3.84536  eV     1   --> A''            
     e(  5 -  5) =     -3.80186  eV     1   --> A'             
     e(  6 -  6) =     -1.14940  eV     1   --> A'             
     e(  7 -  7) =      3.87869  eV     1   --> A''            
     e(  8 -  8) =      6.97266  eV     1   --> A'             
     e(  9 -  9) =      8.08315  eV     1   -->   ?

 **************************************************************************

 **************************************************************************

                    xk=(   0.40123,  -0.00356,   0.00000  )

     Band symmetry, C_s (m)     point group:

     e(  1 -  1) =     -5.66424  eV     1   --> A'             
     e(  2 -  2) =     -5.37779  eV     1   --> A'             
     e(  3 -  3) =     -5.35775  eV     1   --> A''            
     e(  4 -  4) =     -3.82980  eV     1   --> A''            
     e(  5 -  5) =     -3.82690  eV     1   --> A'             
     e(  6 -  6) =     -1.27827  eV     1   --> A'             
     e(  7 -  7) =      3.72560  eV     1   --> A''            
     e(  8 -  8) =      6.82364  eV     1   --> A'             
     e(  9 -  9) =      7.93219  eV     1   -->   ?

 **************************************************************************

 **************************************************************************

                    xk=(   0.39506,   0.01426,   0.00000  )

     Band symmetry, C_s (m)     point group:

     e(  1 -  1) =     -5.72393  eV     1   --> A'             
     e(  2 -  2) =     -5.35249  eV     1   --> A'             
     e(  3 -  3) =     -5.34672  eV     1   --> A''            
     e(  4 -  4) =     -3.84528  eV     1   --> A'             
     e(  5 -  5) =     -3.80608  eV     1   --> A''            
     e(  6 -  6) =     -1.40997  eV     1   --> A'             
     e(  7 -  7) =      3.58965  eV     1   --> A''            
     e(  8 -  8) =      6.69305  eV     1   --> A'             
     e(  9 -  9) =      7.79753  eV     1   -->   ?

 **************************************************************************

 **************************************************************************

                    xk=(   0.38889,   0.03208,   0.00000  )

     Band symmetry, C_s (m)     point group:

     e(  1 -  1) =     -5.88972  eV     1   --> A'             
     e(  2 -  2) =     -5.34365  eV     1   --> A''            
     e(  3 -  3) =     -5.20097  eV     1   --> A'             
     e(  4 -  4) =     -3.85653  eV     1   --> A'             
     e(  5 -  5) =     -3.77531  eV     1   --> A''            
     e(  6 -  6) =     -1.54472  eV     1   --> A'             
     e(  7 -  7) =      3.47129  eV     1   --> A''            
     e(  8 -  8) =      6.58124  eV     1   --> A'             
     e(  9 -  9) =      7.68259  eV     1   -->   ?

 **************************************************************************

 **************************************************************************

                    xk=(   0.38272,   0.04989,   0.00000  )

     Band symmetry, C_s (m)     point group:

     e(  1 -  1) =     -6.05815  eV     1   --> A'             
     e(  2 -  2) =     -5.34766  eV     1   --> A''            
     e(  3 -  3) =     -5.02703  eV     1   --> A'             
     e(  4 -  4) =     -3.85910  eV     1   --> A'             
     e(  5 -  5) =     -3.73927  eV     1   --> A''            
     e(  6 -  6) =     -1.68261  eV     1   --> A'             
     e(  7 -  7) =      3.37103  eV     1   --> A''            
     e(  8 -  8) =      6.48847  eV     1   --> A'             
     e(  9 -  9) =      7.58759  eV     1   --> A''            

 **************************************************************************

 **************************************************************************

                    xk=(   0.37654,   0.06771,   0.00000  )

     Band symmetry, C_s (m)     point group:

     e(  1 -  1) =     -6.21348  eV     1   --> A'             
     e(  2 -  2) =     -5.35751  eV     1   --> A''            
     e(  3 -  3) =     -4.84859  eV     1   --> A'             
     e(  4 -  4) =     -3.84992  eV     1   --> A'             
     e(  5 -  5) =     -3.70013  eV     1   --> A''            
     e(  6 -  6) =     -1.82361  eV     1   --> A'             
     e(  7 -  7) =      3.28943  eV     1   --> A''            
     e(  8 -  8) =      6.41492  eV     1   --> A'             
     e(  9 -  9) =      7.51262  eV     1   --> A''            

 **************************************************************************

 **************************************************************************

                    xk=(   0.37037,   0.08553,   0.00000  )

     Band symmetry, C_s (m)     point group:

     e(  1 -  1) =     -6.35171  eV     1   --> A'             
     e(  2 -  2) =     -5.37180  eV     1   --> A''            
     e(  3 -  3) =     -4.67467  eV     1   --> A'             
     e(  4 -  4) =     -3.82337  eV     1   --> A'             
     e(  5 -  5) =     -3.66028  eV     1   --> A''            
     e(  6 -  6) =     -1.96754  eV     1   --> A'             
     e(  7 -  7) =      3.22710  eV     1   --> A''            
     e(  8 -  8) =      6.36073  eV     1   --> A'             
     e(  9 -  9) =      7.45776  eV     1   --> A''            

 **************************************************************************

 **************************************************************************

                    xk=(   0.36420,   0.10335,   0.00000  )

     Band symmetry, C_s (m)     point group:

     e(  1 -  1) =     -6.47108  eV     1   --> A'             
     e(  2 -  2) =     -5.38910  eV     1   --> A''            
     e(  3 -  3) =     -4.51613  eV     1   --> A'             
     e(  4 -  4) =     -3.77003  eV     1   --> A'             
     e(  5 -  5) =     -3.62214  eV     1   --> A''            
     e(  6 -  6) =     -2.11408  eV     1   --> A'             
     e(  7 -  7) =      3.18470  eV     1   --> A''            
     e(  8 -  8) =      6.32600  eV     1   --> A'             
     e(  9 -  9) =      7.42311  eV     1   --> A''            

 **************************************************************************

 **************************************************************************

                    xk=(   0.35802,   0.12117,   0.00000  )

     Band symmetry, C_s (m)     point group:

     e(  1 -  1) =     -6.57058  eV     1   --> A'             
     e(  2 -  2) =     -5.40808  eV     1   --> A''            
     e(  3 -  3) =     -4.38610  eV     1   --> A'             
     e(  4 -  4) =     -3.67783  eV     1   --> A'             
     e(  5 -  5) =     -3.58797  eV     1   --> A''            
     e(  6 -  6) =     -2.26265  eV     1   --> A'             
     e(  7 -  7) =      3.16286  eV     1   --> A''            
     e(  8 -  8) =      6.31084  eV     1   --> A'             
     e(  9 -  9) =      7.40879  eV     1   -->   ?

 **************************************************************************

 **************************************************************************

                    xk=(   0.35185,   0.13899,   0.00000  )

     Band symmetry, C_s (m)     point group:

     e(  1 -  1) =     -6.64959  eV     1   --> A'             
     e(  2 -  2) =     -5.42756  eV     1   --> A''            
     e(  3 -  3) =     -4.29276  eV     1   --> A'             
     e(  4 -  4) =     -3.55981  eV     1   --> A''            
     e(  5 -  5) =     -3.53975  eV     1   --> A'             
     e(  6 -  6) =     -2.41232  eV     1   --> A'             
     e(  7 -  7) =      3.16219  eV     1   --> A''            
     e(  8 -  8) =      6.31534  eV     1   --> A'             
     e(  9 -  9) =      7.41477  eV     1   --> A''            

 **************************************************************************

 **************************************************************************

                    xk=(   0.34568,   0.15681,   0.00000  )

     Band symmetry, C_s (m)     point group:

     e(  1 -  1) =     -6.70779  eV     1   --> A'             
     e(  2 -  2) =     -5.44653  eV     1   --> A''            
     e(  3 -  3) =     -4.23240  eV     1   --> A'             
     e(  4 -  4) =     -3.53937  eV     1   --> A''            
     e(  5 -  5) =     -3.36143  eV     1   --> A'             
     e(  6 -  6) =     -2.56122  eV     1   --> A'             
     e(  7 -  7) =      3.18322  eV     1   --> A''            
     e(  8 -  8) =      6.33956  eV     1   --> A'             
     e(  9 -  9) =      7.44123  eV     1   -->   ?

 **************************************************************************

 **************************************************************************

                    xk=(   0.33951,   0.17463,   0.00000  )

     Band symmetry, C_s (m)     point group:

     e(  1 -  1) =     -6.74506  eV     1   --> A'             
     e(  2 -  2) =     -5.46413  eV     1   --> A''            
     e(  3 -  3) =     -4.19494  eV     1   --> A'             
     e(  4 -  4) =     -3.52797  eV     1   --> A''            
     e(  5 -  5) =     -3.15862  eV     1   --> A'             
     e(  6 -  6) =     -2.70361  eV     1   --> A'             
     e(  7 -  7) =      3.22634  eV     1   --> A''            
     e(  8 -  8) =      6.38358  eV     1   --> A'             
     e(  9 -  9) =      7.48820  eV     1   -->   ?

 **************************************************************************

 **************************************************************************

                    xk=(   0.33333,   0.19245,   0.00000  )

     point group C_2v (mm2) 
     there are  4 classes
     the character table:

       E     C2    s_v   s_v' 
A_1    1.00  1.00  1.00  1.00
A_2    1.00  1.00 -1.00 -1.00
B_1    1.00 -1.00  1.00 -1.00
B_2    1.00 -1.00 -1.00  1.00

     the symmetry operations in each class and the name of the first element:

     E        1
                                                                 
     C2       2
                                                                 
     s_v      3
                                                                 
     s_v'     4
                                                                 

     Band symmetry, C_2v (mm2)  point group:

     e(  1 -  1) =     -6.76150  eV     1   --> A_1  D_1  S_1  
     e(  2 -  2) =     -5.47970  eV     1   --> B_2  D_4  S_4  
     e(  3 -  3) =     -4.17219  eV     1   --> A_1  D_1  S_1  
     e(  4 -  4) =     -3.52653  eV     1   --> A_2  D_2  S_2  
     e(  5 -  5) =     -2.98905  eV     1   --> A_1  D_1  S_1  
     e(  6 -  6) =     -2.78983  eV     1   --> B_1  D_3  S_3  
     e(  7 -  7) =      3.29181  eV     1   --> B_2  D_4  S_4  
     e(  8 -  8) =      6.44746  eV     1   --> A_1  D_1  S_1  
     e(  9 -  9) =      7.55307  eV     1   -->   ?

 **************************************************************************

 **************************************************************************

                    xk=(   0.32381,   0.18695,   0.00000  )

     Band symmetry, C_2v (mm2)  point group:

     e(  1 -  1) =     -6.74421  eV     1   --> A_1  D_1  S_1  
     e(  2 -  2) =     -5.43422  eV     1   --> B_2  D_4  S_4  
     e(  3 -  3) =     -4.22735  eV     1   --> A_1  D_1  S_1  
     e(  4 -  4) =     -3.51476  eV     1   --> A_2  D_2  S_2  
     e(  5 -  5) =     -3.20001  eV     1   --> A_1  D_1  S_1  
     e(  6 -  6) =     -2.86105  eV     1   --> B_1  D_3  S_3  
     e(  7 -  7) =      3.05748  eV     1   --> B_2  D_4  S_4  
     e(  8 -  8) =      6.22211  eV     1   --> A_1  D_1  S_1  
     e(  9 -  9) =      7.31898  eV     1   --> B_2  D_4  S_4  

 **************************************************************************

 **************************************************************************

                    xk=(   0.31429,   0.18145,   0.00000  )

     Band symmetry, C_2v (mm2)  point group:

     e(  1 -  1) =     -6.73073  eV     1   --> A_1  D_1  S_1  
     e(  2 -  2) =     -5.38644  eV     1   --> B_2  D_4  S_4  
     e(  3 -  3) =     -4.28794  eV     1   --> A_1  D_1  S_1  
     e(  4 -  4) =     -3.50262  eV     1   --> A_2  D_2  S_2  
     e(  5 -  5) =     -3.39688  eV     1   --> A_1  D_1  S_1  
     e(  6 -  6) =     -2.93381  eV     1   --> B_1  D_3  S_3  
     e(  7 -  7) =      2.82779  eV     1   --> B_2  D_4  S_4  
     e(  8 -  8) =      6.00204  eV     1   --> A_1  D_1  S_1  
     e(  9 -  9) =      7.08871  eV     1   --> B_2  D_4  S_4  

 **************************************************************************

 **************************************************************************

                    xk=(   0.30476,   0.17595,   0.00000  )

     Band symmetry, C_2v (mm2)  point group:

     e(  1 -  1) =     -6.72229  eV     1   --> A_1  D_1  S_1  
     e(  2 -  2) =     -5.33639  eV     1   --> B_2  D_4  S_4  
     e(  3 -  3) =     -4.35482  eV     1   --> A_1  D_1  S_1  
     e(  4 -  4) =     -3.57711  eV     1   --> A_1  D_1  S_1  
     e(  5 -  5) =     -3.49015  eV     1   --> A_2  D_2  S_2  
     e(  6 -  6) =     -3.00781  eV     1   --> B_1  D_3  S_3  
     e(  7 -  7) =      2.60278  eV     1   --> B_2  D_4  S_4  
     e(  8 -  8) =      5.78770  eV     1   --> A_1  D_1  S_1  
     e(  9 -  9) =      6.86487  eV     1   -->   ?

 **************************************************************************

 **************************************************************************

                    xk=(   0.29524,   0.17046,   0.00000  )

     Band symmetry, C_2v (mm2)  point group:

     e(  1 -  1) =     -6.72035  eV     1   --> A_1  D_1  S_1  
     e(  2 -  2) =     -5.28411  eV     1   --> B_2  D_4  S_4  
     e(  3 -  3) =     -4.42856  eV     1   --> A_1  D_1  S_1  
     e(  4 -  4) =     -3.73831  eV     1   --> A_1  D_1  S_1  
     e(  5 -  5) =     -3.47739  eV     1   --> A_2  D_2  S_2  
     e(  6 -  6) =     -3.08275  eV     1   --> B_1  D_3  S_3  
     e(  7 -  7) =      2.38248  eV     1   --> B_2  D_4  S_4  
     e(  8 -  8) =      5.57937  eV     1   --> A_1  D_1  S_1  
     e(  9 -  9) =      6.64749  eV     1   -->   ?

 **************************************************************************

 **************************************************************************

                    xk=(   0.28571,   0.16496,   0.00000  )

     Band symmetry, C_2v (mm2)  point group:

     e(  1 -  1) =     -6.72652  eV     1   --> A_1  D_1  S_1  
     e(  2 -  2) =     -5.22965  eV     1   --> B_2  D_4  S_4  
     e(  3 -  3) =     -4.50869  eV     1   --> A_1  D_1  S_1  
     e(  4 -  4) =     -3.87901  eV     1   --> A_1  D_1  S_1  
     e(  5 -  5) =     -3.46439  eV     1   --> A_2  D_2  S_2  
     e(  6 -  6) =     -3.15835  eV     1   --> B_1  D_3  S_3  
     e(  7 -  7) =      2.16690  eV     1   --> B_2  D_4  S_4  
     e(  8 -  8) =      5.37724  eV     1   --> A_1  D_1  S_1  
     e(  9 -  9) =      6.43658  eV     1   --> B_2  D_4  S_4  

 **************************************************************************

 **************************************************************************

                    xk=(   0.27619,   0.15946,   0.00000  )

     Band symmetry, C_2v (mm2)  point group:

     e(  1 -  1) =     -6.74249  eV     1   --> A_1  D_1  S_1  
     e(  2 -  2) =     -5.17305  eV     1   --> B_2  D_4  S_4  
     e(  3 -  3) =     -4.59304  eV     1   --> A_1  D_1  S_1  
     e(  4 -  4) =     -3.99941  eV     1   --> A_1  D_1  S_1  
     e(  5 -  5) =     -3.45119  eV     1   --> A_2  D_2  S_2  
     e(  6 -  6) =     -3.23431  eV     1   --> B_1  D_3  S_3  
     e(  7 -  7) =      1.95605  eV     1   --> B_2  D_4  S_4  
     e(  8 -  8) =      5.18145  eV     1   --> A_1  D_1  S_1  
     e(  9 -  9) =      6.23220  eV     1   --> B_2  D_4  S_4  

 **************************************************************************

 **************************************************************************

                    xk=(   0.26667,   0.15396,   0.00000  )

     Band symmetry, C_2v (mm2)  point group:

     e(  1 -  1) =     -6.76987  eV     1   --> A_1  D_1  S_1  
     e(  2 -  2) =     -5.11435  eV     1   --> B_2  D_4  S_4  
     e(  3 -  3) =     -4.67759  eV     1   --> A_1  D_1  S_1  
     e(  4 -  4) =     -4.10165  eV     1   --> A_1  D_1  S_1  
     e(  5 -  5) =     -3.43785  eV     1   --> A_2  D_2  S_2  
     e(  6 -  6) =     -3.31036  eV     1   --> B_1  D_3  S_3  
     e(  7 -  7) =      1.74990  eV     1   --> B_2  D_4  S_4  
     e(  8 -  8) =      4.99208  eV     1   --> A_1  D_1  S_1  
     e(  9 -  9) =      6.03437  eV     1   --> B_2  D_4  S_4  

 **************************************************************************

 **************************************************************************

                    xk=(   0.25714,   0.14846,   0.00000  )

     Band symmetry, C_2v (mm2)  point group:

     e(  1 -  1) =     -6.80999  eV     1   --> A_1  D_1  S_1  
     e(  2 -  2) =     -5.05360  eV     1   --> B_2  D_4  S_4  
     e(  3 -  3) =     -4.75745  eV     1   --> A_1  D_1  S_1  
     e(  4 -  4) =     -4.18913  eV     1   --> A_1  D_1  S_1  
     e(  5 -  5) =     -3.42440  eV     1   --> A_2  D_2  S_2  
     e(  6 -  6) =     -3.38623  eV     1   --> B_1  D_3  S_3  
     e(  7 -  7) =      1.54844  eV     1   --> B_2  D_4  S_4  
     e(  8 -  8) =      4.80920  eV     1   --> A_1  D_1  S_1  
     e(  9 -  9) =      5.84312  eV     1   --> B_2  D_4  S_4  

 **************************************************************************

 **************************************************************************

                    xk=(   0.24762,   0.14296,   0.00000  )

     Band symmetry, C_2v (mm2)  point group:

     e(  1 -  1) =     -6.86357  eV     1   --> A_1  D_1  S_1  
     e(  2 -  2) =     -4.99086  eV     1   --> B_2  D_4  S_4  
     e(  3 -  3) =     -4.82816  eV     1   --> A_1  D_1  S_1  
     e(  4 -  4) =     -4.26535  eV     1   --> A_1  D_1  S_1  
     e(  5 -  5) =     -3.46165  eV     1   --> B_1  D_3  S_3  
     e(  6 -  6) =     -3.41089  eV     1   --> A_2  D_2  S_2  
     e(  7 -  7) =      1.35164  eV     1   --> B_2  D_4  S_4  
     e(  8 -  8) =      4.63287  eV     1   --> A_1  D_1  S_1  
     e(  9 -  9) =      5.65845  eV     1   --> B_2  D_4  S_4  

 **************************************************************************

 **************************************************************************

                    xk=(   0.23810,   0.13746,   0.00000  )

     Band symmetry, C_2v (mm2)  point group:

     e(  1 -  1) =     -6.93057  eV     1   --> A_1  D_1  S_1  
     e(  2 -  2) =     -4.92617  eV     1   --> B_2  D_4  S_4  
     e(  3 -  3) =     -4.88665  eV     1   --> A_1  D_1  S_1  
     e(  4 -  4) =     -4.33327  eV     1   --> A_1  D_1  S_1  
     e(  5 -  5) =     -3.53637  eV     1   --> B_1  D_3  S_3  
     e(  6 -  6) =     -3.39738  eV     1   --> A_2  D_2  S_2  
     e(  7 -  7) =      1.15946  eV     1   --> B_2  D_4  S_4  
     e(  8 -  8) =      4.46311  eV     1   --> A_1  D_1  S_1  
     e(  9 -  9) =      5.48040  eV     1   --> B_2  D_4  S_4  

 **************************************************************************

 **************************************************************************

                    xk=(   0.22857,   0.13197,   0.00000  )

     Band symmetry, C_2v (mm2)  point group:

     e(  1 -  1) =     -7.01012  eV     1   --> A_1  D_1  S_1  
     e(  2 -  2) =     -4.93150  eV     1   --> A_1  D_1  S_1  
     e(  3 -  3) =     -4.85960  eV     1   --> B_2  D_4  S_4  
     e(  4 -  4) =     -4.39506  eV     1   --> A_1  D_1  S_1  
     e(  5 -  5) =     -3.61013  eV     1   --> B_1  D_3  S_3  
     e(  6 -  6) =     -3.38391  eV     1   --> A_2  D_2  S_2  
     e(  7 -  7) =      0.97186  eV     1   --> B_2  D_4  S_4  
     e(  8 -  8) =      4.29995  eV     1   --> A_1  D_1  S_1  
     e(  9 -  9) =      5.30898  eV     1   --> B_2  D_4  S_4  

 **************************************************************************

 **************************************************************************

                    xk=(   0.21905,   0.12647,   0.00000  )

     Band symmetry, C_2v (mm2)  point group:

     e(  1 -  1) =     -7.10058  eV     1   --> A_1  D_1  S_1  
     e(  2 -  2) =     -4.96272  eV     1   --> A_1  D_1  S_1  
     e(  3 -  3) =     -4.79120  eV     1   --> B_2  D_4  S_4  
     e(  4 -  4) =     -4.45220  eV     1   --> A_1  D_1  S_1  
     e(  5 -  5) =     -3.68270  eV     1   --> B_1  D_3  S_3  
     e(  6 -  6) =     -3.37053  eV     1   --> A_2  D_2  S_2  
     e(  7 -  7) =      0.78879  eV     1   --> B_2  D_4  S_4  
     e(  8 -  8) =      4.14342  eV     1   --> A_1  D_1  S_1  
     e(  9 -  9) =      5.14423  eV     1   --> B_2  D_4  S_4  

 **************************************************************************

 **************************************************************************

                    xk=(   0.20952,   0.12097,   0.00000  )

     Band symmetry, C_2v (mm2)  point group:

     e(  1 -  1) =     -7.19986  eV     1   --> A_1  D_1  S_1  
     e(  2 -  2) =     -4.98132  eV     1   --> A_1  D_1  S_1  
     e(  3 -  3) =     -4.72105  eV     1   --> B_2  D_4  S_4  
     e(  4 -  4) =     -4.50570  eV     1   --> A_1  D_1  S_1  
     e(  5 -  5) =     -3.75386  eV     1   --> B_1  D_3  S_3  
     e(  6 -  6) =     -3.35728  eV     1   --> A_2  D_2  S_2  
     e(  7 -  7) =      0.61020  eV     1   --> B_2  D_4  S_4  
     e(  8 -  8) =      3.99352  eV     1   --> A_1  D_1  S_1  
     e(  9 -  9) =      4.98616  eV     1   --> B_2  D_4  S_4  

 **************************************************************************

 **************************************************************************

                    xk=(   0.20000,   0.11547,   0.00000  )

     Band symmetry, C_2v (mm2)  point group:

     e(  1 -  1) =     -7.30565  eV     1   --> A_1  D_1  S_1  
     e(  2 -  2) =     -4.98888  eV     1   --> A_1  D_1  S_1  
     e(  3 -  3) =     -4.64920  eV     1   --> B_2  D_4  S_4  
     e(  4 -  4) =     -4.55621  eV     1   --> A_1  D_1  S_1  
     e(  5 -  5) =     -3.82337  eV     1   --> B_1  D_3  S_3  
     e(  6 -  6) =     -3.34423  eV     1   --> A_2  D_2  S_2  
     e(  7 -  7) =      0.43605  eV     1   --> B_2  D_4  S_4  
     e(  8 -  8) =      3.85026  eV     1   --> A_1  D_1  S_1  
     e(  9 -  9) =      4.83480  eV     1   --> B_2  D_4  S_4  

 **************************************************************************

 **************************************************************************

                    xk=(   0.19048,   0.10997,   0.00000  )

     Band symmetry, C_2v (mm2)  point group:

     e(  1 -  1) =     -7.41569  eV     1   --> A_1  D_1  S_1  
     e(  2 -  2) =     -4.98716  eV     1   --> A_1  D_1  S_1  
     e(  3 -  3) =     -4.60413  eV     1   --> A_1  D_1  S_1  
     e(  4 -  4) =     -4.57574  eV     1   --> B_2  D_4  S_4  
     e(  5 -  5) =     -3.89103  eV     1   --> B_1  D_3  S_3  
     e(  6 -  6) =     -3.33141  eV     1   --> A_2  D_2  S_2  
     e(  7 -  7) =      0.26628  eV     1   --> B_2  D_4  S_4  
     e(  8 -  8) =      3.71366  eV     1   --> A_1  D_1  S_1  
     e(  9 -  9) =      4.69017  eV     1   --> B_2  D_4  S_4  

 **************************************************************************

 **************************************************************************

                    xk=(   0.18095,   0.10447,   0.00000  )

     Band symmetry, C_2v (mm2)  point group:

     e(  1 -  1) =     -7.52794  eV     1   --> A_1  D_1  S_1  
     e(  2 -  2) =     -4.97792  eV     1   --> A_1  D_1  S_1  
     e(  3 -  3) =     -4.64971  eV     1   --> A_1  D_1  S_1  
     e(  4 -  4) =     -4.50075  eV     1   --> B_2  D_4  S_4  
     e(  5 -  5) =     -3.95663  eV     1   --> B_1  D_3  S_3  
     e(  6 -  6) =     -3.31887  eV     1   --> A_2  D_2  S_2  
     e(  7 -  7) =      0.10085  eV     1   --> B_2  D_4  S_4  
     e(  8 -  8) =      3.58371  eV     1   --> A_1  D_1  S_1  
     e(  9 -  9) =      4.55231  eV     1   --> B_2  D_4  S_4  

 **************************************************************************

 **************************************************************************

                    xk=(   0.17143,   0.09897,   0.00000  )

     Band symmetry, C_2v (mm2)  point group:

     e(  1 -  1) =     -7.64060  eV     1   --> A_1  D_1  S_1  
     e(  2 -  2) =     -4.96276  eV     1   --> A_1  D_1  S_1  
     e(  3 -  3) =     -4.69311  eV     1   --> A_1  D_1  S_1  
     e(  4 -  4) =     -4.42431  eV     1   --> B_2  D_4  S_4  
     e(  5 -  5) =     -4.02000  eV     1   --> B_1  D_3  S_3  
     e(  6 -  6) =     -3.30666  eV     1   --> A_2  D_2  S_2  
     e(  7 -  7) =     -0.06029  eV     1   --> B_2  D_4  S_4  
     e(  8 -  8) =      3.46043  eV     1   --> A_1  D_1  S_1  
     e(  9 -  9) =      4.42123  eV     1   --> B_2  D_4  S_4  

 **************************************************************************

 **************************************************************************

                    xk=(   0.16190,   0.09348,   0.00000  )

     Band symmetry, C_2v (mm2)  point group:

     e(  1 -  1) =     -7.75214  eV     1   --> A_1  D_1  S_1  
     e(  2 -  2) =     -4.94310  eV     1   --> A_1  D_1  S_1  
     e(  3 -  3) =     -4.73440  eV     1   --> A_1  D_1  S_1  
     e(  4 -  4) =     -4.34652  eV     1   --> B_2  D_4  S_4  
     e(  5 -  5) =     -4.08095  eV     1   --> B_1  D_3  S_3  
     e(  6 -  6) =     -3.29481  eV     1   --> A_2  D_2  S_2  
     e(  7 -  7) =     -0.21717  eV     1   --> B_2  D_4  S_4  
     e(  8 -  8) =      3.34381  eV     1   --> A_1  D_1  S_1  
     e(  9 -  9) =      4.29698  eV     1   --> B_2  D_4  S_4  

 **************************************************************************

 **************************************************************************

                    xk=(   0.15238,   0.08798,   0.00000  )

     Band symmetry, C_2v (mm2)  point group:

     e(  1 -  1) =     -7.86132  eV     1   --> A_1  D_1  S_1  
     e(  2 -  2) =     -4.92016  eV     1   --> A_1  D_1  S_1  
     e(  3 -  3) =     -4.77361  eV     1   --> A_1  D_1  S_1  
     e(  4 -  4) =     -4.26750  eV     1   --> B_2  D_4  S_4  
     e(  5 -  5) =     -4.13931  eV     1   --> B_1  D_3  S_3  
     e(  6 -  6) =     -3.28339  eV     1   --> A_2  D_2  S_2  
     e(  7 -  7) =     -0.36981  eV     1   --> B_2  D_4  S_4  
     e(  8 -  8) =      3.23385  eV     1   --> A_1  D_1  S_1  
     e(  9 -  9) =      4.17958  eV     1   --> B_2  D_4  S_4  

 **************************************************************************

 **************************************************************************

                    xk=(   0.14286,   0.08248,   0.00000  )

     Band symmetry, C_2v (mm2)  point group:

     e(  1 -  1) =     -7.96708  eV     1   --> A_1  D_1  S_1  
     e(  2 -  2) =     -4.89502  eV     1   --> A_1  D_1  S_1  
     e(  3 -  3) =     -4.81069  eV     1   --> A_1  D_1  S_1  
     e(  4 -  4) =     -4.19492  eV     1   --> B_1  D_3  S_3  
     e(  5 -  5) =     -4.18737  eV     1   --> B_2  D_4  S_4  
     e(  6 -  6) =     -3.27243  eV     1   --> A_2  D_2  S_2  
     e(  7 -  7) =     -0.51823  eV     1   --> B_2  D_4  S_4  
     e(  8 -  8) =      3.13056  eV     1   --> A_1  D_1  S_1  
     e(  9 -  9) =      4.06906  eV     1   --> B_2  D_4  S_4  

 **************************************************************************

 **************************************************************************

                    xk=(   0.13333,   0.07698,   0.00000  )

     Band symmetry, C_2v (mm2)  point group:

     e(  1 -  1) =     -8.06860  eV     1   --> A_1  D_1  S_1  
     e(  2 -  2) =     -4.86899  eV     1   --> A_1  D_1  S_1  
     e(  3 -  3) =     -4.84516  eV     1   --> A_1  D_1  S_1  
     e(  4 -  4) =     -4.24763  eV     1   --> B_1  D_3  S_3  
     e(  5 -  5) =     -4.10630  eV     1   --> B_2  D_4  S_4  
     e(  6 -  6) =     -3.26196  eV     1   --> A_2  D_2  S_2  
     e(  7 -  7) =     -0.66240  eV     1   --> B_2  D_4  S_4  
     e(  8 -  8) =      3.03394  eV     1   --> A_1  D_1  S_1  
     e(  9 -  9) =      3.96546  eV     1   --> B_2  D_4  S_4  

 **************************************************************************

 **************************************************************************

                    xk=(   0.12381,   0.07148,   0.00000  )

     Band symmetry, C_2v (mm2)  point group:

     e(  1 -  1) =     -8.16516  eV     1   --> A_1  D_1  S_1  
     e(  2 -  2) =     -4.87948  eV     1   --> A_1  D_1  S_1  
     e(  3 -  3) =     -4.84033  eV     1   --> A_1  D_1  S_1  
     e(  4 -  4) =     -4.29731  eV     1   --> B_1  D_3  S_3  
     e(  5 -  5) =     -4.02445  eV     1   --> B_2  D_4  S_4  
     e(  6 -  6) =     -3.25203  eV     1   --> A_2  D_2  S_2  
     e(  7 -  7) =     -0.80229  eV     1   --> B_2  D_4  S_4  
     e(  8 -  8) =      2.94399  eV     1   --> A_1  D_1  S_1  
     e(  9 -  9) =      3.86881  eV     1   --> B_2  D_4  S_4  

 **************************************************************************

 **************************************************************************

                    xk=(   0.11429,   0.06598,   0.00000  )

     Band symmetry, C_2v (mm2)  point group:

     e(  1 -  1) =     -8.25620  eV     1   --> A_1  D_1  S_1  
     e(  2 -  2) =     -4.90997  eV     1   --> A_1  D_1  S_1  
     e(  3 -  3) =     -4.81331  eV     1   --> A_1  D_1  S_1  
     e(  4 -  4) =     -4.34382  eV     1   --> B_1  D_3  S_3  
     e(  5 -  5) =     -3.94205  eV     1   --> B_2  D_4  S_4  
     e(  6 -  6) =     -3.24268  eV     1   --> A_2  D_2  S_2  
     e(  7 -  7) =     -0.93780  eV     1   --> B_2  D_4  S_4  
     e(  8 -  8) =      2.86070  eV     1   --> A_1  D_1  S_1  
     e(  9 -  9) =      3.77914  eV     1   --> B_2  D_4  S_4  

 **************************************************************************

 **************************************************************************

                    xk=(   0.10476,   0.06048,   0.00000  )

     Band symmetry, C_2v (mm2)  point group:

     e(  1 -  1) =     -8.34124  eV     1   --> A_1  D_1  S_1  
     e(  2 -  2) =     -4.93846  eV     1   --> A_1  D_1  S_1  
     e(  3 -  3) =     -4.78658  eV     1   --> A_1  D_1  S_1  
     e(  4 -  4) =     -4.38704  eV     1   --> B_1  D_3  S_3  
     e(  5 -  5) =     -3.85938  eV     1   --> B_2  D_4  S_4  
     e(  6 -  6) =     -3.23394  eV     1   --> A_2  D_2  S_2  
     e(  7 -  7) =     -1.06878  eV     1   --> B_2  D_4  S_4  
     e(  8 -  8) =      2.78408  eV     1   --> A_1  D_1  S_1  
     e(  9 -  9) =      3.69649  eV     1   --> B_2  D_4  S_4  

 **************************************************************************

 **************************************************************************

                    xk=(   0.09524,   0.05499,   0.00000  )

     Band symmetry, C_2v (mm2)  point group:

     e(  1 -  1) =     -8.41990  eV     1   --> A_1  D_1  S_1  
     e(  2 -  2) =     -4.96473  eV     1   --> A_1  D_1  S_1  
     e(  3 -  3) =     -4.76079  eV     1   --> A_1  D_1  S_1  
     e(  4 -  4) =     -4.42687  eV     1   --> B_1  D_3  S_3  
     e(  5 -  5) =     -3.77678  eV     1   --> B_2  D_4  S_4  
     e(  6 -  6) =     -3.22585  eV     1   --> A_2  D_2  S_2  
     e(  7 -  7) =     -1.19502  eV     1   --> B_2  D_4  S_4  
     e(  8 -  8) =      2.71412  eV     1   --> A_1  D_1  S_1  
     e(  9 -  9) =      3.62089  eV     1   --> B_2  D_4  S_4  

 **************************************************************************

 **************************************************************************

                    xk=(   0.08571,   0.04949,   0.00000  )

     Band symmetry, C_2v (mm2)  point group:

     e(  1 -  1) =     -8.49185  eV     1   --> A_1  D_1  S_1  
     e(  2 -  2) =     -4.98868  eV     1   --> A_1  D_1  S_1  
     e(  3 -  3) =     -4.73637  eV     1   --> A_1  D_1  S_1  
     e(  4 -  4) =     -4.46320  eV     1   --> B_1  D_3  S_3  
     e(  5 -  5) =     -3.69472  eV     1   --> B_2  D_4  S_4  
     e(  6 -  6) =     -3.21843  eV     1   --> A_2  D_2  S_2  
     e(  7 -  7) =     -1.31618  eV     1   --> B_2  D_4  S_4  
     e(  8 -  8) =      2.65083  eV     1   --> A_1  D_1  S_1  
     e(  9 -  9) =      3.55238  eV     1   --> B_2  D_4  S_4  

 **************************************************************************

 **************************************************************************

                    xk=(   0.07619,   0.04399,   0.00000  )

     Band symmetry, C_2v (mm2)  point group:

     e(  1 -  1) =     -8.55683  eV     1   --> A_1  D_1  S_1  
     e(  2 -  2) =     -5.01027  eV     1   --> A_1  D_1  S_1  
     e(  3 -  3) =     -4.71367  eV     1   --> A_1  D_1  S_1  
     e(  4 -  4) =     -4.49594  eV     1   --> B_1  D_3  S_3  
     e(  5 -  5) =     -3.61378  eV     1   --> B_2  D_4  S_4  
     e(  6 -  6) =     -3.21171  eV     1   --> A_2  D_2  S_2  
     e(  7 -  7) =     -1.43176  eV     1   --> B_2  D_4  S_4  
     e(  8 -  8) =      2.59420  eV     1   --> A_1  D_1  S_1  
     e(  9 -  9) =      3.49098  eV     1   --> B_2  D_4  S_4  

 **************************************************************************

 **************************************************************************

                    xk=(   0.06667,   0.03849,   0.00000  )

     Band symmetry, C_2v (mm2)  point group:

     e(  1 -  1) =     -8.61462  eV     1   --> A_1  D_1  S_1  
     e(  2 -  2) =     -5.02944  eV     1   --> A_1  D_1  S_1  
     e(  3 -  3) =     -4.69298  eV     1   --> A_1  D_1  S_1  
     e(  4 -  4) =     -4.52503  eV     1   --> B_1  D_3  S_3  
     e(  5 -  5) =     -3.53479  eV     1   --> B_2  D_4  S_4  
     e(  6 -  6) =     -3.20572  eV     1   --> A_2  D_2  S_2  
     e(  7 -  7) =     -1.54107  eV     1   --> B_2  D_4  S_4  
     e(  8 -  8) =      2.54424  eV     1   --> A_1  D_1  S_1  
     e(  9 -  9) =      3.43673  eV     1   --> B_2  D_4  S_4  

 **************************************************************************

 **************************************************************************

                    xk=(   0.05714,   0.03299,   0.00000  )

     Band symmetry, C_2v (mm2)  point group:

     e(  1 -  1) =     -8.66503  eV     1   --> A_1  D_1  S_1  
     e(  2 -  2) =     -5.04614  eV     1   --> A_1  D_1  S_1  
     e(  3 -  3) =     -4.67456  eV     1   --> A_1  D_1  S_1  
     e(  4 -  4) =     -4.55037  eV     1   --> B_1  D_3  S_3  
     e(  5 -  5) =     -3.45884  eV     1   --> B_2  D_4  S_4  
     e(  6 -  6) =     -3.20048  eV     1   --> A_2  D_2  S_2  
     e(  7 -  7) =     -1.64309  eV     1   --> B_2  D_4  S_4  
     e(  8 -  8) =      2.50093  eV     1   --> A_1  D_1  S_1  
     e(  9 -  9) =      3.38965  eV     1   --> B_2  D_4  S_4  

 **************************************************************************

 **************************************************************************

                    xk=(   0.04762,   0.02749,   0.00000  )

     Band symmetry, C_2v (mm2)  point group:

     e(  1 -  1) =     -8.70792  eV     1   --> A_1  D_1  S_1  
     e(  2 -  2) =     -5.06035  eV     1   --> A_1  D_1  S_1  
     e(  3 -  3) =     -4.65863  eV     1   --> A_1  D_1  S_1  
     e(  4 -  4) =     -4.57193  eV     1   --> B_1  D_3  S_3  
     e(  5 -  5) =     -3.38741  eV     1   --> B_2  D_4  S_4  
     e(  6 -  6) =     -3.19602  eV     1   --> A_2  D_2  S_2  
     e(  7 -  7) =     -1.73643  eV     1   --> B_2  D_4  S_4  
     e(  8 -  8) =      2.46430  eV     1   --> A_1  D_1  S_1  
     e(  9 -  9) =      3.34978  eV     1   --> B_2  D_4  S_4  

 **************************************************************************

 **************************************************************************

                    xk=(   0.03810,   0.02199,   0.00000  )

     Band symmetry, C_2v (mm2)  point group:

     e(  1 -  1) =     -8.74316  eV     1   --> A_1  D_1  S_1  
     e(  2 -  2) =     -5.07202  eV     1   --> A_1  D_1  S_1  
     e(  3 -  3) =     -4.64536  eV     1   --> A_1  D_1  S_1  
     e(  4 -  4) =     -4.58963  eV     1   --> B_1  D_3  S_3  
     e(  5 -  5) =     -3.32251  eV     1   --> B_2  D_4  S_4  
     e(  6 -  6) =     -3.19234  eV     1   --> A_2  D_2  S_2  
     e(  7 -  7) =     -1.81915  eV     1   --> B_2  D_4  S_4  
     e(  8 -  8) =      2.43432  eV     1   --> A_1  D_1  S_1  
     e(  9 -  9) =      3.31711  eV     1   --> B_2  D_4  S_4  

 **************************************************************************

 **************************************************************************

                    xk=(   0.02857,   0.01650,   0.00000  )

     Band symmetry, C_2v (mm2)  point group:

     e(  1 -  1) =     -8.77067  eV     1   --> A_1  D_1  S_1  
     e(  2 -  2) =     -5.08112  eV     1   --> A_1  D_1  S_1  
     e(  3 -  3) =     -4.63490  eV     1   --> A_1  D_1  S_1  
     e(  4 -  4) =     -4.60344  eV     1   --> B_1  D_3  S_3  
     e(  5 -  5) =     -3.26675  eV     1   --> B_2  D_4  S_4  
     e(  6 -  6) =     -3.18946  eV     1   --> A_2  D_2  S_2  
     e(  7 -  7) =     -1.88871  eV     1   --> B_2  D_4  S_4  
     e(  8 -  8) =      2.41101  eV     1   --> A_1  D_1  S_1  
     e(  9 -  9) =      3.29169  eV     1   --> B_2  D_4  S_4  

 **************************************************************************

 **************************************************************************

                    xk=(   0.01905,   0.01100,   0.00000  )

     Band symmetry, C_2v (mm2)  point group:

     e(  1 -  1) =     -8.79036  eV     1   --> A_1  D_1  S_1  
     e(  2 -  2) =     -5.08764  eV     1   --> A_1  D_1  S_1  
     e(  3 -  3) =     -4.62734  eV     1   --> A_1  D_1  S_1  
     e(  4 -  4) =     -4.61333  eV     1   --> B_1  D_3  S_3  
     e(  5 -  5) =     -3.22327  eV     1   --> B_2  D_4  S_4  
     e(  6 -  6) =     -3.18740  eV     1   --> A_2  D_2  S_2  
     e(  7 -  7) =     -1.94201  eV     1   --> B_2  D_4  S_4  
     e(  8 -  8) =      2.39435  eV     1   --> A_1  D_1  S_1  
     e(  9 -  9) =      3.27352  eV     1   --> B_2  D_4  S_4  

 **************************************************************************

 **************************************************************************

                    xk=(   0.00952,   0.00550,   0.00000  )

     Band symmetry, C_2v (mm2)  point group:

     e(  1 -  1) =     -8.80220  eV     1   --> A_1  D_1  S_1  
     e(  2 -  2) =     -5.09156  eV     1   --> A_1  D_1  S_1  
     e(  3 -  3) =     -4.62278  eV     1   --> A_1  D_1  S_1  
     e(  4 -  4) =     -4.61927  eV     1   --> B_1  D_3  S_3  
     e(  5 -  5) =     -3.19539  eV     1   --> B_2  D_4  S_4  
     e(  6 -  6) =     -3.18616  eV     1   --> A_2  D_2  S_2  
     e(  7 -  7) =     -1.97578  eV     1   --> B_2  D_4  S_4  
     e(  8 -  8) =      2.38436  eV     1   --> A_1  D_1  S_1  
     e(  9 -  9) =      3.26261  eV     1   --> B_2  D_4  S_4  

 **************************************************************************

 **************************************************************************

                    xk=(   0.00000,   0.00000,   0.00000  )

     point group D_6h(6/mmm)
     there are 12 classes
     the character table:

       E     2C6   2C3   C2    3C2'  3C2'' i     2S3   2S6   s_h   3s_d  3s_v 
A_1g   1.00  1.00  1.00  1.00  1.00  1.00  1.00  1.00  1.00  1.00  1.00  1.00
A_2g   1.00  1.00  1.00  1.00 -1.00 -1.00  1.00  1.00  1.00  1.00 -1.00 -1.00
B_1g   1.00 -1.00  1.00 -1.00  1.00 -1.00  1.00 -1.00  1.00 -1.00  1.00 -1.00
B_2g   1.00 -1.00  1.00 -1.00 -1.00  1.00  1.00 -1.00  1.00 -1.00 -1.00  1.00
E_1g   2.00  1.00 -1.00 -2.00  0.00  0.00  2.00  1.00 -1.00 -2.00  0.00  0.00
E_2g   2.00 -1.00 -1.00  2.00  0.00  0.00  2.00 -1.00 -1.00  2.00  0.00  0.00
A_1u   1.00  1.00  1.00  1.00  1.00  1.00 -1.00 -1.00 -1.00 -1.00 -1.00 -1.00
A_2u   1.00  1.00  1.00  1.00 -1.00 -1.00 -1.00 -1.00 -1.00 -1.00  1.00  1.00
B_1u   1.00 -1.00  1.00 -1.00  1.00 -1.00 -1.00  1.00 -1.00  1.00 -1.00  1.00
B_2u   1.00 -1.00  1.00 -1.00 -1.00  1.00 -1.00  1.00 -1.00  1.00  1.00 -1.00
E_1u   2.00  1.00 -1.00 -2.00  0.00  0.00 -2.00 -1.00  1.00  2.00  0.00  0.00
E_2u   2.00 -1.00 -1.00  2.00  0.00  0.00 -2.00  1.00  1.00 -2.00  0.00  0.00

     the symmetry operations in each class and the name of the first element:

     E        1
                                                                 
     2C6      5    6
                                                                 
     2C3      7    8
                                                                 
     C2       2
                                                                 
     3C2'     4   12   11
                                                                 
     3C2''    3    9   10
                                                                 
     i       13
                                                                 
     2S3     17   18
                                                                 
     2S6     19   20
                                                                 
     s_h     14
                                                                 
     3s_d    16   24   23
                                                                 
     3s_v    15   21   22
                                                                 

     Band symmetry, D_6h(6/mmm) point group:

     e(  1 -  1) =     -8.80615  eV     1   --> A_1g           
     e(  2 -  2) =     -5.09286  eV     1   --> A_1g           
     e(  3 -  4) =     -4.62125  eV     2   --> E_2g           
     e(  5 -  6) =     -3.18575  eV     2   --> E_1g           
     e(  7 -  7) =     -1.98737  eV     1   --> A_2u           
     e(  8 -  8) =      2.38103  eV     1   --> A_1g           
     e(  9 -  9) =      3.25898  eV     1   --> A_2u           

 **************************************************************************
 
     BANDS        :      2.00s CPU      2.44s WALL

 
   This run was terminated on:  17: 9:14  10Jul2025            

=------------------------------------------------------------------------------=
   JOB DONE.
=------------------------------------------------------------------------------=
